[ATTRIBUTES]
tileset tileset_default.txt
size 64 64
description """"""
[PLAYERS]
"Player 1" 0 0
"Player 2" 0 0
"Player 3" 0 0
"Player 4" 0 0
[RESOURCES]
landfill 0 17 11 4 4
landfill 0 26 12 4 4
landfill 0 14 28 4 4
oil  11 15 2 2
oil  25 16 2 2
oil  20 22 2 2
oil  3 4 2 2
oil  28 24 2 2
landfill 1 1 6 4 4
landfill 0 38 12 4 4
landfill 0 50 28 4 4
oil  53 15 2 2
oil  39 16 2 2
oil  44 22 2 2
oil  61 4 2 2
oil  36 24 2 2
landfill 4 63 6 4 4
landfill 0 17 53 4 4
landfill 0 26 52 4 4
landfill 0 14 36 4 4
oil  11 49 2 2
oil  25 48 2 2
oil  20 42 2 2
oil  3 60 2 2
oil  28 40 2 2
landfill 2 1 58 4 4
landfill 0 47 53 4 4
landfill 0 38 52 4 4
landfill 0 50 36 4 4
oil  53 49 2 2
oil  39 48 2 2
oil  44 42 2 2
oil  61 60 2 2
oil  36 40 2 2
landfill 3 63 58 4 4
landfill 4 48 10 4 4
[CONTENT]
dirGraN dirGraNE gra gra gra gra gra gra conGraNW conGraNE gra doodad4 gra dirGraW dir dirWatE wat wat wat wat wat wat dirWatW graDirNW dirGraSE doodad1 forGraW for for for forGraSE gra gra forGraSW for for for forGraE doodad1 dirGraSW graDirNE dirWatE wat wat wat wat wat wat dirWatW dir dirGraE gra doodad4 gra conGraNW conGraN graConSE con con con con con con con 
dir graDirSW dirGraN dirGraN dirGraNE gra conGraNW conGraN graConSE graConSW conGraNE dirGraNW dirGraN graDirSE dir watDirSW dirWatN dirWatN dirWatN dirWatN dirWatN dirWatN watDirSE graDirSW dirGraNE gra forGraW graForNW forGraS forGraSE gra gra gra gra forGraSW forGraS graForNE forGraE gra dirGraNW graDirSE watDirSW dirWatN dirWatN dirWatN dirWatN dirWatN dirWatN watDirSE dir graDirSW dirGraN dirGraNE conGraNW graConSE con con con con con con con con con 
dir dir dir dir graDirSW dirGraN conDirS dirConNE con con conGraE dirGraSW graDirNE dir dir dir dir dir dir dir dir graDirNW dirGraS dirGraS dirGraSE gra forGraSW forGraSE doodad3 dirGraNW dirGraN dirGraN dirGraN dirGraN dirGraNE doodad3 forGraSW forGraSE gra dirGraSW dirGraS dirGraS graDirNE dir dir dir dir dir dir dir dir graDirNW dirGraSE conGraW con con con con con con con con con con 
dir dir owNW owNE dir dir dir conDirW con con conGraE gra dirGraW dir graDirNW dirGraS graDirNE dir graDirNW dirGraS dirGraS dirGraSE gra gra doodad1 dirGraNW dirGraN dirGraN dirGraN graDirSE dir dir dir dir graDirSW dirGraN dirGraN dirGraN dirGraNE doodad1 gra gra dirGraSW dirGraS dirGraS graDirNE dir graDirNW dirGraS graDirNE dir dirGraE gra conGraW con con graConNW conGraS conGraS conGraS owNW owNE dirConNE con 
dir dir owSW owSE dir dir graDirNW conGraSW graConNE con graConSW conGraNE dirGraSW dirGraS dirGraSE gra dirGraSW dirGraS conGraNW conGraN conGraNE forGraNW forGraN forGraNE gra dirGraW dir watDirNW dirWatS dirWatS dirWatS dirWatS dirWatS dirWatS dirWatS dirWatS watDirNE dir dirGraE gra forGraNW forGraN forGraNE conGraNW conGraN conGraNE dirGraS dirGraSE gra dirGraSW dirGraS dirGraSE conGraNW graConSE con graConNW conGraSE dirGraNW dirGraN graDirSE owSW owSE conDirSW conDirS 
lfNW lfNE dir dir dir dir dirGraE gra conGraSW graConNE con conGraE gra doodad6 doodad6 gra gra conGraNW graConSE graConNW conGraSE forGraSW forGraS forGraSE dirGraNW graDirSE watDirNW dirWatSE wat wat wat wat wat wat wat wat dirWatSW watDirNE graDirSW dirGraNE forGraSW forGraS forGraSE conGraSW graConNE graConSW conGraNE gra gra doodad6 doodad6 gra conGraW con graConNW conGraSE gra dirGraW dir dir dir dir lfNW lfNE 
lfSW lfSE dirWatS dirWatS dirWatS watDirNE dirGraE gra gra conGraW con graConSW conGraN conGraNE doodad6 gra conGraNW graConSE graConNW conGraSE gra gra dirGraNW dirGraN graDirSE watDirNW dirWatSE wat wat wat wat wat wat wat wat wat wat dirWatSW watDirNE graDirSW dirGraN dirGraNE gra gra conGraSW graConNE graConSW conGraNE gra doodad6 conGraNW conGraN graConSE con conGraE gra gra dirGraW watDirNW dirWatS dirWatS dirWatS lfSW lfSE 
dirWatS dirWatSE wat dirWatNW dirWatN watDirSE graDirSW dirGraNE doodad1 conGraSW conGraS conGraS graConNE graConSW conGraN conGraN graConSE con conGraE doodad1 gra dirGraNW graDirSE watDirNW dirWatS dirWatSE wat wat wat wat wat wat wat wat wat wat wat wat dirWatSW dirWatS watDirNE graDirSW dirGraNE gra doodad1 conGraW con graConSW conGraN conGraN graConSE graConNW conGraS conGraS conGraSE doodad1 dirGraNW graDirSE watDirSW dirWatN dirWatNE wat dirWatSW dirWatS 
wat dirWatNW dirWatN watDirSE dir graDirNW dirGraS dirGraSE gra forGraNW forGraN forGraNE conGraW con con con con con conGraE gra dirGraNW graDirSE dir dir dirWatNE wat wat wat wat wat wat wat wat wat wat wat wat wat wat dirWatNW dir dir graDirSW dirGraNE gra conGraW dirConNW conDirS conDirS dirConNE con conGraE forGraNW forGraN forGraNE gra dirGraSW dirGraS graDirNE dir watDirSW dirWatN dirWatNE wat 
dirWatN watDirSE dir dir dir dirGraSE doodad3 gra gra forGraSW forGraS forGraSE conGraSW graConNE dirConNW conDirS conDirS dirConNE conGraE gra dirGraSW graDirNE dir dir dirWatE wat wat wat wat wat wat wat wat wat wat wat wat wat wat dirWatW dir dir graDirNW dirGraSE gra conGraW conDirE lfNW lfNE conDirW con conGraE forGraSW forGraS forGraSE gra gra doodad3 dirGraSW dir dir dir watDirSW dirWatN 
dir graDirNW dirGraS dirGraSE doodad6 gra gra conGraNW conGraN conGraN conGraN conGraN conGraN graConSE conDirE dir lfNW lfNE conGraE doodad3 gra dirGraSW graDirNE dir watDirSW dirWatN dirWatNE wat wat wat wat wat wat wat wat wat wat dirWatNW dirWatN watDirSE dir graDirNW dirGraSE gra doodad3 conGraW conDirE lfSW lfSE dirConSE con graConSW conGraN conGraN conGraN conGraN conGraNE gra gra doodad6 dirGraSW dirGraS graDirNE dir 
dirGraS forGraNW forGraN forGraNE gra doodad4 gra conGraW con con con con con con dirConSW conDirNE lfSW lfSE conGraE doodad1 doodad4 gra dirGraW dir dir lfNW lfNE dirWatN dirWatN dirWatN dirWatN dirWatN dirWatN dirWatN dirWatN dirWatN dirWatN lfNW lfNE dir dir dirGraE gra doodad4 doodad1 conGraW dirConSW conDirN dirConSE graConNW conGraS graConNE con con con con conGraE gra doodad4 gra forGraNW forGraN forGraNE dirGraS 
forGraN graForSE for forGraE gra conGraNW conGraN graConSE con con dirConNW conDirS conGraS graConNE con dirConSW conDirN dirConSE graConSW conGraN conGraN conGraN conGraN conDirN conDirNE lfSW lfSE conDirNW conDirN conDirNE dir dir dir dir conDirNW conDirN conDirNE lfSW lfSE conDirNW conDirN conGraN conGraN conGraN conGraN graConSE con con graConNW conGraSE doodad5 dirGraW conDirS dirConNE con con graConSW conGraN conGraNE gra forGraSW forGraS graForSW forGraN 
for forGraS forGraS conGraNW conGraN graConSE con dirConNW conDirS conDirS conDirSE dir dirGraE conGraSW conGraS graConNE con con con con con con con con dirConSW conDirN conDirN dirConSE con conDirE dir dir dir dir conDirW con dirConSW conDirN conDirN dirConSE con con con con con con con con conGraE gra gra dirGraW dir conDirSW conDirS conDirS dirConNE con graConSW conGraN conGraNE doodad1 forGraSW for 
conGraN conGraN conGraN graConSE dirConNW conDirS conDirS conDirSE dir dir owNW owNE dirGraE doodad2 gra conGraSW graConNE con con con graConNW conGraS conGraS conGraS conDirS dirConNE con con con dirConSW conDirN conDirN conDirN conDirN dirConSE con con con dirConNW conDirS conGraS conGraS conGraS graConNE con con con graConNW conGraSE gra dirGraNW graDirSE owNW owNE dir dir conDirSW conDirS conDirS dirConNE graConSW conGraN conGraN conGraN 
con con dirConNW conDirS conDirSE dirWatS dirWatS dirWatS dirWatS dirWatS owSW owSE graDirSW dirGraN dirGraNE doodad6 conGraW con con con conGraE forGraNW forGraNE dirGraW owNW owNE conDirS conDirS dirConNE con con con con con con dirConNW conDirS conDirS owNW owNE dirGraE forGraNW forGraNE conGraW con con con conGraE doodad6 dirGraNW graDirSE dir owSW owSE dirWatS dirWatS dirWatS dirWatS dirWatS conDirSW conDirS dirConNE con con 
con dirConNW conDirSE watDirNW dirWatSE wat wat wat wat wat dirWatW dir dir dir dirGraE gra conGraW con con con conGraE forGraSW forGraSE graDirSE owSW owSE dir dir conDirSW dirConNE con con con con dirConNW conDirSE dir dir owSW owSE graDirSW forGraSW forGraSE conGraW con con con conGraE gra dirGraW dir dir dir dirWatE wat wat wat wat wat dirWatSW watDirNE conDirSW dirConNE con 
conDirS conDirSE dir dirWatE wat wat wat wat wat wat dirWatSW dirWatS watDirNE dir dirGraE gra conGraSW graConNE con graConNW conGraSE gra dirGraW dir dir watDirNW dirWatS watDirNE dir conDirSW conDirS conDirS conDirS conDirS conDirSE dir watDirNW dirWatS watDirNE dir dir dirGraE gra conGraSW graConNE con graConNW conGraSE gra dirGraW dir watDirNW dirWatS dirWatSE wat wat wat wat wat wat dirWatW dir conDirSW conDirS 
dir dir dir dirWatSE wat wat wat wat wat wat wat wat dirWatSW watDirNE graDirSW dirGraNE doodad3 conGraW con conGraE gra doodad4 dirGraW dir watDirNW dirWatSE wat dirWatSW dirWatS dirWatS dirWatS dirWatS dirWatS dirWatS dirWatS dirWatS dirWatSE wat dirWatSW watDirNE dir dirGraE doodad4 gra conGraW con conGraE doodad3 dirGraNW graDirSE watDirNW dirWatSE wat wat wat wat wat wat wat wat dirWatSW dir dir dir 
dir dir dir wat wat wat wat wat wat wat wat wat dirWatNW watDirSE graDirNW dirGraSE gra conGraW con conGraE doodad1 doodad3 dirGraW watDirNW dirWatSE wat wat wat wat wat wat wat wat wat wat wat wat wat wat dirWatSW watDirNE dirGraE doodad3 doodad1 conGraW con conGraE gra dirGraSW graDirNE watDirSW dirWatNE wat wat wat wat wat wat wat wat wat dir dir dir 
dirWatS dirWatSE wat wat wat wat wat wat wat wat wat wat dirWatW dir dirGraE doodad1 gra conGraW con conGraE dirGraN dirGraN graDirSE dirWatE wat wat wat wat wat wat wat wat wat wat wat wat wat wat wat wat dirWatW graDirSW dirGraN dirGraN conGraW con conGraE gra doodad1 dirGraW dir dirWatE wat wat wat wat wat wat wat wat wat wat dirWatSW dirWatS 
wat wat wat wat wat wat wat wat wat wat wat dirWatNW watDirSE graDirNW dirGraSE gra gra conGraW dirConNW owNW owNE dir watDirNW dirWatSE wat wat wat dirWatNW dirWatN dirWatNE wat wat wat wat dirWatNW dirWatN dirWatNE wat wat wat dirWatSW watDirNE dir owNW owNE dirConNE conGraE gra gra dirGraSW graDirNE watDirSW dirWatNE wat wat wat wat wat wat wat wat wat wat wat 
wat wat wat wat wat wat wat wat dirWatNW dirWatN dirWatN watDirSE dir dirGraE doodad4 gra conGraNW graConSE conDirE owSW owSE dir dirWatE wat dirWatNW dirWatN dirWatN dir dir watDirSW dirWatN dirWatN dirWatN dirWatN watDirSE dir dir dirWatN dirWatN dirWatNE wat dirWatW dir owSW owSE conDirW graConSW conGraNE gra doodad4 dirGraW dir watDirSW dirWatN dirWatN dirWatNE wat wat wat wat wat wat wat wat 
wat wat dirWatNW dirWatN dirWatN dirWatN dirWatN dirWatN watDirSE dir graDirNW dirGraS dirGraS dirGraSE gra conGraNW graConSE con conDirE dir dir watDirNW dirWatSE wat dirWatW dir dir owNW owNE dir dir dir dir dir dir owNW owNE dir dir dirWatE wat dirWatSW watDirNE dir dir conDirW con graConSW conGraNE gra dirGraSW dirGraS dirGraS graDirNE dir watDirSW dirWatN dirWatN dirWatNE dirWatNW dirWatN dirWatNE wat wat 
dirWatN dirWatN watDirSE dir dir dir dir dir dir dir graDirSW dirGraNE gra conGraNW conGraN graConSE con dirConNW conDirSE dir dir dirWatE wat dirWatNW watDirSE dir conDirNW owSW owSE conDirN conDirNE dir dir conDirNW conDirN owSW owSE conDirNE dir watDirSW dirWatNE wat dirWatSW watDirNE dir conDirSW dirConNE con graConSW conGraN conGraNE gra dirGraNW graDirSE dir dir dir dir watDirSW watDirSE dir watDirSW dirWatN dirWatN 
dirGraS graDirNE dir graDirNW dirGraS conGraNW conDirN conDirN conDirN conDirN conDirN conGraN conGraN graConSE con con dirConNW conDirSE dir dir dir watDirSW dirWatN watDirSE dir dir conDirW con con con dirConSW conDirN conDirN dirConSE con con con conDirE dir dir watDirSW dirWatNE dirWatNW watDirSE dir dir conDirSW dirConNE con con graConSW conGraN conGraN conDirN conDirN conDirN conDirN conDirN conDirNE dir dir dir graDirNW dirGraS 
doodad4 dirGraSW dirGraS conGraNW conGraN graConSE dirConNW conDirS dirConNE con con con con con dirConNW conDirS conDirSE dir dir dir dir dir dir dir dir conDirNW dirConSE con con con con con con con con con con dirConSW conDirNE dir dir watDirSW watDirSE dir dir dir dir conDirSW conDirS dirConNE con con con con con dirConNW conDirS dirConNE dirConSW conDirN conGraNE dirGraS dirGraSE doodad4 
conGraN conGraN conGraN graConSE dirConNW conDirS conDirSE dir conDirSW dirConNE con con dirConNW lfNW lfNE dir dir dir watDirNW dirWatS dirWatS watDirNE dir dir conDirNW dirConSE graConNW conGraS conGraS graConNE graConNW conGraS conGraS graConNE graConNW conGraS conGraS graConNE dirConSW conDirNE dir dir dir dir watDirNW watDirNE dir dir dir lfNW lfNE dirConNE con con dirConNW conDirSE dir conDirSW conDirS dirConNE graConSW conGraN conGraN conGraN 
con con con con conDirE dir dir dir conDirNW dirConSE con dirConNW conDirSE lfSW lfSE dir dir watDirNW dirWatSE wat wat dirWatW dir dir conDirW con conGraE doodad2 doodad3 conGraSW conGraSE dirGraN dirGraN conGraSW conGraSE doodad3 doodad2 conGraW con conDirE dir dir watDirNW dirWatS dirWatSE dirWatSW watDirNE dir dir lfSW lfSE conDirSW dirConNE con dirConSW conDirNE dir dir dir conDirW con con con con 
conDirS conDirS conDirS conDirS conDirSE conDirNW conDirN conDirN dirConSE dirConNW conDirS conDirSE dir dir dir dir watDirNW dirWatSE wat wat dirWatNW watDirSE dir conDirNW dirConSE graConNW conGraSE dirGraNW dirGraN dirGraN graDirSE dir dir graDirSW dirGraN dirGraN dirGraNE conGraSW graConNE dirConSW conDirNE dir watDirSW dirWatNE wat wat dirWatSW watDirNE dir dir dir dir conDirSW conDirS dirConNE dirConSW conDirN conDirN conDirNE conDirSW conDirS conDirS conDirS conDirS 
dir dir graDirNW dirGraS graDirNE conDirSW dirConNE con con conDirE dir graDirNW dirGraS graDirNE dir watDirNW dirWatSE wat wat dirWatNW watDirSE dir dir conDirW con conGraE dirGraNW graDirSE dir harDirNW harDirN harDirNE harDirNW harDirN harDirNE dir graDirSW dirGraNE conGraW con conDirE dir dir watDirSW dirWatNE wat wat dirWatSW watDirNE dir graDirNW dirGraS graDirNE dir conDirW con con dirConNW conDirSE graDirNW dirGraS graDirNE dir dir 
dir graDirNW dirGraSE doodad4 dirGraW dir conDirW con con conDirE dir dirGraE doodad3 dirGraW dir dirWatE wat wat wat dirWatW dir dir conDirNW con con conGraE dirGraW dir dir harDirW hdir dirHarSW dirHarSE hdir harDirE dir dir dirGraE conGraW con con conDirNE dir dir dirWatE wat wat wat dirWatW dir dirGraE doodad3 dirGraW dir conDirW con con conDirE dir dirGraE doodad4 dirGraSW graDirNE dir 
dir graDirSW dirGraNE doodad4 dirGraW dir conDirW con con conDirE dir dirGraE doodad3 dirGraW dir dirWatE wat wat wat dirWatW dir dir conDirSW con con conGraE dirGraW dir dir harDirSW dirHarNE hdir hdir dirHarNW harDirSE dir dir dirGraE conGraW con con conDirSE dir dir dirWatE wat wat wat dirWatW dir dirGraE doodad3 dirGraW dir conDirW con con conDirE dir dirGraE doodad4 dirGraNW graDirSE dir 
dir dir graDirSW dirGraN graDirSE conDirNW dirConSE con con conDirE dir graDirSW dirGraN graDirSE dir watDirSW dirWatNE wat wat dirWatSW watDirNE dir dir conDirW con conGraE dirGraSW graDirNE dir dir harDirSW harDirS harDirS harDirSE dir dir graDirNW dirGraSE conGraW con conDirE dir dir watDirNW dirWatSE wat wat dirWatNW watDirSE dir graDirSW dirGraN graDirSE dir conDirW con con dirConSW conDirNE graDirSW dirGraN graDirSE dir dir 
conDirN conDirN conDirN conDirN conDirNE conDirSW conDirS conDirS dirConNE dirConSW conDirN conDirNE dir dir dir dir watDirSW dirWatNE wat wat dirWatSW watDirNE dir conDirSW dirConNE graConSW conGraNE dirGraSW dirGraS graDirNE dir dir dir graDirNW dirGraS dirGraS dirGraSE conGraNW graConSE dirConNW conDirSE dir watDirNW dirWatSE wat wat dirWatNW watDirSE dir dir dir dir conDirNW conDirN dirConSE dirConNW conDirS conDirS conDirSE conDirNW conDirN conDirN conDirN conDirN 
con con con con conDirE dir dir dir conDirSW dirConNE con dirConSW conDirNE lfNW lfNE dir dir watDirSW dirWatNE wat wat dirWatW dir dir conDirW con conGraE doodad2 doodad3 conGraNW conGraNE dirGraS dirGraS conGraNW conGraNE doodad3 doodad2 conGraW con conDirE dir dir watDirSW dirWatNE wat dirWatNW watDirSE dir dir lfNW lfNE conDirNW dirConSE con dirConNW conDirSE dir dir dir conDirW con con con con 
conGraS conGraS conGraS graConNE dirConSW conDirN conDirNE dir conDirNW dirConSE con con dirConSW lfSW lfSE dir dir dir watDirSW dirWatNE wat dirWatSW dir dir conDirSW dirConNE graConSW conGraN conGraN graConSE graConSW conGraN conGraN graConSE graConSW conGraN conGraN graConSE dirConNW conDirSE dir dir dir watDirSW dirWatN watDirSE dir dir dir lfSW lfSE dirConSE con con dirConSW conDirNE dir conDirNW conDirN dirConSE graConNW conGraS conGraS conGraS 
doodad4 dirGraNW dirGraN conGraSW conDirS dirConNE dirConSW conDirN dirConSE con con con con con dirConSW conDirN conDirNE dir dir watDirSW dirWatN dirWatN watDirSE dir dir conDirSW dirConNE con con con con con con con con con con dirConNW conDirSE dir dir dir dir dir dir dir dir conDirNW conDirN dirConSE con con con con con dirConSW conDirN dirConSE dirConNW conDirS conGraSE dirGraN dirGraNE doodad4 
dirGraN graDirSE dir graDirSW dirGraW conDirSW conDirS conDirS conDirS conDirS conDirS conGraS conGraS graConNE con con dirConSW conDirNE dir dir dir dir dir dir dir dir conDirW con con con dirConNW conDirS conDirS dirConNE con con con conDirE dir dir watDirNW dirWatS watDirNE dir dir dir conDirNW dirConSE con con graConNW conGraS conGraS conDirS conDirS conDirS conDirS conDirS conDirSE dirGraE graDirSE dir graDirSW dirGraN 
dirWatS dirWatS dirWatS dirWatS dirWatS watDirNE dir dir dir dir graDirNW dirGraSE gra conGraSW conGraS graConNE con dirConSW conDirNE dir dir dir watDirNW dirWatS watDirNE dir conDirSW owNW owNE conDirS conDirSE dir dir conDirSW conDirS owNW owNE conDirSE dir watDirNW dirWatSE wat dirWatW dir dir conDirNW dirConSE con graConNW conGraS conGraSE gra dirGraSW graDirNE dir dir dir dir watDirNW dirWatS dirWatS dirWatS dirWatS dirWatS 
wat wat wat wat wat dirWatSW dirWatS dirWatS watDirNE dir graDirSW dirGraN dirGraN dirGraNE gra conGraSW graConNE con conDirE dir dir dir dirWatE wat dirWatW dir dir owSW owSE dir dir dir dir dir dir owSW owSE dir dir dirWatE wat dirWatNW watDirSE dir dir conDirW con graConNW conGraSE gra dirGraNW dirGraN dirGraN graDirSE dir watDirNW dirWatS dirWatS dirWatSE wat wat wat wat wat 
wat wat wat wat wat wat wat wat dirWatSW dirWatS dirWatS watDirNE dir dirGraE doodad4 gra conGraSW graConNE conDirE owNW owNE dir dirWatE wat dirWatSW dirWatS dirWatS dir dir watDirNW dirWatS dirWatS dirWatS dirWatS watDirNE dir dir dirWatS dirWatS dirWatSE wat dirWatW dir owNW owNE conDirW graConNW conGraSE gra doodad4 dirGraW dir watDirNW dirWatS dirWatS dirWatSE wat wat wat wat wat wat wat wat 
wat wat wat wat wat wat wat wat wat wat wat dirWatSW watDirNE graDirSW dirGraNE gra gra conGraW dirConSW owSW owSE dir watDirSW dirWatNE wat wat wat dirWatSW dirWatS dirWatSE wat wat wat wat dirWatSW dirWatS dirWatSE wat wat wat dirWatNW watDirSE dir owSW owSE dirConSE conGraE gra gra dirGraNW graDirSE watDirNW dirWatSE wat wat wat wat wat wat wat wat wat wat wat 
dirWatN dirWatNE wat wat wat wat wat wat wat wat wat wat dirWatW dir dirGraE doodad1 gra conGraW con conGraE dirGraS dirGraS graDirNE dirWatE wat wat wat wat wat wat wat wat wat wat wat wat wat wat wat wat dirWatW graDirNW dirGraS dirGraS conGraW con conGraE gra doodad1 dirGraW dir dirWatE wat wat wat wat wat wat wat wat wat wat dirWatNW dirWatN 
dir dir dir wat wat wat wat wat wat wat wat wat dirWatSW watDirNE graDirSW dirGraNE gra conGraW con conGraE doodad1 doodad3 dirGraW watDirSW dirWatNE wat wat wat wat wat wat wat wat wat wat wat wat wat wat dirWatNW watDirSE dirGraE doodad3 doodad1 conGraW con conGraE gra dirGraNW graDirSE watDirNW dirWatSE wat wat wat wat wat wat wat wat wat dir dir dir 
dir dir dir dirWatNE wat wat wat wat wat wat wat wat dirWatNW watDirSE graDirNW dirGraSE doodad3 conGraW con conGraE gra doodad4 dirGraW dir watDirSW dirWatNE wat dirWatNW dirWatN dirWatN dirWatN dirWatN dirWatN dirWatN dirWatN dirWatN dirWatNE wat dirWatNW watDirSE dir dirGraE doodad4 gra conGraW con conGraE doodad3 dirGraSW graDirNE watDirSW dirWatNE wat wat wat wat wat wat wat wat dirWatNW dir dir dir 
conDirN conDirNE dir dirWatE wat wat wat wat wat wat dirWatNW dirWatN watDirSE dir dirGraE gra conGraNW graConSE con graConSW conGraNE gra dirGraW dir dir watDirSW dirWatN watDirSE dir conDirNW conDirN conDirN conDirN conDirN conDirNE dir watDirSW dirWatN watDirSE dir dir dirGraE gra conGraNW graConSE con graConSW conGraNE gra dirGraW dir watDirSW dirWatN dirWatNE wat wat wat wat wat wat dirWatW dir conDirNW conDirN 
con dirConSW conDirNE watDirSW dirWatNE wat wat wat wat wat dirWatW dir dir dir dirGraE gra conGraW con con con conGraE forGraNW forGraNE graDirNE owNW owNE dir dir conDirNW dirConSE con con con con dirConSW conDirNE dir dir owNW owNE graDirNW forGraNW forGraNE conGraW con con con conGraE gra dirGraW dir dir dir dirWatE wat wat wat wat wat dirWatNW watDirSE conDirNW dirConSE con 
con con dirConSW conDirN conDirNE dirWatN dirWatN dirWatN dirWatN dirWatN owNW owNE graDirNW dirGraS dirGraSE doodad6 conGraW con con con conGraE forGraSW forGraSE dirGraW owSW owSE conDirN conDirN dirConSE con con con con con con dirConSW conDirN conDirN owSW owSE dirGraE forGraSW forGraSE conGraW con con con conGraE doodad6 dirGraSW dirGraS graDirNE owNW owNE dirWatN dirWatN dirWatN dirWatN dirWatN conDirNW conDirN dirConSE con con 
conGraS conGraS conGraS graConNE dirConSW conDirN conDirN conDirNE dir dir owSW owSE dirGraE doodad2 gra conGraNW graConSE con con con graConSW conGraN conGraN conGraN conDirN dirConSE con con con dirConNW conDirS conDirS conDirS conDirS dirConNE con con con dirConSW conDirN conGraN conGraN conGraN graConSE con con con graConSW conGraNE gra doodad2 dirGraW owSW owSE dir dir conDirNW conDirN conDirN dirConSE graConNW conGraS conGraS conGraS 
gra doodad1 gra conGraSW conGraS graConNE con dirConSW conDirN conDirN conDirNE dir dirGraE conGraNW conGraN graConSE con con con con con con con con dirConNW conDirS conDirS dirConNE con conDirE dir dir dir dir conDirW con dirConNW conDirS conDirS dirConNE con con con con con con con con graConSW conGraN conGraNE dirGraW dir conDirNW conDirN conDirN dirConSE con graConNW conGraS conGraSE doodad1 forGraNW for 
doodad1 forGraNW forGraNE doodad1 gra conGraSW conGraS graConNE con con dirConSW conDirN conGraN graConSE con dirConNW conDirS dirConNE graConNW conGraS conGraS conGraS conGraS conDirS conDirSE lfNW lfNE conDirSW conDirS conDirSE dir dir dir dir conDirSW conDirS conDirSE lfNW lfNE conDirSW conDirS conGraS conGraS conGraS conGraS graConNE dirConNW conDirS dirConNE con graConSW conGraN conDirN dirConSE con con graConNW conGraS conGraSE gra forGraNW forGraN graForNW forGraS 
dirGraN forGraSW forGraSE gra gra doodad4 gra conGraW con con con con con con dirConNW conDirSE lfNW lfNE conGraE doodad1 doodad4 gra dirGraW dir dir lfSW lfSE dirWatS dirWatS dirWatS dirWatS dirWatS dirWatS dirWatS dirWatS dirWatS dirWatS lfSW lfSE dir dir dirGraE gra doodad4 doodad1 conGraW lfNW lfNE conDirSW dirConNE con con con con con con conGraE gra doodad4 gra forGraSW forGraS forGraSE dirGraN 
dir graDirSW dirGraN dirGraNE doodad6 gra gra conGraSW conGraS conGraS conGraS conGraS conGraS graConNE conDirE dir lfSW lfSE conGraE doodad3 gra dirGraNW graDirSE dir watDirNW dirWatS dirWatSE wat wat wat wat wat wat wat wat wat wat dirWatSW dirWatS watDirNE dir graDirSW dirGraNE gra doodad3 conGraW lfSW lfSE dir conDirW graConNW conGraS conGraS conGraS conGraS conGraS conGraSE gra gra doodad6 dirGraNW dirGraN graDirSE dir 
dirWatS watDirNE dir dir dir dirGraNE doodad3 gra gra forGraNW forGraN forGraNE conGraNW graConSE dirConSW conDirN conDirN dirConSE conGraE gra dirGraNW graDirSE dir dir dirWatE wat wat wat wat wat wat wat wat wat wat wat wat wat wat dirWatW dir dir graDirSW dirGraNE gra conGraW dirConSW conDirN conDirN dirConSE graConSW conGraNE forGraNW forGraN forGraNE gra gra doodad3 dirGraNW dir dir dir watDirNW dirWatS 
wat dirWatSW dirWatS watDirNE dir graDirSW dirGraN dirGraNE gra forGraSW forGraS forGraSE conGraW con con con con con conGraE gra dirGraSW graDirNE dir dir dirWatSE wat wat wat wat wat wat wat wat wat wat wat wat wat wat dirWatSW dir dir graDirNW dirGraSE gra conGraW con con con con con conGraE forGraSW forGraS forGraSE gra dirGraNW dirGraN graDirSE dir watDirNW dirWatS dirWatSE wat 
dirWatN dirWatNE wat dirWatSW dirWatS watDirNE graDirNW dirGraSE doodad1 conGraNW conGraN conGraN graConSE graConNW conGraS conGraS graConNE con conGraE doodad1 gra dirGraSW graDirNE watDirSW dirWatN dirWatNE wat wat wat wat wat wat wat wat wat wat wat wat dirWatNW dirWatN watDirSE graDirNW dirGraSE gra doodad1 conGraW con graConNW conGraS conGraS graConNE graConSW conGraN conGraN conGraNE doodad1 dirGraSW graDirNE watDirNW dirWatS dirWatSE wat dirWatNW dirWatN 
lfNW lfNE dirWatN dirWatN dirWatN watDirSE dirGraE gra gra conGraW con graConNW conGraS conGraSE doodad6 gra conGraSW graConNE graConSW conGraNE gra gra dirGraSW dirGraS graDirNE watDirSW dirWatNE wat wat wat wat wat wat wat wat wat wat dirWatNW watDirSE graDirNW dirGraS dirGraSE gra gra conGraNW graConSE graConNW conGraSE gra doodad6 conGraSW conGraS graConNE con conGraE gra gra dirGraW watDirSW dirWatN dirWatN dirWatN lfNW lfNE 
lfSW lfSE dir dir dir dir dirGraE gra conGraNW graConSE con conGraE gra doodad6 doodad6 gra gra conGraSW graConNE graConSW conGraNE forGraNW forGraN forGraNE dirGraSW graDirNE watDirSW dirWatNE wat wat wat wat wat wat wat wat dirWatNW watDirSE graDirNW dirGraSE forGraNW forGraN forGraNE conGraNW graConSE graConNW conGraSE gra gra doodad6 doodad6 gra conGraW con graConSW conGraNE gra dirGraW dir dir dir dir lfSW lfSE 
conDirN conDirNE owNW owNE graDirNW dirGraS dirGraSE conGraNW graConSE con graConNW conGraSE dirGraNW dirGraN dirGraNE gra dirGraNW dirGraN conGraSW conGraS conGraSE forGraSW forGraS forGraSE gra dirGraW dir watDirSW dirWatN dirWatN dirWatN dirWatN dirWatN dirWatN dirWatN dirWatN watDirSE dir dirGraE gra forGraSW forGraS forGraSE conGraSW conGraS conGraSE dirGraN dirGraNE gra dirGraNW dirGraN dirGraNE conGraSW graConNE con graConSW conGraNE dirGraSW dirGraS graDirNE owNW owNE conDirNW conDirN 
con dirConSW owSW owSE conGraN conGraN conGraN graConSE con con conGraE gra dirGraW dir graDirSW dirGraN graDirSE dir graDirSW dirGraN dirGraN dirGraNE gra gra doodad1 dirGraSW dirGraS dirGraS dirGraS graDirNE dir dir dir dir graDirNW dirGraS dirGraS dirGraS dirGraSE doodad1 gra gra dirGraNW dirGraN dirGraN graDirSE dir graDirSW dirGraN graDirSE dir dirGraE gra conGraW con con graConSW conGraN conGraN conGraN owSW owSE dirConSE con 
con con con con con con con con con con conGraE dirGraNW graDirSE dir dir dir dir dir dir dir dir graDirSW dirGraN dirGraN dirGraNE gra forGraNW forGraNE doodad3 dirGraSW dirGraS dirGraS dirGraS dirGraS dirGraSE doodad3 forGraNW forGraNE gra dirGraNW dirGraN dirGraN graDirSE dir dir dir dir dir dir dir dir graDirSW dirGraNE conGraW con con con con con con con con con con 
con con con con con con con con con graConNW conGraSE dirGraSW dirGraS graDirNE dir watDirNW dirWatS dirWatS dirWatS dirWatS dirWatS dirWatS watDirNE graDirNW dirGraSE gra forGraW graForSW forGraN forGraNE gra gra gra gra forGraNW forGraN graForSE forGraE gra dirGraSW graDirNE watDirNW dirWatS dirWatS dirWatS dirWatS dirWatS dirWatS watDirNE dir graDirNW dirGraS dirGraSE conGraSW graConNE con con con con con con con con con 
con con con con con con con graConNW conGraS conGraSE gra doodad4 gra dirGraW dir dirWatE wat wat wat wat wat wat dirWatW graDirSW dirGraNE doodad1 forGraW for for for forGraNE gra gra forGraNW for for for forGraE doodad1 dirGraNW graDirSE dirWatE wat wat wat wat wat wat dirWatW dir dirGraE gra doodad4 gra conGraSW conGraS graConNE con con con con con con con 
