[ATTRIBUTES]
tileset tileset_default.txt
size 64 64
description """"
[PLAYERS]
"Player 1" 0 0
"Player 2" 0 0
[RESOURCES]
oil  29 20 4 4
oil  37 32 4 4
oil  63 33 4 4
oil  25 53 4 4
oil  1 58 4 4
oil  41 21 4 4
oil  63 14 4 4
landfill 0 49 36 4 4
landfill 0 62 36 4 4
landfill 2 62 48 4 4
landfill 0 3  56 4 4
landfill 0 10 29 4 4
landfill 0 25 35 4 4
landfill 0 36 24 4 4
landfill 0 37 8  4 4
landfill 0 50 50 4 4
landfill 1 4  3  4 4
landfill 0 23 9  4 4
landfill 0 11 6  4 4
landfill 0 5  45 4 4
landfill 0 5  26 4 4
landfill 2 35 3  4 4
landfill 2 55 3  4 4
landfill 2 34 61 4 4
oil  41 56 4 4
oil  34 51 4 4
oil  7 8 4 4
oil  1 45 4 4
oil  1 25 4 4
oil  60 1 4 4
oil  10 1 4 4
oil  18 33 4 4
[CONTENT]
dir dir dir dir dir harDirNW dirHarSE harDirE dir owNW owNE dir harDirW hdir harDirE dir dir dir dir dir doodad11 con con con con dirGraS dirGraSE graForSE for for forGraE dirGraW dir dir lfNW lfNE dir graDirNW dirGraSE forGraNW forGraN forGraN graForSE for for forGraE gra gra conGraW con con con conDirE dir dir dir dir dir dir owNW owNE dir dir dirGraE 
harDirN harDirNE dir lfNW lfNE harDirW hdir harDirE dir owSW owSE dir harDirW hdir harDirE dir dir conDirNW doodad13 doodad13 dirConSE con graConNW conGraS conGraSE forGraNW graForSE for graForNW forGraS forGraSE conGraNW conDirNE dir lfSW lfSE dir dirGraE gra forGraW for for for for graForNW forGraSE gra gra conGraW con con dirConNW conDirSE dir lfNW lfNE dir dir dir owSW owSE dir conDirNW con 
hdir dirHarSW harDirNE lfSW lfSE harDirW hdir dirHarSW harDirNE dir harDirNW harDirN dirHarNW harDirS harDirSE dir conDirNW dirConSE con con graConNW conGraS conGraSE forGraNW forGraN graForSE for graForNW forGraSE gra conGraNW graConSE dirConSW conDirN graConNW dirGraS dirGraS dirGraSE gra forGraW for graForNW graForNE for forGraE gra gra gra conGraW con dirConNW conDirSE dir dir lfSW lfSE dir dir dir dir conDirNW conDirN dirConSE con 
hdir hdir dirHarSW harDirN harDirN dirHarSE hdir hdir dirHarSW harDirN dirHarSE dirHarNW harDirSE dir conDirNW doodad13 dirConSE graConNW conGraS conGraS conGraSE forGraNW forGraN graForSE for graForNW forGraS forGraSE gra conGraNW graConSE con con graConNW conGraSE gra gra gra doodad2 forGraW for forGraE forGraSW forGraS forGraSE gra gra conGraNW graConSE con conDirE dir dir doodad9 conDirNW conDirNE dir dir dir conDirNW dirConSE con con con 
hdir hdir hdir hdir hdir hdir hdir dirHarNW harDirS harDirS harDirS harDirSE dir conDirNW dirConSE con con conGraE gra forGraNW forGraN graForSE for graForNW forGraS forGraSE doodad2 gra gra conGraW con con graConNW conGraSE gra doodad2 gra gra gra forGraW for forGraE gra gra gra gra conGraNW graConSE con con dirConSW conDirN conDirN conDirN dirConSE dirConSW conDirN conDirN conDirN dirConSE con con con con 
hdir hdir hdir hdir dirHarNW harDirS harDirS harDirSE dir dir lfNW lfNE dir doodad11 con con graConNW conGraSE gra forGraW for for for forGraE gra gra gra gra conGraNW graConSE con con conGraE gra gra gra dirGraNW dirGraN dirGraNE forGraSW forGraS forGraSE gra gra conGraNW conGraN graConSE con con con con con con con con con con con con graConNW conGraS conGraS conGraS conGraS 
hdir dirHarNW harDirS harDirS harDirSE dir dir dir dir dir lfSW lfSE conDirNW dirConSE con con graConSW conGraNE gra forGraSW forGraS forGraS forGraS forGraSE dirGraN dirGraNE doodad4 conGraNW graConSE con con graConNW conGraSE gra dirGraNW dirGraN graDirSE dir dirGraE gra gra gra gra conGraNW graConSE con con con con con con con con con con graConNW conGraS conGraS conGraS conGraSE gra gra gra gra 
hdir harDirE dir dir dir dir owNW owNE dir dir dir conDirNW dirConSE con con con con conGraE doodad4 gra gra dirGraNW dirGraN graDirSE doodad9 graDirSW dirGraNE conGraW con con con conGraE gra gra dirGraW dir lfNW lfNE dirGraE doodad3 gra gra conGraNW graConSE con con con con con con con con graConNW conGraS conGraS conGraSE gra forGraNW forGraN forGraN forGraN forGraNE gra gra 
harDirS harDirSE dir dir dir dir owSW owSE dir dir conDirNW dirConSE con con con con con graConSW conGraN conGraNE dirGraNW graDirSE lfNW lfNE dir dir graDirSW conGraW con con graConNW conGraSE gra gra dirGraW dir lfSW lfSE dirGraE gra gra conGraNW graConSE con con con con con con con con graConNW conGraSE gra gra gra gra forGraW for for for forGraE gra gra 
dir dir dir conDirNW doodad13 doodad13 doodad13 doodad13 doodad13 doodad13 dirConSE graConNW conGraS conGraS graConNE con con con con graConSW conGraN doodad13 lfSW lfSE conDirN doodad13 doodad13 dirConSE con con conGraE gra gra gra dirGraW dir dir graDirNW dirGraSE gra gra conGraW con con con con con con con graConNW conGraS conGraSE gra gra gra forGraNW forGraN graForSE for graForNW forGraS dirGraNW dirGraN dirGraN 
dir conDirNW doodad13 dirConSE con con con con con con con conGraE gra gra conGraSW conGraS doodad12 dirConNE con con con con dirConSW dirConSE con con con con con con graConSW conGraNE dirGraN dirGraN graDirSE dir graDirNW dirGraSE gra gra conGraNW graConSE con con con con graConNW conGraS conGraS conGraSE gra gra gra gra doodad2 forGraW for graForNW forGraS dirGraNW dirGraN graDirSE dir dir 
dir conDirW con con con con con con graConNW conGraS conGraS conGraSE forGraN forGraNE gra dirGraW dir doodad11 con con dirConNW doodad12 doodad12 doodad12 doodad12 dirConNE con con con con con doodad10 dir doodad7 dir dir graDirSW dirGraN dirGraN conGraNW graConSE con con con graConNW conGraS conGraSE gra gra dirGraNW dirGraN dirGraNE gra gra gra forGraSW forGraS forGraSE gra dirGraW harDirNW harDirN harDirNE dir 
conDirN dirConSE con con con graConNW conGraS conGraS conGraSE gra gra forGraW for forGraE gra dirGraW conDirNW dirConSE con con conGraE graDirNE dir graDirNW graDirNE conDirSW doodad12 doodad12 doodad12 doodad12 dirConNE doodad10 dir dir doodad8 dir dir doodad9 dir doodad11 con con con con conGraE gra gra gra dirGraNW graDirSE dir dirGraE gra forGraNW forGraN forGraNE gra dirGraNW dirGraN graDirSE harDirW dirHarNW harDirSE dir 
con con con con graConNW conGraSE gra gra gra forGraNW forGraN graForSE for forGraE dirGraNW graDirSE doodad11 con con con conGraE dirGraSW dirGraS dirGraSE dirGraSW dirGraS dirGraS dirGraS graDirNE dir doodad11 dirConSW conDirN conDirNE dir dir dir dir conDirNW dirConSE con con con con conGraE dirGraN dirGraNE gra dirGraW dir graDirNW dirGraSE gra forGraW for forGraE dirGraNW graDirSE harDirNW harDirN dirHarSE harDirE owNW owNE 
con conGraS conGraS conGraS conGraSE gra gra forGraNW forGraN graForSE for graForNW forGraS forGraSE dirGraW dir doodad11 con graConNW conGraS conGraSE forGraNW forGraN forGraN forGraNE gra gra doodad4 dirGraW dir conDirSW doodad12 dirConNE dirConSW doodad13 doodad13 doodad13 doodad13 dirConSE con con con con con doodad10 dir graDirSW dirGraNE dirGraSW dirGraS dirGraSE forGraNW forGraN forGraNE forGraS dirGraNW graDirSE harDirNW dirHarSE hdir hdir harDirE owSW owSE 
dirGraSE gra gra gra forGraNW forGraN forGraN graForSE for graForNW forGraS forGraSE gra gra conGraNW doodad13 dirConSE graConNW conGraSE gra forGraNW graForSE for for graForSW forGraN forGraNE gra dirGraSW graDirNE dir dir conDirSW dirConNE con con con con con con con con con con doodad10 dir dir graDirSW dirGraNE gra gra forGraW for forGraE gra dirGraW dir harDirW hdir dirHarNW harDirS harDirSE dir dir 
gra gra forGraNW forGraN graForSE for for graForNW forGraS forGraSE gra gra conGraNW conGraN graConSE con graConNW conGraSE forGraNW forGraN graForSE for for graForNW graForNE for forGraE dirGraNW dirGraN graDirSE harDirN harDirNE dir doodad11 con con con con con con con con con con dirConSW conDirNE dir dir graDirSW dirGraN dirGraNE forGraSW forGraS forGraSE gra dirGraW dir harDirSW harDirS harDirSE dir dir dir dir 
gra forGraNW graForSE for for for graForNW forGraSE gra gra conGraNW conGraN graConSE con con con conGraE forGraNW graForSE for for graForNW graForNE graForSW forGraNE forGraS forGraSE dirGraW dir harDirW hdir harDirE dir conDirSW doodad12 dirConNE con con con con con con con con con dirConSW conDirNE dir dir dir graDirSW dirGraNE doodad2 gra gra dirGraSW graDirNE dir dir graDirNW dirGraS dirGraS dirGraS dirGraS 
forGraN graForSE for for for for forGraE doodad1 gra gra conGraW graConNW conGraS conGraS conGraS conGraS conGraSE forGraW for for for forGraE forGraW for forGraE gra dirGraNW graDirSE dir harDirSW dirHarNE dirHarSW harDirN harDirN harDirNE conDirSW doodad12 doodad12 doodad12 doodad12 dirConNE con con con con con dirConSW doodad13 conDirNE dir dir dirGraE gra gra gra doodad4 dirGraSW dirGraS dirGraS dirGraSE forGraNW forGraN forGraN forGraNE 
for for for for for for forGraE gra gra conGraNW graConSE conGraSE forGraNW forGraN forGraNE gra gra forGraSW forGraS forGraS forGraS forGraSE forGraSW forGraS forGraSE gra dirGraW dir owNW owNE harDirW hdir hdir hdir dirHarSW dirHarSE hdir dirHarSW harDirNE dir conDirSW dirConNE con con con con con con dirConSW conDirNE dir dirGraE gra gra gra gra gra gra forGraNW forGraN graForSE for for graForSW 
forGraS graForNE for graForNW forGraS forGraS forGraSE gra conGraNW graConSE conGraSE gra forGraW for graForSW forGraN forGraNE gra doodad3 gra gra gra gra dirGraNW dirGraN dirGraN graDirSE dir owSW owSE harDirW dirHarNW harDirS harDirS harDirS hdir hdir hdir dirHarSW harDirNE owNW owNE con con con con con con con doodad10 dir dirGraE gra gra gra gra gra gra forGraW for for for for for 
dirGraN forGraSW forGraS forGraSE doodad2 conGraNW conGraN conGraN graConSE conGraE gra doodad2 forGraSW forGraS graForNE for forGraE gra gra dirGraNW dirGraN dirGraN dirGraN graDirSE dir dir harDirNW harDirN harDirN harDirN dirHarSE harDirSE doodad7 dir dir harDirW hdir hdir hdir harDirE owSW owSE dirConNE con con con con con con doodad10 dir dirGraE gra gra gra gra forGraNW forGraN graForSE for for for for graForNW 
dir graDirSW conGraNW conGraN conGraN graConSE con con con conGraE gra gra gra gra forGraSW dirGraNW dirGraN dirGraN dirGraN graDirSE dir dir dir dir dir dir harDirW hdir hdir hdir harDirE dir dir harDirNW harDirN dirHarSE harDirS dirHarNE hdir dirHarSW harDirNE conDirNW dirConSE con con con con dirConNW doodad12 conDirSE graDirNW dirGraSE gra gra forGraNW forGraN graForSE for for for for for for forGraE 
dir dir conDirSW dirConNE con con con con con graConSW conGraN dirGraN dirGraN dirGraN dirGraN graDirSE dir dir dir dir dir doodad8 dir harDirNW harDirN harDirN dirHarSE hdir dirHarNW harDirS harDirSE dir harDirNW dirHarSE dirHarNW lfNW lfNE harDirW hdir hdir harDirE doodad11 con con con con dirConNW conDirSE dir dir dirGraE gra gra gra forGraW for for for for for for for for forGraE 
owNW owNE dir conDirSW conDirS dirConNE con con con dirConNW conDirSE dir dir dir doodad8 dir dir dir dir dir dir harDirNW harDirN dirHarSE hdir dirHarNW harDirS harDirS harDirSE dirGraS dirGraS graDirNE harDirSW dirHarNE harDirE lfSW lfSE harDirW hdir dirHarNW harDirSE dirConSE con con con con doodad10 dir dir graDirNW dirGraSE gra gra gra forGraSW forGraS graForNE for for for for for graForNW forGraSE 
owSW owSE dir dir lfNW lfNE con con con doodad10 dir dir dir dir dir harDirNW harDirNE dir harDirNW harDirN harDirN dirHarSE hdir dirHarNW harDirS harDirSE dirGraS dirGraSE gra doodad4 gra dirGraW dir harDirW dirHarSW harDirN harDirN dirHarSE dirHarNW harDirSE doodad11 con con con con dirConNW conDirSE graDirNW dirGraS dirGraSE gra gra gra gra forGraNW forGraN graForSE for for for graForNW forGraS forGraSE gra 
graDirNE dir dir dir lfSW lfSE con dirConNW doodad12 conDirSE dir dir harDirNW harDirN harDirN dirHarSE harDirSE dir harDirSW dirHarNE hdir hdir doodad12 doodad12 graDirNW dirGraSE doodad4 gra doodad4 doodad1 gra dirGraW dir harDirW hdir hdir hdir dirHarNW harDirSE conDirSW dirConNE con con con con doodad10 dir dirGraE gra gra gra gra forGraNW forGraN graForSE for for for graForNW forGraS forGraSE gra dirGraNW dirGraN 
dirGraSW dirGraS dirGraS gra conGraW con con doodad10 dir dir dir dir harDirSW dirHarNE hdir harDirE dir dir dir harDirW hdir hdir harDirE dir dirGraE gra gra gra gra dirGraN dirGraN harDirNW harDirN dirHarSE hdir hdir dirHarNW harDirSE dir dir doodad11 con con con con doodad10 dir dirGraE gra gra gra gra forGraW for graForNW graForNE for graForNW forGraSE gra gra dirGraNW graDirSE dir 
forGraN forGraNE doodad6 gra conGraSW graConNE con doodad10 dir lfNW lfNE dir dir harDirSW dirHarNE dirHarSW harDirN harDirN harDirN dirHarSE hdir hdir dirHarSW harDirNE graDirSW dirGraN dirGraN harDirNW harDirN harDirN harDirN dirHarSE hdir hdir dirHarNW harDirS harDirSE dir doodad8 dir conDirSW dirConNE con con con dirConSW conGraE dirGraSE gra gra gra gra forGraW for forGraE forGraW for forGraE gra gra gra dirGraW dir dir 
for graForSW forGraN forGraNE gra conGraW con doodad10 dir lfSW lfSE conDirN conDirNE dir harDirSW harDirS harDirS harDirS harDirS dirHarNE hdir hdir hdir dirHarSW harDirN harDirN harDirN dirHarSE hdir hdir hdir hdir hdir dirHarNW harDirSE dir dir dir doodad9 dir conDirNW dirConSE con con con con graConSW conGraN conGraNE gra gra gra forGraW for forGraE forGraSW forGraS forGraSE gra dirGraNW dirGraN graDirSE harDirNW harDirN 
for for for forGraE gra conGraSW graConNE dirConSW doodad13 doodad13 dirConSE con doodad10 dir dir dir dir dir dir harDirSW harDirS harDirS harDirS dirHarNE hdir hdir hdir hdir hdir hdir hdir dirHarNW harDirS harDirSE dir dir doodad8 dir dir dir doodad11 con con con con con con con conGraE gra gra gra forGraSW forGraS forGraSE gra gra gra dirGraNW graDirSE harDirNW harDirN dirHarSE hdir 
for for for graForSW forGraN forGraNE conGraSW conGraS graConNE con con con dirConSW conDirNE dir dir doodad9 dir dir dir dir dir dir harDirW hdir hdir hdir hdir hdir dirHarNW harDirS harDirSE dir dir dir dir owNW owNE dir dir conDirW con con con con con con con graConSW conGraN conGraNE gra gra gra gra gra doodad3 gra dirGraW dir harDirW hdir dirHarNW harDirS 
for for for for for forGraE gra gra conGraSW graConNE con con con dirConSW conDirNE dir dir owNW owNE dir doodad9 dir dir harDirSW harDirS harDirS harDirS harDirS harDirS harDirSE dir dir dir dir doodad7 dir owSW owSE conDirNW doodad13 dirConSE con con graConNW conGraS conGraS graConNE con con con graConSW conGraN conGraN conGraN conGraNE gra gra gra dirGraW dir harDirSW harDirS owNW owNE 
graForNE for for for for graForSW forGraN forGraNE gra conGraSW graConNE con con con dirConSW conDirNE dir owSW owSE dir doodad9 doodad7 doodad7 dir dir doodad8 dir dir dir dir dir conDirNW doodad13 doodad13 doodad13 doodad13 doodad13 doodad13 dirConSE con con con graConNW conGraSE dirGraNW graDirSE dir conDirS dirConNE con con con con con conGraE doodad6 gra gra dirGraW dir dir dir owSW owSE 
graForSE for for graForNW graForNE for for graForSW forGraN forGraNE conGraW con con con con dirConSW doodad13 conDirNE dir dir dir dir doodad9 dir lfNW lfNE dir dir dir dir conDirNW dirConSE con con con con con con con con con graConNW conGraSE doodad3 dirGraSW graDirNE dir dir conDirSW doodad12 doodad12 dirConNE con con graConSW conGraNE gra gra dirGraSW dirGraS graDirNE dir dir dir 
for for for graForSW graForSE for for for for forGraE conGraW con con con con con con dirConSW doodad13 conDirNE dir dir dir dir lfSW lfSE dir dir conDirNW doodad13 dirConSE con con con con con con con con con graConNW conGraSE gra doodad4 doodad3 dirGraSW graDirNE dir lfNW lfNE dir doodad11 con con con graConSW conGraN conGraNE gra gra dirGraW dir lfNW lfNE 
for graForNW graForNE for for for for for for forGraE conGraSW conGraS conGraS conGraS conGraS graConNE con con con dirConSW conDirNE dir dir dir dir conDirNW conDirN doodad13 dirConSE con con con con con con con con con con con conGraE doodad4 gra gra gra gra dirGraW harDirSE lfSW lfSE dir doodad11 con con con con con conGraE gra gra dirGraW dir lfSW lfSE 
for graForSW graForSE for for for for for graForNW forGraSE gra gra gra gra gra conGraW con con con con dirConSW doodad13 doodad13 doodad13 doodad13 dirConSE con con con con con con con con con con con con con con doodad10 dirGraN dirGraN dirGraN gra doodad1 dirGraW dir dir dir dir doodad11 con con con con con conGraE gra doodad6 dirGraSW graDirNE harDirNW harDirN 
for for for for for for for for graForSW forGraNE gra gra gra gra gra conGraSW graConNE con con con con con con con con con con con con con con graConNW conGraS conGraS conGraS conGraS conGraS graConNE con con dirConSW doodad13 doodad13 conDirNE graDirSW dirGraN graDirSE conDirNW doodad13 doodad13 doodad13 dirConSE con con con con con conGraE gra gra gra dirGraW harDirW hdir 
graForNE for for for for for for for for graForSW forGraN forGraNE doodad5 gra gra gra conGraSW conGraS graConNE con con con con con con con con con con con con conGraE gra forGraNW forGraN forGraNE gra conGraW con con con con con dirConSW doodad13 doodad13 doodad13 dirConSE con con con con graConNW conGraS conGraS conGraS conGraS conGraSE gra gra dirGraNW graDirSE hdir hdir 
forGraW for for for for for for for for for for forGraE forGraNW forGraN forGraN forGraN forGraN forGraN conGraSW conGraS conGraS conGraS conGraS graConNE con con con con con con con conGraE gra forGraW for graForSW forGraN conGraSW graConNE con con con con con con con con con con con con graConNW conGraSE gra forGraNW forGraN forGraN forGraNE gra dirGraNW graDirSE dirHarSE hdir dirHarNW 
forGraSW forGraS forGraS forGraS graForNE for for graForNW forGraS forGraS forGraS forGraSE forGraW for for for for for for forGraE doodad6 gra gra conGraSW conGraS conGraS conGraS graConNE con con con graConSW conGraNE forGraSW graForNE for for forGraE conGraSW conGraS graConNE con con con con con con con con con con conGraE gra doodad6 forGraW for for forGraE gra dirGraW harDirW hdir hdir harDirE 
dirGraNW dirGraN dirGraN dirGraN forGraSW forGraS forGraS forGraSE gra gra gra gra forGraSW forGraS forGraS forGraS forGraS forGraS forGraS forGraSE gra gra doodad5 gra gra gra doodad2 conGraW con con con con doodad10 dirGraN dirGraNE forGraS graForNE graForSW forGraNE doodad3 conGraW con con con con con con con con con con conGraE gra forGraNW graForSE for graForNW forGraSE gra dirGraW harDirSW harDirS harDirS harDirSE 
graDirSE dir dir dir dir dir gra gra gra gra gra conGraNW conGraN conGraN conGraNE doodad6 doodad2 gra gra gra gra conGraNW conGraN conGraN conGraN conGraN conGraN graConSE con con con dirConNW conDirSE dir dirGraE gra forGraW for graForSW forGraNE conGraSW graConNE con con con con con con con con con conGraE gra forGraW for for forGraE doodad2 gra dirGraSW dirGraS graDirNE dir dir 
owNW owNE dir dir lfNW lfNE conGraN conGraN conGraN conGraN conGraN graConSE graConNW conGraS conGraSE gra gra gra gra conGraNW conGraN graConSE con con con con con con con con dirConNW conDirSE dir graDirNW dirGraSE forGraN graForSE graForNW forGraS graForSW forGraNE conGraSW conGraS graConNE con con con con con con con conGraE gra forGraSW graForNE graForNW forGraSE dirGraNW dirGraN dirGraN dirGraN graDirSE dir dir 
owSW owSE conDirN conDirN lfSW lfSE graConNW conGraS conGraS conGraS conGraS conGraS conGraSE doodad2 gra gra conGraNW conGraN conGraN graConSE con con con con con con con con con dirConNW conDirSE graDirNW dirGraS dirGraSE graForSE for for forGraE doodad1 forGraW forGraE gra gra conGraW con con con dirConNW conDirS dirConNE con graConSW conGraNE gra forGraW forGraE doodad2 dirGraW harDirNW harDirN harDirNE dir dir dir 
dir conDirW con con con con conGraE conGraNW conGraN conGraN conGraN conGraNE gra gra conGraNW conGraN graConSE con con con con con con con con dirConNW doodad12 doodad12 doodad12 conDirSE dir dirGraE gra forGraW for graForNW forGraS forGraSE gra forGraSW forGraSE gra gra conGraW con con con conDirE dir conDirSW dirConNE con graConSW conGraNE forGraSW forGraSE dirGraNW graDirSE harDirW hdir harDirE dir dir dir 
conDirN dirConSE con con con con graConSW graConSE con con con graConSW conGraN conGraN graConSE con con con con con con con con con con doodad10 dir dir doodad8 dir dir graDirSW dirGraNE forGraSW forGraS forGraSE doodad2 gra gra gra gra gra gra conGraSW conGraS graConNE con dirConSW conDirNE dir conDirW con con graConSW conGraNE gra dirGraW dir harDirSW harDirS harDirSE dir lfNW lfNE 
con con graConNW conGraS conGraS graConNE con con con con con con con con con con con con con con con con con con con dirConSW doodad13 conDirNE dir dir dir dir graDirSW dirGraN dirGraN dirGraNE gra gra doodad2 gra gra gra gra gra gra conGraSW graConNE con conDirE dir conDirSW conDirS dirConNE con conGraE gra dirGraSW dirGraS dirGraS graDirNE dir dir lfSW lfSE 
con con conGraE gra gra conGraSW conGraS conGraS conGraS conGraS conGraS graConNE con con con con con con con dirConNW doodad12 doodad12 doodad12 dirConNE con con con dirConSW doodad13 doodad13 conDirNE doodad8 dir dir dir graDirSW dirGraN dirGraN dirGraNE gra gra doodad1 forGraNW forGraN forGraNE gra conGraW con conDirE lfNW lfNE dir conDirW con graConSW conGraNE gra gra gra dirGraW dir dir dir dir 
con con conGraE gra forGraNW forGraN forGraN forGraNE gra gra gra conGraSW conGraS graConNE con con con con con doodad10 dir dir doodad8 doodad11 con con con con con con dirConSW doodad13 conDirNE owNW owNE dir dir dir graDirSW dirGraNE gra gra forGraW for forGraE gra conGraSW graConNE dirConSW lfSW lfSE dir conDirSW dirConNE con graConSW conGraNE gra doodad3 dirGraSW graDirNE dir dir dir 
con graConNW conGraSE gra forGraW for for graForSW forGraN forGraN forGraN forGraNE gra conGraSW conGraS graConNE con con graConNW conGraS dirGraS graDirNE dir conDirSW conDirS conDirS dirConNE con con con con con dirConSW owSW owSE doodad13 doodad13 conDirNE dir graDirSW dirGraNE gra forGraW for forGraE doodad6 gra conGraSW graConNE dirConSW conDirN conDirNE dir conDirW con con graConSW conGraNE gra gra dirGraW dir dir dir 
con graConSW conGraNE doodad6 forGraW for for for for for for graForSW forGraNE gra gra conGraSW conGraS conGraS conGraSE gra gra dirGraSW graDirNE dir owNW owNE conDirSW conDirS dirConNE con con con con con con con con dirConSW conDirNE dir graDirSW dirGraN dirGraNE graForNE graForSW forGraNE gra gra conGraW con con dirConSW conDirN dirConSE con con con graConSW conGraNE gra dirGraW dir dir dir 
doodad12 dirConNE graConSW conGraNE forGraSW graForNE for for for for for for graForSW forGraN forGraNE gra gra gra gra gra gra gra dirGraSW dirGraS owSW owSE dir dir conDirSW dirConNE con con con con con con con con dirConSW conDirNE dir graDirNW dirGraSE forGraSW forGraS forGraSE gra gra conGraSW graConNE con con con con con con con con graConSW conGraNE dirGraW dir dir dir 
dir conDirW con conGraE doodad6 forGraSW graForNE for for for for for for for graForSW forGraN forGraNE gra gra gra gra gra gra gra gra dirGraSW dirGraS graDirNE dir conDirSW conDirS dirConNE con con con con con con dirConNW conDirSE dir dirGraE gra gra doodad1 gra gra gra gra conGraSW conGraS graConNE con con con con con con con conGraE dirGraSW graDirNE dir dir 
lfNW lfNE dirConNE graConSW conGraNE gra forGraSW forGraS forGraS forGraS forGraS forGraS graForNE for for for graForSW forGraN forGraN forGraNE gra gra gra gra doodad6 gra gra dirGraW dir dir dir doodad11 con con con con con con conDirE dir owNW owNE dirGraNE gra gra gra forGraNW forGraN forGraNE gra gra conGraSW graConNE con con con con con con graConSW conGraN conGraN dir dir 
lfSW lfSE conDirW graConNW conGraSE gra gra gra gra gra gra forGraNW graForSE for for for for for for forGraE doodad2 gra gra gra gra gra dirGraNW graDirSE dir doodad8 dir doodad11 con con con con con dirConNW conDirSE dir owSW owSE graDirSW dirGraNE gra gra forGraW for graForSW forGraNE gra doodad3 conGraSW graConNE con con con con con con con conDirE dir dir 
owNW owNE dirConSE graConSW conGraN conGraN conGraN conGraNE gra forGraNW forGraN graForSE for for for for for graForNW forGraS forGraSE gra gra gra gra dirGraNW dirGraN graDirSE harDirN harDirN harDirNE conDirNW dirConSE con con con con con conDirE dir dir dir dir dir dirGraE gra doodad2 forGraW for for graForSW forGraNE gra gra conGraW con con con con con con con dirConSW doodad13 doodad13 
owSW owSE con con graConNW conGraS conGraS conGraSE forGraNW graForSE for for for for graForNW forGraS forGraS forGraSE gra doodad2 gra gra dirGraNW dirGraN graDirSE harDirNW dirHarSE hdir hdir harDirE doodad11 con con con con con con doodad10 dir doodad7 doodad8 dir dir graDirSW dirGraNE gra forGraSW graForNE for for forGraE gra gra conGraSW graConNE con con con con con con con con con 
conDirN graConNW conGraS conGraS conGraSE gra gra forGraNW graForSE for for for graForNW forGraS forGraSE doodad4 gra gra gra gra gra gra dirGraW harDirNW harDirN dirHarSE hdir hdir dirHarNW harDirSE doodad11 con con con con con con doodad10 dir dir dir dir dir dir dirGraE doodad3 gra forGraW for for graForSW forGraN forGraNE gra conGraW con con con con con con con con con 
con conGraE gra gra gra forGraNW forGraN graForSE for for graForNW forGraS forGraSE gra gra gra doodad6 gra gra gra gra dirGraNW graDirSE harDirW hdir hdir hdir dirHarNW harDirSE conDirNW dirConSE con con con con con con doodad10 dir graDirNW dirGraS dirGraS graDirNE dir graDirSW forGraN forGraN graForSE for for for for forGraE gra conGraSW graConNE con con con con con con con con 
con conGraSE gra forGraNW forGraN graForSE for for for graForNW forGraSE doodad6 gra gra gra gra gra gra dirGraNW dirGraN dirGraN graDirSE dir harDirSW harDirS harDirS harDirS conDirNW conDirN dirConSE con con dirConNW conDirS dirConNE con con doodad10 dir dirGraE gra gra forGraW for for for for for for for for for graForSW forGraNE gra conGraSW conGraS conGraS graConNE con con con con con 
dirGraE gra forGraNW graForSE for for for graForNW forGraS forGraSE doodad2 gra gra gra gra doodad4 dirGraNW dirGraN graDirSE harDirNW harDirN harDirNE dir dir conDirNW conDirN conDirN dirConSE con con dirConNW conDirS conDirSE lfNW lfNE dirConNE con doodad10 dir graDirSW dirGraNE gra forGraSW forGraS graForNE for for for for for for for for graForSW forGraN forGraN forGraNE gra conGraSW graConNE con con con con 
dirGraE gra forGraW for for graForNW forGraS forGraSE gra gra gra gra gra gra gra gra dirGraW dir dir harDirW hdir harDirE dir doodad11 con con con con con con conDirE dir dir lfSW lfSE conDirW con doodad10 dir dir graDirSW dirGraN dirGraNE gra forGraSW forGraS forGraS forGraS forGraS graForNE for for for for for for forGraE gra gra conGraW con con con con 
