[ATTRIBUTES]
tileset tileset_default.txt
size 128 128
description ""
[PLAYERS]
"Player 1" 0 0
"Player 2" 0 0
"Player 3" 0 0
"Player 4" 0 0
[RESOURCES]
landfill 1 14 12 4 4
landfill 0 11 28 4 4
landfill 0 31 35 4 4
landfill 0 43 3 4 4
landfill 0 10 52 4 4
oil  32 29 2 2
oil  32 46 2 2
oil  16 41 2 2
oil  7 24 2 2
oil  33 4 2 2
oil  56 50 2 2
oil  63 56 2 2
oil  56 32 2 2
oil  45 24 2 2
landfill 0 97 35 4 4
landfill 0 85 3 4 4
landfill 0 118 52 4 4
oil  96 29 2 2
oil  96 46 2 2
oil  112 41 2 2
oil  121 24 2 2
oil  95 4 2 2
oil  72 50 2 2
oil  65 56 2 2
oil  72 32 2 2
oil  83 24 2 2
landfill 3 14 116 4 4
landfill 0 11 100 4 4
landfill 0 31 93 4 4
landfill 0 43 125 4 4
landfill 0 10 76 4 4
oil  32 99 2 2
oil  32 82 2 2
oil  16 87 2 2
oil  7 104 2 2
oil  33 124 2 2
oil  56 78 2 2
oil  63 72 2 2
oil  56 96 2 2
oil  45 104 2 2
landfill 4 114 116 4 4
landfill 0 97 93 4 4
landfill 0 85 125 4 4
landfill 0 118 76 4 4
oil  96 99 2 2
oil  96 82 2 2
oil  112 87 2 2
oil  121 104 2 2
oil  95 124 2 2
oil  72 78 2 2
oil  65 72 2 2
oil  72 96 2 2
oil  83 104 2 2
oil  114 12 2 2
landfill 0 118 101 4 4
landfill 0 118 28 4 4
landfill 0 39 64 4 4
landfill 0 90 65 4 4
[CONTENT]
wat wat wat wat wat wat wat wat wat wat wat wat wat wat wat wat wat wat wat wat wat wat wat wat dirWatW dir dir dir dirGraE gra gra doodad1 forGraW for for for for forGraE doodad1 gra dirGraNW graDirSE dir dir dir dirGraE doodad1 forGraW for for for for forGraE doodad1 doodad3 gra gra dirGraW dir dir dir dirWatE wat wat wat wat dirWatW dir dir dir dirGraE gra gra doodad3 doodad1 forGraW for for for for forGraE doodad1 dirGraW dir dir dir graDirSW dirGraNE gra doodad1 forGraW for for for for forGraE doodad1 gra gra dirGraW dir dir dir dirWatE wat wat wat wat wat wat wat wat wat wat wat wat wat wat wat wat wat wat wat wat wat wat wat wat 
wat wat wat wat wat wat wat wat wat wat wat wat wat wat wat wat wat wat wat wat wat wat wat wat dirWatSW dirWatS watDirNE dir graDirSW dirGraN dirGraN dirGraNE forGraSW forGraS forGraS forGraS forGraS forGraSE dirGraNW dirGraN graDirSE dir dir dir graDirNW dirGraSE gra forGraSW forGraS forGraS forGraS forGraS forGraSE dirGraNW dirGraN dirGraN dirGraN graDirSE dir dir watDirNW dirWatSE wat wat wat wat dirWatSW watDirNE dir dir graDirSW dirGraN dirGraN dirGraN dirGraNE forGraSW forGraS forGraS forGraS forGraS forGraSE gra dirGraSW graDirNE dir dir dir graDirSW dirGraN dirGraNE forGraSW forGraS forGraS forGraS forGraS forGraSE dirGraNW dirGraN dirGraN graDirSE dir watDirNW dirWatS dirWatSE wat wat wat wat wat wat wat wat wat wat wat wat wat wat wat wat wat wat wat wat wat wat wat wat 
wat wat wat wat wat wat wat wat wat wat wat wat wat wat wat wat wat wat wat wat wat wat wat wat wat wat dirWatSW watDirNE dir dir dir graDirSW dirGraN dirGraN dirGraNE gra gra gra dirGraW dir dir dir lfNW lfNE dirGraE gra doodad3 gra dirGraNW dirGraN dirGraN dirGraN dirGraN graDirSE dir dir dir watDirNW dirWatS dirWatS dirWatSE wat wat wat wat wat wat dirWatSW dirWatS dirWatS watDirNE dir dir dir graDirSW dirGraN dirGraN dirGraN dirGraN dirGraNE gra doodad3 gra dirGraW lfNW lfNE dir dir dir dirGraE gra gra gra dirGraNW dirGraN dirGraN graDirSE dir dir dir watDirNW dirWatSE wat wat wat wat wat wat wat wat wat wat wat wat wat wat wat wat wat wat wat wat wat wat wat wat wat wat 
wat wat wat wat wat wat wat wat wat wat wat wat wat wat wat wat wat wat wat wat wat wat wat wat wat wat dirWatNW watDirSE harDirNW harDirN harDirNE dir owNW owNE graDirSW dirGraN dirGraNE gra dirGraSW graDirNE dir dir lfSW lfSE dirGraSE gra gra dirGraNW graDirSE dir dir dir dir dir dir watDirNW dirWatS dirWatSE wat wat wat wat wat wat wat wat wat wat wat wat dirWatSW dirWatS watDirNE dir dir dir dir dir dir graDirSW dirGraNE gra dirGraNW graDirSE lfSW lfSE dir dir graDirNW dirGraSE gra dirGraNW dirGraN graDirSE owNW owNE dir harDirNW harDirN harDirNE watDirSW dirWatNE wat wat wat wat wat wat wat wat wat wat wat wat wat wat wat wat wat wat wat wat wat wat wat wat wat wat 
wat wat wat wat wat wat wat wat wat wat wat wat wat wat wat wat wat wat wat wat wat wat wat wat wat dirWatNW watDirSE harDirNW dirHarSE hdir harDirE dir owSW owSE dir dir graDirSW dirGraN dirGraN dirGraNE dirGraS dirGraS dirGraS dirGraSE gra dirGraNW dirGraN graDirSE harDirN harDirN harDirNE dir dir dir watDirNW dirWatSE wat wat wat wat wat wat wat wat wat wat wat wat wat wat wat wat dirWatSW watDirNE dir dir dir harDirNW harDirN harDirN graDirSW dirGraN graDirSE dir graDirNW dirGraS dirGraS dirGraS dirGraNW dirGraN dirGraN graDirSE dir dir owSW owSE dir harDirW hdir dirHarSW harDirNE watDirSW dirWatNE wat wat wat wat wat wat wat wat wat wat wat wat wat wat wat wat wat wat wat wat wat wat wat wat wat 
wat wat wat wat wat wat wat wat wat wat wat wat wat wat wat wat wat wat wat wat wat wat wat dirWatNW dirWatN watDirSE harDirNW dirHarSE hdir hdir harDirE dir watDirNW dirWatS watDirNE dir dir dir dir dirGraE gra gra gra dirGraNW dirGraN graDirSE dir harDirW hdir hdir harDirE watDirNW dirWatS dirWatS dirWatSE wat wat wat wat wat wat wat wat wat wat wat wat wat wat wat wat wat wat dirWatSW dirWatS dirWatS watDirNE harDirW hdir hdir harDirE dir dir dir dirGraE gra gra gra dirGraW dir dir dir dir watDirNW dirWatS watDirNE dir harDirW hdir hdir dirHarSW harDirNE watDirSW dirWatN dirWatNE wat wat wat wat wat wat wat wat wat wat wat wat wat wat wat wat wat wat wat wat wat wat wat 
wat wat wat wat wat wat wat wat wat wat dirWatNW dirWatN dirWatN dirWatN dirWatN dirWatN dirWatN dirWatNE wat wat wat wat dirWatNW watDirSE harDirNW harDirN dirHarSE hdir hdir dirHarNW harDirSE watDirNW dirWatSE wat dirWatSW dirWatS dirWatS watDirNE dir graDirSW dirGraN dirGraN dirGraN graDirSE dir dir harDirNW dirHarSE hdir dirHarNW harDirSE dirWatE wat wat wat wat wat wat wat wat wat wat wat wat wat wat wat wat wat wat wat wat wat wat wat wat dirWatW harDirSW dirHarNE hdir dirHarSW harDirNE dir dir graDirSW dirGraN dirGraN dirGraN graDirSE dir watDirNW dirWatS dirWatS dirWatSE wat dirWatSW watDirNE harDirSW dirHarNE hdir hdir dirHarSW harDirN harDirNE watDirSW dirWatNE wat wat wat wat dirWatNW dirWatN dirWatN dirWatN dirWatN dirWatN dirWatN dirWatNE wat wat wat wat wat wat wat wat wat wat 
wat wat wat wat wat wat wat dirWatNW dirWatN dirWatN watDirSE dir dir dir dir dir dir dirWatE wat wat wat dirWatNW watDirSE harDirNW dirHarSE hdir hdir hdir dirHarNW watDirNW dirWatS dirWatSE wat wat wat wat wat dirWatSW dirWatS watDirNE dir dir dir watDirNW dirWatS watDirNE harDirW hdir hdir harDirE dir dirWatE wat wat wat wat wat wat wat wat wat wat wat wat wat wat wat wat wat wat wat wat wat wat wat wat dirWatW dir harDirW hdir hdir harDirE watDirNW dirWatS watDirNE dir dir dir watDirNW dirWatS dirWatSE wat wat wat wat wat dirWatSW dirWatS watDirNE dirHarNE hdir hdir hdir dirHarSW harDirNE watDirSW dirWatNE wat wat wat dirWatW dir dir dir dir dir dir watDirSW dirWatN dirWatN dirWatNE wat wat wat wat wat wat wat 
wat wat wat wat wat wat wat dirWatW dir graDirNW dirGraS dirGraS dirGraS dirGraS dirGraS graDirNE dir watDirSW dirWatNE dirWatNW dirWatN watDirSE harDirNW dirHarSE hdir hdir dirHarNW watDirNW dirWatS dirWatSE wat wat wat wat wat wat wat wat wat dirWatSW dirWatS dirWatS dirWatS dirWatSE wat dirWatW harDirW hdir hdir harDirE watDirNW dirWatSE wat wat wat wat wat wat wat wat wat wat wat wat wat wat wat wat wat wat wat wat wat wat wat wat dirWatSW watDirNE harDirW hdir hdir harDirE dirWatE wat dirWatSW dirWatS dirWatS dirWatS dirWatSE wat wat wat wat wat wat wat wat wat dirWatSW dirWatS watDirNE dirHarNE hdir hdir dirHarSW harDirNE watDirSW dirWatN dirWatNE dirWatNW watDirSE dir graDirNW dirGraS dirGraS dirGraS dirGraS dirGraS graDirNE dir dirWatE wat wat wat wat wat wat wat 
wat wat wat wat wat wat dirWatNW watDirSE graDirNW dirGraSE gra dirGraNW dirGraN dirGraN dirGraNE dirGraSW dirGraS graDirNE watDirSW watDirSE harDirNW harDirN dirHarSE hdir hdir dirHarNW watDirNW dirWatSE wat wat wat wat wat wat wat wat wat wat wat wat wat wat wat wat wat dirWatW harDirW hdir hdir harDirE dirWatE wat wat wat wat wat wat wat wat wat wat wat wat wat wat wat wat wat wat wat wat wat wat wat wat wat wat dirWatW harDirW hdir hdir harDirE dirWatE wat wat wat wat wat wat wat wat wat wat wat wat wat wat wat wat wat dirWatSW watDirNE dirHarNE hdir hdir dirHarSW harDirN harDirNE watDirSW watDirSE graDirNW dirGraS dirGraSE dirGraNW dirGraN dirGraN dirGraNE gra dirGraSW graDirNE watDirSW dirWatNE wat wat wat wat wat wat 
wat wat wat wat wat wat dirWatW dir dirGraE gra doodad4 dirGraW dir dir graDirSW dirGraNE gra dirGraSW graDirNE harDirNW dirHarSE hdir hdir hdir watDirNW dirWatS dirWatSE wat wat wat wat wat wat wat wat wat wat wat wat wat wat wat wat wat wat dirWatW harDirW hdir dirHarNW harDirSE dirWatE wat wat wat wat wat wat wat wat wat wat wat wat wat wat wat wat wat wat wat wat wat wat wat wat wat wat dirWatW harDirSW dirHarNE hdir harDirE dirWatE wat wat wat wat wat wat wat wat wat wat wat wat wat wat wat wat wat wat dirWatSW dirWatS watDirNE hdir hdir hdir dirHarSW harDirNE graDirNW dirGraSE gra dirGraNW graDirSE dir dir dirGraE doodad4 gra dirGraW dir dirWatE wat wat wat wat wat wat 
wat wat wat wat wat wat dirWatW dir graDirSW dirGraNE gra dirGraW dir lfNW lfNE dirGraE gra gra dirGraW harDirW hdir dirHarNW harDirS watDirNW dirWatSE wat wat wat wat wat wat wat wat wat wat wat wat wat wat wat wat wat wat wat wat dirWatW harDirW hdir harDirE dir dirWatE wat wat wat wat wat wat wat wat wat wat wat wat wat wat wat wat wat wat wat wat wat wat wat wat wat wat dirWatW dir harDirW hdir harDirE dirWatE wat wat wat wat wat wat wat wat wat wat wat wat wat wat wat wat wat wat wat wat dirWatSW watDirNE harDirS dirHarNE hdir harDirE dirGraE gra gra dirGraW owNW owNE dir dirGraE gra dirGraNW graDirSE dir dirWatE wat wat wat wat wat wat 
wat wat wat wat wat wat dirWatW dir dir dirGraE gra dirGraSW graDirNE lfSW lfSE dirGraE doodad3 gra dirGraW harDirSW harDirS harDirSE watDirNW dirWatSE wat wat wat wat wat wat wat wat wat wat wat wat wat wat wat wat wat wat wat wat dirWatNW watDirSE harDirW hdir harDirE dir dirWatE wat wat wat wat wat wat wat wat wat wat wat wat wat wat wat wat wat wat wat wat wat wat wat wat wat wat dirWatW dir harDirW hdir harDirE watDirSW dirWatNE wat wat wat wat wat wat wat wat wat wat wat wat wat wat wat wat wat wat wat wat dirWatSW watDirNE harDirSW harDirS harDirSE dirGraE gra doodad3 dirGraW owSW owSE graDirNW dirGraSE gra dirGraW dir dir dirWatE wat wat wat wat wat wat 
wat wat wat wat wat wat dirWatSW dirWatS watDirNE graDirSW dirGraNE gra dirGraSW dirGraS dirGraS dirGraSE gra gra dirGraW dir watDirNW dirWatS dirWatSE wat wat wat wat wat wat wat wat wat wat wat wat wat wat wat wat wat wat wat wat wat dirWatW harDirNW dirHarSE hdir harDirE watDirNW dirWatSE wat wat wat wat wat wat wat wat wat wat wat wat wat wat wat wat wat wat wat wat wat wat wat wat wat wat dirWatSW watDirNE harDirW hdir dirHarSW harDirNE dirWatE wat wat wat wat wat wat wat wat wat wat wat wat wat wat wat wat wat wat wat wat wat dirWatSW dirWatS watDirNE dir dirGraE gra gra dirGraSW dirGraS dirGraS dirGraSE gra dirGraNW graDirSE watDirNW dirWatS dirWatSE wat wat wat wat wat wat 
wat wat wat wat wat wat wat wat dirWatW dir graDirSW dirGraNE gra gra forGraW forGraN forGraNE gra dirGraW dir dirWatE wat wat wat wat wat wat wat wat wat wat wat wat wat wat wat wat wat wat wat wat wat wat wat dirWatW harDirW hdir hdir harDirE dirWatE wat wat wat wat wat wat wat wat wat wat wat wat wat wat wat wat wat wat wat wat wat wat wat wat wat wat wat wat dirWatW harDirW hdir hdir harDirE dirWatE wat wat wat wat wat wat wat wat wat wat wat wat wat wat wat wat wat wat wat wat wat wat wat dirWatW dir dirGraE gra forGraNW forGraN forGraE gra gra dirGraNW graDirSE dir dirWatE wat wat wat wat wat wat wat wat 
wat wat wat wat wat wat wat wat dirWatSW dirWatS watDirNE graDirSW dirGraN dirGraNE forGraW for graForSW forGraNE dirGraW dir dirWatE wat wat wat wat wat wat wat wat wat wat wat wat wat wat wat wat wat wat wat wat wat wat dirWatNW watDirSE dirHarSE hdir dirHarNW harDirSE dirWatE wat wat wat wat wat wat wat wat wat wat wat wat wat wat wat wat wat wat wat wat wat wat wat wat wat wat wat wat dirWatW harDirSW dirHarNE hdir dirHarSW watDirSW dirWatNE wat wat wat wat wat wat wat wat wat wat wat wat wat wat wat wat wat wat wat wat wat wat dirWatW dir dirGraE forGraNW graForSE for forGraE dirGraNW dirGraN graDirSE watDirNW dirWatS dirWatSE wat wat wat wat wat wat wat wat 
wat wat wat wat wat wat wat wat wat wat dirWatW dir dir dirGraE forGraW for for forGraE dirGraW dir dirWatE wat wat wat wat wat wat wat wat wat wat wat wat wat wat wat wat wat wat wat wat wat wat dirWatW harDirW hdir hdir harDirE watDirNW dirWatSE wat wat wat wat wat wat wat wat wat wat wat wat wat wat wat wat wat wat wat wat wat wat wat wat wat wat wat wat dirWatSW watDirNE harDirW hdir hdir harDirE dirWatE wat wat wat wat wat wat wat wat wat wat wat wat wat wat wat wat wat wat wat wat wat wat dirWatW dir dirGraE forGraW for for forGraE dirGraW dir dir dirWatE wat wat wat wat wat wat wat wat wat wat 
wat wat wat wat wat wat wat wat wat wat dirWatSW watDirNE dir dirGraE forGraW for for forGraE dirGraW dir dirWatE wat wat wat wat wat wat wat wat wat wat wat wat wat wat wat wat wat wat wat wat wat dirWatNW watDirSE harDirW hdir dirHarNW harDirSE dirWatE wat wat wat wat wat wat wat wat wat wat wat wat wat wat wat wat wat wat wat wat wat wat wat wat wat wat wat wat wat wat dirWatW harDirSW dirHarNE hdir harDirE watDirSW dirWatNE wat wat wat wat wat wat wat wat wat wat wat wat wat wat wat wat wat wat wat wat wat dirWatW dir dirGraE forGraW for for forGraE dirGraW dir watDirNW dirWatSE wat wat wat wat wat wat wat wat wat wat 
wat wat wat wat wat wat wat wat wat wat wat dirWatW dir dirGraE forGraW for graForNW forGraSE dirGraW dir dirWatE wat wat wat wat wat wat wat wat wat wat wat wat wat wat wat wat wat wat wat wat wat dirWatW harDirNW dirHarSE hdir harDirE dir dirWatE wat wat wat wat wat wat wat wat wat wat wat wat wat wat wat wat wat wat wat wat wat wat wat wat wat wat wat wat wat wat dirWatW dir harDirW hdir dirHarSW harDirNE dirWatE wat wat wat wat wat wat wat wat wat wat wat wat wat wat wat wat wat wat wat wat wat dirWatW dir dirGraE forGraSW graForNE for forGraE dirGraW dir dirWatE wat wat wat wat wat wat wat wat wat wat wat 
wat wat wat wat wat wat wat wat wat wat dirWatNW watDirSE dir dirGraE forGraW for forGraE dirGraNW graDirSE dir dirWatE wat wat wat wat wat wat wat wat wat wat wat wat wat wat wat wat wat wat wat wat dirWatNW watDirSE harDirW hdir hdir harDirE dir dirWatE wat wat wat wat wat wat wat wat wat wat wat wat wat wat wat wat wat wat wat wat wat wat wat wat wat wat wat wat wat wat dirWatW dir harDirW hdir hdir harDirE watDirSW dirWatNE wat wat wat wat wat wat wat wat wat wat wat wat wat wat wat wat wat wat wat wat dirWatW dir graDirSW dirGraNE forGraW for forGraE dirGraW dir watDirSW dirWatNE wat wat wat wat wat wat wat wat wat wat 
wat wat wat wat wat wat wat wat wat wat dirWatW dir graDirNW dirGraSE forGraSW forGraS forGraSE dirGraW dir watDirNW dirWatSE wat wat wat wat wat wat wat wat wat wat wat wat wat wat wat wat wat wat wat wat dirWatW harDirNW dirHarSE hdir hdir dirHarSW harDirNE watDirSW dirWatN dirWatNE wat wat wat wat wat wat wat wat wat wat wat wat wat wat wat wat wat wat wat wat wat wat wat wat wat wat dirWatNW dirWatN watDirSE harDirNW dirHarSE hdir hdir dirHarSW harDirNE dirWatE wat wat wat wat wat wat wat wat wat wat wat wat wat wat wat wat wat wat wat wat dirWatSW watDirNE dir dirGraE forGraSW forGraS forGraSE dirGraSW graDirNE dir dirWatE wat wat wat wat wat wat wat wat wat wat 
wat wat wat wat wat wat wat dirWatNW dirWatN dirWatN watDirSE dir dirGraE forGraNW forGraN forGraNE dirGraNW graDirSE dir dirWatE wat wat wat wat wat wat wat wat wat wat wat wat wat wat wat wat wat wat wat wat dirWatNW watDirSE dirHarSE hdir hdir hdir hdir dirHarSW harDirNE dir watDirSW dirWatNE wat wat wat wat wat wat wat wat wat wat wat wat wat wat wat wat wat wat wat wat wat wat wat wat dirWatNW watDirSE dir harDirNW dirHarSE hdir hdir hdir hdir dirHarSW watDirSW dirWatNE wat wat wat wat wat wat wat wat wat wat wat wat wat wat wat wat wat wat wat wat dirWatW dir graDirSW dirGraNE forGraNW forGraN forGraNE dirGraW dir watDirSW dirWatN dirWatN dirWatNE wat wat wat wat wat wat wat 
wat wat wat wat wat dirWatNW dirWatN watDirSE dir dir dir graDirNW dirGraSE forGraW for forGraE dirGraW dir dir dirWatE wat wat wat wat wat wat wat wat wat wat wat wat wat wat wat wat wat wat wat dirWatNW watDirSE harDirW hdir dirHarNW harDirS harDirS dirHarNE hdir dirHarSW harDirNE dir watDirSW dirWatNE wat wat wat wat wat wat wat wat wat dirWatNW dirWatN dirWatN dirWatNE wat wat wat wat wat wat wat wat wat dirWatNW watDirSE dir harDirNW dirHarSE hdir dirHarNW harDirS harDirS dirHarNE hdir harDirE watDirSW dirWatNE wat wat wat wat wat wat wat wat wat wat wat wat wat wat wat wat wat wat wat dirWatW dir dir dirGraE forGraW for forGraE dirGraSW graDirNE dir dir dir watDirSW dirWatN dirWatNE wat wat wat wat wat 
wat wat wat wat wat dirWatW owNW owNE dir graDirNW dirGraS dirGraSE gra forGraW for forGraE dirGraW dir dir watDirSW dirWatN dirWatNE wat wat wat wat wat wat wat wat wat wat wat wat wat wat wat wat wat dirWatW harDirNW dirHarSE hdir harDirE owNW owNE harDirW hdir hdir dirHarSW harDirN harDirN watDirSW dirWatN dirWatN dirWatNE wat wat wat wat wat dirWatNW watDirSE dir dir watDirSW dirWatNE wat wat wat wat wat dirWatNW dirWatN dirWatN watDirSE harDirN harDirN dirHarSE hdir hdir harDirE owNW owNE harDirW hdir dirHarSW harDirNE dirWatE wat wat wat wat wat wat wat wat wat wat wat wat wat wat wat wat wat dirWatNW dirWatN watDirSE dir dir dirGraE forGraW for forGraE gra dirGraSW dirGraS graDirNE dir owNW owNE dirWatE wat wat wat wat wat 
wat wat wat wat wat dirWatW owSW owSE graDirNW dirGraSE gra gra gra forGraSW forGraS forGraSE dirGraW harDirNW harDirN harDirNE dir watDirSW dirWatNE wat wat wat wat wat wat wat wat wat wat wat wat wat wat wat dirWatNW watDirSE harDirW hdir hdir harDirE owSW owSE harDirSW harDirS dirHarNE hdir hdir hdir dirHarSW harDirN harDirNE watDirSW dirWatN dirWatN dirWatNE dirWatNW dirWatN watDirSE dir dir dir dir watDirSW dirWatN dirWatNE dirWatNW dirWatN dirWatN watDirSE harDirNW harDirN dirHarSE hdir hdir hdir dirHarNW harDirS harDirSE owSW owSE harDirW hdir hdir harDirE watDirSW dirWatNE wat wat wat wat wat wat wat wat wat wat wat wat wat wat wat dirWatNW watDirSE dir harDirNW harDirN harDirNE dirGraE forGraSW forGraS forGraSE gra gra gra dirGraSW graDirNE owSW owSE dirWatE wat wat wat wat wat 
wat wat wat wat wat dirWatW dir dir dirGraE dirGraNW dirGraN dirGraN dirGraNE gra doodad3 gra dirGraW harDirW hdir dirHarSW harDirNE dir dirWatE wat wat wat wat wat wat wat wat wat wat wat wat wat wat dirWatNW watDirSE harDirNW dirHarSE hdir dirHarNW harDirSE dir watDirNW dirWatS watDirNE harDirSW harDirS dirHarNE hdir hdir hdir dirHarSW harDirNE dir dir watDirSW watDirSE dir dir graDirNW dirGraS dirGraS graDirNE dir dir watDirSW watDirSE dir dir harDirNW dirHarSE hdir hdir hdir dirHarNW harDirS harDirSE watDirNW dirWatS watDirNE dir harDirSW dirHarNE hdir dirHarSW harDirNE watDirSW dirWatNE wat wat wat wat wat wat wat wat wat wat wat wat wat wat dirWatW dir harDirNW dirHarSE hdir harDirE dirGraE gra doodad3 gra dirGraNW dirGraN dirGraN dirGraNE dirGraW dir dir dirWatE wat wat wat wat wat 
wat wat wat wat wat dirWatW graDirNW dirGraS dirGraSE graDirSE dir dir dirGraE gra gra gra dirGraW harDirW hdir hdir harDirE dir watDirSW dirWatNE wat wat wat wat wat wat wat dirWatNW dirWatN dirWatNE wat wat wat dirWatW harDirNW dirHarSE hdir hdir harDirE dir watDirNW dirWatSE wat dirWatSW dirWatS watDirNE harDirSW harDirS dirHarNE hdir hdir dirHarSW harDirNE dir dir dir dir graDirNW dirGraSE gra gra dirGraSW graDirNE dir dir dir dir harDirNW dirHarSE hdir hdir dirHarNW harDirS harDirSE watDirNW dirWatS dirWatSE wat dirWatSW watDirNE dir harDirW hdir hdir dirHarSW harDirNE dirWatE wat wat wat dirWatNW dirWatN dirWatNE wat wat wat wat wat wat wat dirWatNW watDirSE dir harDirW hdir hdir harDirE dirGraE gra gra gra dirGraW dir dir graDirSW dirGraSW dirGraS graDirNE dirWatE wat wat wat wat wat 
wat wat wat wat wat dirWatW dirGraE gra dirGraW dir lfNW lfNE dirGraE gra gra dirGraNW graDirSE harDirSW dirHarNE hdir dirHarSW harDirNE dir dirWatE wat wat wat wat dirWatNW dirWatN dirWatN watDirSE dir watDirSW dirWatNE wat dirWatNW watDirSE dirHarSE hdir hdir dirHarNW harDirSE watDirNW dirWatSE wat wat wat wat dirWatSW watDirNE dir harDirSW dirHarNE hdir hdir harDirE dir dir graDirNW dirGraS dirGraSE doodad4 gra gra doodad4 dirGraSW dirGraS graDirNE dir dir harDirW hdir hdir dirHarNW harDirSE dir watDirNW dirWatSE wat wat wat wat dirWatSW watDirNE harDirSW dirHarNE hdir hdir dirHarSW watDirSW dirWatNE wat dirWatNW watDirSE dir watDirSW dirWatN dirWatN dirWatNE wat wat wat wat dirWatW dir harDirNW dirHarSE hdir dirHarNW harDirSE graDirSW dirGraNE gra gra dirGraW dir lfNW lfNE dirGraE gra dirGraW dirWatE wat wat wat wat wat 
wat wat dirWatNW dirWatN dirWatN watDirSE dirGraE gra dirGraW dir lfSW lfSE dirGraSE gra dirGraNW graDirSE watDirNW watDirNE harDirW hdir hdir dirHarSW harDirNE watDirSW dirWatNE wat wat dirWatNW watDirSE dir dir owNW owNE dir watDirSW dirWatN watDirSE dirHarSE hdir hdir dirHarNW harDirSE dir dirWatE wat wat wat wat wat wat dirWatSW watDirNE dir harDirSW dirHarNE hdir harDirE dir graDirNW dirGraSE doodad6 doodad4 gra dirGraNW dirGraNE gra doodad4 doodad6 dirGraSW graDirNE dir harDirW hdir dirHarNW harDirSE dir watDirNW dirWatSE wat wat wat wat wat wat dirWatW dir harDirSW dirHarNE hdir hdir dirHarSW watDirSW dirWatN watDirSE dir owNW owNE dir dir watDirSW dirWatNE wat wat dirWatNW watDirSE harDirNW dirHarSE hdir hdir harDirE watDirNW watDirNE graDirSW dirGraNE gra dirGraSW graDirNE lfSW lfSE dirGraE gra dirGraW watDirSW dirWatN dirWatN dirWatNE wat wat 
wat wat dirWatW dir dir graDirNW dirGraSE gra dirGraSW dirGraS dirGraS dirGraSE gra dirGraNW graDirSE dir dirWatE dirWatSW watDirNE dirHarNE hdir hdir dirHarSW harDirNE dirWatE dirWatNW dirWatN watDirSE dir dir dir owSW owSE dir dir dir harDirW hdir hdir dirHarNW harDirSE dir watDirNW dirWatSE wat wat wat wat wat wat wat dirWatSW watDirNE dir harDirSW harDirS harDirSE dir dirGraE gra gra gra dirGraNW graDirSE graDirSW dirGraNE gra gra gra dirGraW dir harDirSW harDirS harDirSE dir watDirNW dirWatSE wat wat wat wat wat wat wat dirWatSW watDirNE dir harDirSW dirHarNE hdir hdir harDirE dir dir dir owSW owSE dir dir dir watDirSW dirWatN dirWatNE dirWatW harDirNW dirHarSE hdir hdir dirHarNW watDirNW dirWatSE dirWatW dir graDirSW dirGraNE gra dirGraSW dirGraS dirGraS dirGraSE gra dirGraSW graDirNE dir dir dirWatE wat wat 
wat wat dirWatW dir dir dirGraE gra doodad2 gra gra gra dirGraNW dirGraN graDirSE dir dir dirWatE wat dirWatSW watDirNE dirHarNE hdir hdir harDirE watDirSW watDirSE graDirNW dirGraS dirGraS dirGraS dirGraS dirGraS graDirNE dir dir dir harDirW hdir dirHarNW harDirSE dir watDirNW dirWatSE wat wat wat wat wat wat wat wat wat dirWatSW watDirNE dir dir dir graDirNW dirGraSE gra gra dirGraNW graDirSE dir dir graDirSW dirGraNE gra gra dirGraSW graDirNE dir dir dir watDirNW dirWatSE wat wat wat wat wat wat wat wat wat dirWatSW watDirNE dir harDirSW dirHarNE hdir harDirE dir dir dir graDirNW dirGraS dirGraS dirGraS dirGraS dirGraS graDirNE watDirSW watDirSE harDirW hdir hdir dirHarNW watDirNW dirWatSE wat dirWatW dir dir graDirSW dirGraN dirGraNE gra gra gra doodad2 gra dirGraW dir dir dirWatE wat wat 
wat wat dirWatW dir dir graDirSW dirGraN dirGraN dirGraN dirGraN dirGraN graDirSE dir dir watDirNW dirWatS dirWatSE wat wat dirWatSW watDirNE dirHarNE hdir harDirE graDirNW dirGraS dirGraSE gra gra doodad1 gra gra dirGraSW dirGraS dirGraS graDirNE harDirSW harDirS harDirSE dir dir dirWatE wat wat wat wat wat wat wat wat wat wat wat dirWatSW watDirNE owNW owNE dirGraE gra gra gra dirGraW dir graDirNW graDirNE dir dirGraE gra gra gra dirGraW owNW owNE watDirNW dirWatSE wat wat wat wat wat wat wat wat wat wat wat dirWatW dir dir harDirSW harDirS harDirSE graDirNW dirGraS dirGraS dirGraSE gra gra doodad1 gra gra dirGraSW dirGraS graDirNE harDirW hdir dirHarNW watDirNW dirWatSE wat wat dirWatSW dirWatS watDirNE dir dir graDirSW dirGraN dirGraN dirGraN dirGraN dirGraN graDirSE dir dir dirWatE wat wat 
wat wat dirWatW dir dir dir dir dir dir dir dir dir dir watDirNW dirWatSE wat wat wat wat wat dirWatW harDirSW harDirS graDirNW dirGraSE gra gra gra gra dirGraNW dirGraN dirGraN dirGraNE gra gra dirGraW dir dir dir dir watDirNW dirWatSE wat wat wat wat wat wat wat wat wat wat wat wat dirWatW owSW owSE dirGraE gra gra gra dirGraW dir graDirSW graDirSE dir dirGraE gra gra gra dirGraW owSW owSE dirWatE wat wat wat wat wat wat wat wat wat wat wat wat dirWatSW watDirNE dir dir dir dir dirGraE gra gra dirGraNW dirGraN dirGraN dirGraNE gra gra gra gra dirGraSW graDirNE harDirS harDirSE dirWatE wat wat wat wat wat dirWatSW watDirNE dir dir dir dir dir dir dir dir dir dir dirWatE wat wat 
wat wat dirWatSW dirWatS watDirNE dir dir dir watDirNW dirWatS dirWatS dirWatS dirWatS dirWatSE wat wat wat wat wat wat dirWatW dir dir dirGraE gra gra gra gra dirGraNW graDirSE dir dir dirGraE doodad3 gra dirGraW dir dir dir watDirNW dirWatSE wat wat wat wat wat wat wat wat wat wat wat wat wat dirWatSW watDirNE graDirNW dirGraSE gra gra doodad2 dirGraW dir dir dir dir dirGraE doodad2 gra gra dirGraSW graDirNE watDirNW dirWatSE wat wat wat wat wat wat wat wat wat wat wat wat wat dirWatSW watDirNE dir dir dir dirGraE gra doodad3 dirGraW dir dir graDirSW dirGraNE gra gra gra gra dirGraW dir dir dirWatE wat wat wat wat wat wat dirWatSW dirWatS dirWatS dirWatS dirWatS watDirNE dir dir dir watDirNW dirWatS dirWatSE wat wat 
wat wat wat wat dirWatW dir watDirNW dirWatS dirWatSE wat wat wat wat wat wat wat wat wat wat wat dirWatSW watDirNE dir dirGraE gra gra gra dirGraNW graDirSE dir lfNW lfNE dirGraE gra gra dirGraW dir dir dir dirWatE wat wat wat wat wat wat wat wat wat wat wat wat wat dirWatNW dirWatN watDirSE dirGraE gra gra gra gra dirGraSW graDirNE dir dir graDirNW dirGraSE gra gra gra gra dirGraW watDirSW dirWatN dirWatNE wat wat wat wat wat wat wat wat wat wat wat wat wat dirWatW dir dir dir dirGraE gra gra dirGraW lfNW lfNE dir graDirSW dirGraNE gra gra gra dirGraW dir watDirNW dirWatSE wat wat wat wat wat wat wat wat wat wat wat dirWatSW dirWatS watDirNE dir dirWatE wat wat wat wat 
wat wat wat wat dirWatSW dirWatS dirWatSE wat wat wat wat wat wat wat wat wat wat wat wat wat wat dirWatW dir graDirSW dirGraNE gra gra dirGraW dir dir lfSW lfSE dirGraE gra gra dirGraW dir dir watDirNW dirWatSE wat wat wat wat wat wat wat wat wat wat wat wat wat dirWatW dir dir dirGraE gra forGraNW forGraN forGraN forGraNE dirGraSW dirGraS dirGraS dirGraSE forGraNW forGraN forGraN forGraNE gra dirGraW dir dir dirWatE wat wat wat wat wat wat wat wat wat wat wat wat wat dirWatSW watDirNE dir dir dirGraE gra gra dirGraW lfSW lfSE dir dir dirGraE gra gra dirGraNW graDirSE dir dirWatE wat wat wat wat wat wat wat wat wat wat wat wat wat wat dirWatSW dirWatS dirWatSE wat wat wat wat 
wat wat wat wat wat wat wat wat wat wat wat wat wat wat wat wat wat wat wat dirWatNW dirWatN watDirSE dir graDirNW dirGraSE doodad1 gra dirGraW dir dir dir graDirNW dirGraSE gra gra dirGraW dir dir dirWatE wat wat wat wat wat wat wat wat wat wat wat wat wat wat dirWatW dir dir dirGraE gra forGraW for for forGraE gra gra gra gra forGraW for for forGraE gra dirGraW dir dir dirWatE wat wat wat wat wat wat wat wat wat wat wat wat wat wat dirWatW dir dir dirGraE gra gra dirGraSW graDirNE dir dir dir dirGraE gra doodad1 dirGraSW graDirNE dir watDirSW dirWatN dirWatNE wat wat wat wat wat wat wat wat wat wat wat wat wat wat wat wat wat wat wat 
wat wat wat wat wat wat wat wat wat wat wat wat wat wat wat wat wat wat wat dirWatW dir dir dir dirGraE gra gra gra dirGraSW dirGraS dirGraS dirGraS dirGraSE gra gra gra dirGraW dir dir dirWatE wat wat wat wat wat wat wat wat wat wat wat wat wat wat dirWatW dir dir dirGraE gra forGraW for for graForSW forGraNE gra gra forGraNW graForSE for for forGraE gra dirGraW dir dir dirWatE wat wat wat wat wat wat wat wat wat wat wat wat wat wat dirWatW dir dir dirGraE gra gra gra dirGraSW dirGraS dirGraS dirGraS dirGraSE gra gra gra dirGraW dir dir dir dirWatE wat wat wat wat wat wat wat wat wat wat wat wat wat wat wat wat wat wat wat 
wat wat wat wat wat wat wat wat wat wat wat wat wat wat wat wat wat wat dirWatNW watDirSE dir dir graDirNW dirGraSE gra gra gra gra gra gra gra gra doodad4 gra dirGraNW graDirSE dir watDirNW dirWatSE wat wat wat wat wat wat wat wat wat wat wat wat wat wat dirWatSW watDirNE dir dirGraE gra forGraW for for for forGraE gra gra forGraW for for for forGraE gra dirGraW dir watDirNW dirWatSE wat wat wat wat wat wat wat wat wat wat wat wat wat wat dirWatSW watDirNE dir graDirSW dirGraNE gra doodad4 gra gra gra gra gra gra gra gra dirGraSW graDirNE dir dir watDirSW dirWatNE wat wat wat wat wat wat wat wat wat wat wat wat wat wat wat wat wat wat 
wat wat wat wat wat wat wat wat wat wat wat wat wat wat dirWatNW dirWatN dirWatN dirWatN watDirSE dir dir graDirNW dirGraSE gra forGraNW forGraN forGraN forGraN forGraN forGraN forGraNE gra gra gra dirGraW dir dir dirWatE wat wat wat wat wat wat wat wat wat wat wat wat wat wat wat wat dirWatW dir dirGraE gra forGraW for for graForNW forGraSE gra gra forGraSW graForNE for for forGraE gra dirGraW dir dirWatE wat wat wat wat wat wat wat wat wat wat wat wat wat wat wat wat dirWatW dir dir dirGraE gra gra gra forGraNW forGraN forGraN forGraN forGraN forGraN forGraNE gra dirGraSW graDirNE dir dir watDirSW dirWatN dirWatN dirWatN dirWatNE wat wat wat wat wat wat wat wat wat wat wat wat wat wat 
wat wat wat wat wat wat wat wat wat wat wat wat wat wat dirWatW owNW owNE dir dir dir graDirNW dirGraSE gra forGraNW graForSE for for for for for forGraE gra gra dirGraNW graDirSE dir watDirNW dirWatSE wat wat wat wat wat wat wat wat wat wat wat wat wat wat wat wat dirWatW dir dirGraE gra forGraW for graForNW forGraSE gra gra gra gra forGraSW graForNE for forGraE gra dirGraW dir dirWatE wat wat wat wat wat wat wat wat wat wat wat wat wat wat wat wat dirWatSW watDirNE dir graDirSW dirGraNE gra gra forGraW for for for for for graForSW forGraNE gra dirGraSW graDirNE dir dir dir owNW owNE dirWatE wat wat wat wat wat wat wat wat wat wat wat wat wat wat 
wat wat wat wat wat wat wat wat wat wat wat wat wat wat dirWatW owSW owSE dir dir graDirNW dirGraSE gra gra forGraW for for for for graForNW forGraS forGraSE gra dirGraNW graDirSE dir watDirNW dirWatSE wat wat wat wat wat wat wat wat wat wat wat wat wat wat wat wat wat dirWatW dir dirGraE gra forGraW for forGraE gra gra gra gra gra gra forGraW for forGraE gra dirGraW dir dirWatE wat wat wat wat wat wat wat wat wat wat wat wat wat wat wat wat wat dirWatSW watDirNE dir graDirSW dirGraNE gra forGraSW forGraS graForNE for for for for forGraE gra gra dirGraSW graDirNE dir dir owSW owSE dirWatE wat wat wat wat wat wat wat wat wat wat wat wat wat wat 
wat wat wat wat wat wat wat wat wat wat wat dirWatNW dirWatN dirWatN watDirSE dir dir graDirNW dirGraS dirGraSE gra forGraNW forGraN graForSE for for for graForNW forGraSE gra gra gra dirGraW dir dir dirWatE wat wat wat wat wat wat wat wat wat wat wat wat wat wat wat wat wat wat dirWatW dir dirGraE gra forGraW for forGraE gra gra gra gra gra gra forGraW for forGraE gra dirGraW dir dirWatE wat wat wat wat wat wat wat wat wat wat wat wat wat wat wat wat wat wat dirWatW dir dir dirGraE gra gra gra forGraSW graForNE for for for graForSW forGraN forGraNE gra dirGraSW dirGraS graDirNE dir dir watDirSW dirWatN dirWatN dirWatNE wat wat wat wat wat wat wat wat wat wat wat 
wat wat wat wat wat wat wat wat wat wat wat dirWatW dir dir dir dir dir dirGraE gra gra gra forGraW for for for graForNW forGraS forGraSE gra dirGraNW dirGraN dirGraN graDirSE dir dir dirWatE wat wat wat wat wat wat wat wat wat wat wat wat wat wat wat wat wat dirWatNW watDirSE dir dirGraE gra forGraSW forGraS forGraSE gra gra gra gra gra gra forGraSW forGraS forGraSE gra dirGraW dir watDirSW dirWatNE wat wat wat wat wat wat wat wat wat wat wat wat wat wat wat wat wat dirWatW dir dir graDirSW dirGraNE dirGraN dirGraN dirGraNE forGraSW forGraS graForNE for for for forGraE gra gra gra dirGraW dir dir dir dir dir dirWatE wat wat wat wat wat wat wat wat wat wat wat 
wat wat wat wat wat wat wat wat wat wat wat dirWatW dir dir dir dir graDirNW dirGraSE gra gra gra forGraSW forGraS forGraS graForNE forGraE gra gra gra dirGraW dir dir dir dir dir dirWatE wat wat wat wat wat wat wat wat wat wat wat wat wat wat wat wat wat dirWatW dir graDirNW dirGraSE gra gra gra gra gra gra dirGraNW dirGraNE gra gra gra gra gra gra dirGraSW graDirNE dir dirWatE wat wat wat wat wat wat wat wat wat wat wat wat wat wat wat wat wat dirWatW dir dir dir watDirNW watDirNE dir dirGraE gra gra forGraW graForNW forGraS forGraS forGraSE gra gra gra dirGraSW graDirNE dir dir dir dir dirWatE wat wat wat wat wat wat wat wat wat wat wat 
wat wat wat wat wat wat wat dirWatNW dirWatN dirWatN dirWatN watDirSE graDirNW dirGraS dirGraS dirGraS dirGraSE forGraNW forGraN forGraN forGraNE gra gra gra forGraSW forGraSE gra doodad2 gra dirGraW dir owNW owNE dir watDirNW dirWatSE wat wat wat wat wat wat wat wat wat wat wat wat wat wat wat wat wat dirWatW dir dirGraE gra forGraNW forGraN forGraNE gra gra dirGraNW graDirSE graDirSW dirGraNE gra gra forGraNW forGraN forGraNE gra dirGraW dir dirWatE wat wat wat wat wat wat wat wat wat wat wat wat wat wat wat wat wat dirWatSW watDirNE dir owNW owNE watDirSE graDirNW dirGraSE doodad2 gra forGraSW forGraSE gra gra gra forGraNW forGraN forGraN forGraNE dirGraSW dirGraS dirGraS dirGraS graDirNE watDirSW dirWatN dirWatN dirWatN dirWatNE wat wat wat wat wat wat wat 
wat wat wat wat wat dirWatNW dirWatN watDirSE dir dir dir graDirNW dirGraSE gra gra gra forGraNW graForSE for for graForSW forGraN forGraNE gra gra gra gra gra dirGraNW graDirSE dir owSW owSE watDirNW dirWatSE wat wat wat wat wat wat wat wat wat wat wat wat wat wat wat wat wat dirWatNW watDirSE dir dirGraE gra forGraW for graForSW forGraNE gra dirGraW dir dir dirGraE gra forGraNW graForSE for forGraE gra dirGraW dir watDirSW dirWatNE wat wat wat wat wat wat wat wat wat wat wat wat wat wat wat wat wat dirWatSW watDirNE owSW owSE dir graDirSW dirGraNE gra gra gra gra gra forGraNW forGraN graForSE for for graForSW forGraNE gra gra gra dirGraSW graDirNE dir dir dir watDirSW dirWatN dirWatNE wat wat wat wat wat 
wat wat wat wat dirWatNW watDirSE dir graDirNW dirGraS dirGraS dirGraS dirGraSE gra gra forGraNW forGraN graForSE for for graForNW forGraS forGraS forGraSE gra gra gra dirGraNW dirGraN graDirSE dir dir dir watDirNW dirWatSE wat wat wat wat wat wat wat wat wat wat wat wat wat wat wat wat wat wat dirWatW dir dir dirGraE gra forGraSW graForNE for forGraE gra dirGraW dir dir dirGraE gra forGraW for graForNW forGraSE gra dirGraW dir dir dirWatE wat wat wat wat wat wat wat wat wat wat wat wat wat wat wat wat wat wat dirWatSW watDirNE dir dir dir graDirSW dirGraN dirGraNE gra gra gra forGraSW forGraS forGraS graForNE for for graForSW forGraN forGraNE gra gra dirGraSW dirGraS dirGraS dirGraS graDirNE dir watDirSW dirWatNE wat wat wat wat 
wat wat dirWatNW dirWatN watDirSE dir graDirNW dirGraSE gra gra gra gra doodad2 gra forGraW for for for graForNW forGraSE gra gra dirGraNW dirGraN dirGraN dirGraN graDirSE dir dir watDirNW dirWatS dirWatS dirWatSE wat wat wat wat wat wat wat wat wat wat wat wat wat wat wat wat wat wat wat dirWatW dir dir graDirSW dirGraNE gra forGraSW forGraS forGraSE gra dirGraSW dirGraS dirGraS dirGraSE gra forGraSW forGraS forGraSE dirGraN dirGraN graDirSE dir dir dirWatE wat wat wat wat wat wat wat wat wat wat wat wat wat wat wat wat wat wat wat dirWatSW dirWatS dirWatS watDirNE dir dir graDirSW dirGraN dirGraN dirGraN dirGraNE gra gra forGraSW graForNE for for for forGraE gra doodad2 gra gra gra gra dirGraSW graDirNE dir watDirSW dirWatN dirWatNE wat wat 
wat wat dirWatW dir dir graDirNW dirGraSE gra dirGraNW dirGraN dirGraN dirGraN dirGraNE gra forGraSW forGraS forGraS forGraS forGraSE gra gra dirGraNW graDirSE dir dir dir dir dir watDirNW dirWatSE wat wat wat wat wat wat wat wat wat wat wat wat dirWatNW dirWatN dirWatNE wat wat wat wat wat wat wat dirWatSW watDirNE dir owNW owNE dirGraNE gra gra gra gra gra gra gra gra gra gra gra dirGraW dir owNW owNE dir watDirNW dirWatSE wat wat wat wat wat wat wat dirWatNW dirWatN dirWatNE wat wat wat wat wat wat wat wat wat wat wat wat dirWatSW watDirNE dir dir dir dir dir graDirSW dirGraNE gra gra forGraSW forGraS forGraS forGraS forGraSE gra dirGraNW dirGraN dirGraN dirGraN dirGraNE gra dirGraSW graDirNE dir dir dirWatE wat wat 
wat wat dirWatSW watDirNE dir dirGraE gra dirGraNW graDirSE dir dir dir dirGraE gra gra gra gra gra dirGraNW dirGraN dirGraN graDirSE dir dir dir dir watDirNW dirWatS dirWatSE wat wat wat wat wat wat wat wat wat wat wat dirWatNW dirWatN watDirSE dir watDirSW dirWatNE wat wat wat wat wat wat wat dirWatW dir owSW owSE graDirSW dirGraN dirGraNE gra gra doodad2 gra gra doodad2 gra gra dirGraNW graDirSE dir owSW owSE dir dirWatE wat wat wat wat wat wat wat dirWatNW watDirSE dir watDirSW dirWatN dirWatNE wat wat wat wat wat wat wat wat wat wat wat dirWatSW dirWatS watDirNE dir dir dir dir graDirSW dirGraN dirGraN dirGraNE gra gra gra gra gra dirGraW dir dir dir graDirSW dirGraNE gra dirGraW dir watDirNW dirWatSE wat wat 
wat wat wat dirWatW dir dirGraE gra dirGraW dir lfNW lfNE dir dirGraE gra doodad6 gra gra dirGraNW graDirSE dir dir dir dir dir watDirNW dirWatS dirWatSE wat wat wat wat wat wat wat wat wat wat wat wat dirWatNW watDirSE graDirNW graDirNE dir dir watDirSW dirWatNE wat wat wat wat wat wat dirWatSW watDirNE dir dir dir dir graDirSW dirGraNE gra gra gra gra gra gra dirGraNW graDirSE dir dir dir dir watDirNW dirWatSE wat wat wat wat wat wat dirWatNW watDirSE dir dir graDirNW graDirNE watDirSW dirWatNE wat wat wat wat wat wat wat wat wat wat wat wat dirWatSW dirWatS watDirNE dir dir dir dir dir graDirSW dirGraNE gra gra doodad6 gra dirGraW dir lfNW lfNE dir dirGraE gra dirGraW dir dirWatE wat wat wat 
wat wat dirWatNW watDirSE dir dirGraE gra dirGraSW graDirNE lfSW lfSE dirGraS dirGraSE gra gra dirGraNW dirGraN graDirSE dir dir harDirNW harDirN harDirN harDirNE dirWatE wat wat wat wat wat wat wat wat wat wat wat wat dirWatNW dirWatN watDirSE dir dirGraE dirGraSW dirGraS graDirNE dir watDirSW dirWatNE wat wat wat wat wat wat dirWatW harDirNW harDirN harDirN harDirNE dir dirGraE gra gra doodad2 doodad2 gra gra dirGraW dir harDirNW harDirN harDirN harDirNE dirWatE wat wat wat wat wat wat dirWatNW watDirSE dir graDirNW dirGraS dirGraSE dirGraW dir watDirSW dirWatN dirWatNE wat wat wat wat wat wat wat wat wat wat wat wat dirWatW harDirNW harDirN harDirN harDirNE dir dir graDirSW dirGraN dirGraNE gra gra dirGraSW dirGraS lfSW lfSE graDirNW dirGraSE gra dirGraW dir watDirSW dirWatNE wat wat 
wat wat dirWatW dir dir graDirSW dirGraNE doodad3 dirGraSW dirGraS dirGraSE gra gra gra dirGraNW graDirSE dir dir dir dir harDirW hdir hdir harDirE dirWatE wat wat wat wat wat wat wat wat wat wat wat dirWatNW watDirSE dir graDirNW dirGraS dirGraSE gra doodad1 dirGraW dir dir dirWatE wat wat wat wat wat dirWatNW watDirSE dirHarSE hdir hdir harDirE dir graDirSW dirGraN dirGraN dirGraN dirGraN dirGraN dirGraN graDirSE dir harDirW hdir hdir dirHarSW watDirSW dirWatNE wat wat wat wat wat dirWatW dir dir dirGraE doodad1 gra dirGraSW dirGraS graDirNE dir watDirSW dirWatNE wat wat wat wat wat wat wat wat wat wat wat dirWatW harDirW hdir hdir harDirE dir dir dir dir graDirSW dirGraNE gra gra gra dirGraSW dirGraS dirGraSE doodad3 dirGraNW graDirSE dir dir dirWatE wat wat 
wat wat dirWatSW watDirNE dir dir graDirSW dirGraNE gra gra gra dirGraNW dirGraN dirGraN graDirSE dir dir watDirNW dirWatS watDirNE harDirSW dirHarNE hdir dirHarSW watDirSW dirWatNE wat wat wat wat wat wat wat wat dirWatNW dirWatN watDirSE dir dir dirGraE gra gra gra gra dirGraSW graDirNE dir dirWatE wat wat wat wat dirWatNW watDirSE dirHarSE hdir hdir dirHarNW harDirSE dir dir dir dir dir dir dir dir dir dir harDirSW dirHarNE hdir hdir dirHarSW watDirSW dirWatNE wat wat wat wat dirWatW dir graDirNW dirGraSE gra gra gra gra dirGraW dir dir watDirSW dirWatN dirWatNE wat wat wat wat wat wat wat wat dirWatNW watDirSE dirHarSE hdir dirHarNW harDirSE watDirNW dirWatS watDirNE dir dir graDirSW dirGraN dirGraN dirGraNE gra gra gra dirGraNW graDirSE dir dir watDirNW dirWatSE wat wat 
wat wat wat dirWatSW dirWatS watDirNE dir graDirSW dirGraN dirGraN dirGraN graDirSE dir dir dir watDirNW dirWatS dirWatSE wat dirWatSW watDirNE harDirW hdir hdir harDirE watDirSW dirWatNE wat wat wat wat wat wat wat dirWatW dir dir dir graDirNW dirGraSE gra forGraNW forGraN forGraNE gra dirGraW dir dirWatE wat wat wat dirWatNW watDirSE dirHarSE hdir hdir dirHarNW harDirSE dir dir dir dir owNW owNE owNW owNE dir dir dir dir harDirSW dirHarNE hdir hdir dirHarSW watDirSW dirWatNE wat wat wat dirWatW dir dirGraE gra forGraNW forGraN forGraNE gra dirGraSW graDirNE dir dir dir dirWatE wat wat wat wat wat wat wat dirWatNW watDirSE harDirW hdir hdir harDirE watDirNW dirWatSE wat dirWatSW dirWatS watDirNE dir dir dir graDirSW dirGraN dirGraN dirGraN graDirSE dir watDirNW dirWatS dirWatSE wat wat wat 
wat wat wat wat wat dirWatSW watDirNE dir dir dir dir dir watDirNW dirWatS dirWatS dirWatSE wat wat wat wat dirWatSW watDirNE dirHarNE hdir dirHarSW harDirN watDirSW dirWatN dirWatNE wat wat wat wat dirWatNW watDirSE dir graDirNW dirGraS dirGraSE forGraNW forGraN graForSE for forGraE gra dirGraSW graDirNE dirWatE wat wat dirWatNW watDirSE hdir hdir hdir dirHarNW harDirSE watDirNW dirWatS watDirNE dir dir owSW owSE owSW owSE dir dir watDirNW dirWatS watDirNE harDirSW dirHarNE hdir hdir hdir watDirSW dirWatNE wat wat dirWatW graDirNW dirGraSE gra forGraW for graForSW forGraN forGraNE dirGraSW dirGraS graDirNE dir watDirSW dirWatNE wat wat wat wat dirWatNW dirWatN watDirSE harDirN dirHarSE hdir dirHarNW watDirNW dirWatSE wat wat wat wat dirWatSW dirWatS dirWatS watDirNE dir dir dir dir dir watDirNW dirWatSE wat wat wat wat wat 
wat wat wat wat wat wat dirWatSW dirWatS dirWatS dirWatS dirWatS dirWatS dirWatSE wat wat wat wat wat wat wat wat dirWatW harDirW hdir hdir hdir dirHarSW harDirN watDirSW dirWatNE wat wat dirWatNW watDirSE dir graDirNW dirGraSE gra gra forGraW for for graForNW forGraSE gra gra dirGraW watDirSW dirWatN dirWatN watDirSE hdir hdir dirHarNW harDirS harDirSE watDirNW dirWatSE wat dirWatSW dirWatS dirWatS dirWatS dirWatS dirWatS dirWatS dirWatS dirWatS dirWatSE wat dirWatSW watDirNE harDirSW harDirS dirHarNE hdir hdir watDirSW dirWatN dirWatN watDirSE dirGraE gra gra forGraSW graForNE for for forGraE gra gra dirGraSW graDirNE dir watDirSW dirWatNE wat wat dirWatNW watDirSE harDirN dirHarSE hdir hdir hdir harDirE dirWatE wat wat wat wat wat wat wat wat dirWatSW dirWatS dirWatS dirWatS dirWatS dirWatS dirWatSE wat wat wat wat wat wat 
wat wat wat wat wat wat wat wat wat wat wat wat wat wat wat wat wat wat wat wat wat dirWatSW watDirNE harDirS dirHarNE hdir hdir hdir harDirE watDirSW dirWatN dirWatN watDirSE graDirNW dirGraS dirGraSE forGraNW forGraN forGraN graForSE for for graForSW forGraNE gra gra dirGraW dir dir dir harDirW hdir dirHarNW harDirSE dir watDirNW dirWatSE wat wat wat wat wat wat wat wat wat wat wat wat wat wat dirWatSW watDirNE dir harDirSW dirHarNE hdir harDirE dir dir dir dirGraE gra gra forGraNW graForSE for for graForSW forGraN forGraN forGraNE dirGraSW dirGraS graDirNE watDirSW dirWatN dirWatN watDirSE harDirW hdir hdir hdir dirHarNW harDirS watDirNW dirWatSE wat wat wat wat wat wat wat wat wat wat wat wat wat wat wat wat wat wat wat wat wat 
wat wat wat wat wat wat wat wat wat wat wat wat wat wat wat wat wat wat wat wat wat wat dirWatSW watDirNE harDirSW harDirS harDirS harDirS harDirSE dir dir graDirNW dirGraS dirGraSE gra gra forGraW for for graForNW forGraS graForNE for forGraE gra doodad2 dirGraW dir dir dir harDirSW harDirS harDirSE watDirNW dirWatS dirWatSE wat wat wat wat wat wat wat wat wat wat wat wat wat wat wat wat dirWatSW dirWatS watDirNE harDirSW harDirS harDirSE dir dir dir dirGraE doodad2 gra forGraW for graForNW forGraS graForNE for for forGraE gra gra dirGraSW dirGraS graDirNE dir dir harDirSW harDirS harDirS harDirS harDirSE watDirNW dirWatSE wat wat wat wat wat wat wat wat wat wat wat wat wat wat wat wat wat wat wat wat wat wat 
wat wat wat wat wat wat wat wat wat wat wat wat wat wat wat wat wat wat wat wat wat wat wat dirWatSW dirWatS watDirNE dir dir dir dir graDirNW dirGraSE forGraNW forGraN forGraNE gra forGraSW forGraS forGraS forGraSE gra forGraSW forGraS forGraSE gra gra dirGraSW dirGraS graDirNE dir dir dir watDirNW dirWatSE wat wat wat wat wat wat wat wat wat wat wat wat wat wat wat wat wat wat wat wat dirWatSW watDirNE dir dir dir graDirNW dirGraS dirGraSE gra gra forGraSW forGraS forGraSE gra forGraSW forGraS forGraS forGraSE gra forGraNW forGraN forGraNE dirGraSW graDirNE dir dir dir dir watDirNW dirWatS dirWatSE wat wat wat wat wat wat wat wat wat wat wat wat wat wat wat wat wat wat wat wat wat wat wat 
wat wat wat wat wat wat wat wat wat wat wat wat wat wat wat wat wat wat wat wat wat wat dirWatNW dirWatN dirWatN watDirSE dirGraS dirGraS dirGraS dirGraS dirGraSE forGraN graForSE for forGraE gra dirGraNW dirGraN dirGraN dirGraN dirGraNE gra gra gra forGraNW forGraN forGraN forGraN dirGraSW dirGraS dirGraS graDirNE watDirSW dirWatN dirWatNE wat wat wat wat wat wat wat wat wat wat wat wat wat wat wat wat wat wat dirWatNW dirWatN watDirSE graDirNW dirGraS dirGraS dirGraSE forGraN forGraN forGraN forGraNE gra gra gra dirGraNW dirGraN dirGraN dirGraN dirGraNE gra forGraW for graForSW forGraN dirGraSW dirGraS dirGraS dirGraS dirGraS watDirSW dirWatN dirWatN dirWatNE wat wat wat wat wat wat wat wat wat wat wat wat wat wat wat wat wat wat wat wat wat wat 
wat wat wat wat wat wat wat wat wat wat wat wat wat wat wat wat wat wat wat wat wat wat dirWatW graDirNW dirGraSE gra forGraNW forGraN forGraN forGraN for for graForNW forGraS forGraSE dirGraNW graDirSE dir dir dir graDirSW dirGraN dirGraNE gra forGraW for for for graForSW forGraN forGraN dirGraSW dirGraS graDirNE dirWatE wat wat wat wat wat wat wat wat wat wat wat wat wat wat wat wat wat wat dirWatW graDirNW dirGraS dirGraSE forGraN forGraN graForSE for for for forGraE gra dirGraNW dirGraN graDirSE dir dir dir graDirSW dirGraNE forGraSW forGraS graForNE for for forGraN forGraN forGraN forGraNE gra dirGraSW graDirNE dirWatE wat wat wat wat wat wat wat wat wat wat wat wat wat wat wat wat wat wat wat wat wat wat 
wat wat wat wat wat wat wat wat wat wat wat wat wat wat wat wat wat wat wat wat wat wat dirWatW dirGraE gra gra forGraW for for for for graForNW forGraSE gra gra dirGraW dir dir lfNW lfNE dir dir dirGraE gra forGraSW forGraS graForNE for for for for forGraE gra dirGraW watDirSW dirWatN dirWatNE wat wat wat wat wat wat wat wat wat wat wat wat wat wat dirWatNW dirWatN watDirSE dirGraE gra forGraW for for for for graForNW forGraS forGraSE gra dirGraW dir dir dir dir dir dir dirGraE gra gra forGraSW graForNE for for for for forGraE gra gra dirGraW dirWatE wat wat wat wat wat wat wat wat wat wat wat wat wat wat wat wat wat wat wat wat wat wat 
wat wat wat wat wat wat wat wat wat wat wat wat wat wat wat wat wat wat wat wat wat wat dirWatW dirGraE gra gra forGraW for for for for graForSW forGraNE gra gra dirGraW dir dir lfSW lfSE dir dir dirGraE gra forGraNW forGraN graForSE for for for for forGraE gra dirGraW watDirNW dirWatS dirWatSE wat wat wat wat wat wat wat wat wat wat wat wat wat wat dirWatSW dirWatS watDirNE dirGraE gra forGraW for for for for graForSW forGraN forGraNE gra dirGraW dir dir dir lfNW lfNE dir dirGraE gra gra forGraNW graForSE for for for for forGraE gra gra dirGraW dirWatE wat wat wat wat wat wat wat wat wat wat wat wat wat wat wat wat wat wat wat wat wat wat 
wat wat wat wat wat wat wat wat wat wat wat wat wat wat wat wat wat wat wat wat wat wat dirWatW graDirSW dirGraNE gra forGraSW forGraS forGraS forGraS for for graForSW forGraN forGraNE dirGraSW graDirNE dir dir dir graDirNW dirGraS dirGraSE gra forGraW for for for graForNW forGraS forGraS dirGraNW dirGraN graDirSE dirWatE wat wat wat wat wat wat wat wat wat wat wat wat wat wat wat wat wat wat dirWatW graDirSW dirGraN dirGraNE forGraS forGraS graForNE for for for forGraE gra dirGraSW dirGraS graDirNE dir lfSW lfSE graDirNW dirGraSE forGraNW forGraN graForSE for for forGraS forGraS forGraS forGraSE gra dirGraNW graDirSE dirWatE wat wat wat wat wat wat wat wat wat wat wat wat wat wat wat wat wat wat wat wat wat wat 
wat wat wat wat wat wat wat wat wat wat wat wat wat wat wat wat wat wat wat wat wat wat dirWatSW dirWatS dirWatS watDirNE dirGraN dirGraN dirGraN dirGraN dirGraNE forGraS graForNE for forGraE gra dirGraSW dirGraS dirGraS dirGraS dirGraSE gra gra gra forGraSW forGraS forGraS forGraS dirGraNW dirGraN dirGraN graDirSE watDirNW dirWatS dirWatSE wat wat wat wat wat wat wat wat wat wat wat wat wat wat wat wat wat wat dirWatSW dirWatS watDirNE graDirSW dirGraN dirGraN dirGraNE forGraS forGraS forGraS forGraSE gra gra gra dirGraSW dirGraS dirGraS dirGraS dirGraSE gra forGraW for graForNW forGraS dirGraNW dirGraN dirGraN dirGraN dirGraN watDirNW dirWatS dirWatS dirWatSE wat wat wat wat wat wat wat wat wat wat wat wat wat wat wat wat wat wat wat wat wat wat 
wat wat wat wat wat wat wat wat wat wat wat wat wat wat wat wat wat wat wat wat wat wat wat dirWatNW dirWatN watDirSE dir dir dir dir graDirSW dirGraNE forGraSW forGraS forGraSE gra forGraNW forGraN forGraN forGraNE gra forGraNW forGraN forGraNE gra gra dirGraNW dirGraN graDirSE dir dir dir watDirSW dirWatNE wat wat wat wat wat wat wat wat wat wat wat wat wat wat wat wat wat wat wat wat dirWatNW watDirSE dir dir dir graDirSW dirGraN dirGraNE gra gra forGraNW forGraN forGraNE gra forGraNW forGraN forGraN forGraNE gra forGraSW forGraS forGraSE dirGraNW graDirSE dir dir dir dir watDirSW dirWatN dirWatNE wat wat wat wat wat wat wat wat wat wat wat wat wat wat wat wat wat wat wat wat wat wat wat 
wat wat wat wat wat wat wat wat wat wat wat wat wat wat wat wat wat wat wat wat wat wat dirWatNW watDirSE harDirNW harDirN harDirN harDirN harDirNE dir dir graDirSW dirGraN dirGraNE gra gra forGraW for for graForSW forGraN graForSE for forGraE gra doodad2 dirGraW dir dir dir harDirNW harDirN harDirNE watDirSW dirWatN dirWatNE wat wat wat wat wat wat wat wat wat wat wat wat wat wat wat wat dirWatNW dirWatN watDirSE harDirNW harDirN harDirNE dir dir dir dirGraE doodad2 gra forGraW for graForSW forGraN graForSE for for forGraE gra gra dirGraNW dirGraN graDirSE dir dir harDirNW harDirN harDirN harDirN harDirNE watDirSW dirWatNE wat wat wat wat wat wat wat wat wat wat wat wat wat wat wat wat wat wat wat wat wat wat 
wat wat wat wat wat wat wat wat wat wat wat wat wat wat wat wat wat wat wat wat wat dirWatNW watDirSE harDirN dirHarSE hdir hdir hdir harDirE watDirNW dirWatS dirWatS watDirNE graDirSW dirGraN dirGraNE forGraSW forGraS forGraS graForNE for for graForNW forGraSE gra gra dirGraW dir dir dir harDirW hdir dirHarSW harDirNE dir watDirSW dirWatNE wat wat wat wat wat wat wat wat wat wat wat wat wat wat dirWatNW watDirSE dir harDirNW dirHarSE hdir harDirE dir dir dir dirGraE gra gra forGraSW graForNE for for graForNW forGraS forGraS forGraSE dirGraNW dirGraN graDirSE watDirNW dirWatS dirWatS watDirNE harDirW hdir hdir hdir dirHarSW harDirN watDirSW dirWatNE wat wat wat wat wat wat wat wat wat wat wat wat wat wat wat wat wat wat wat wat wat 
wat wat wat wat wat wat dirWatNW dirWatN dirWatN dirWatN dirWatN dirWatN dirWatNE wat wat wat wat wat wat wat wat dirWatW harDirW hdir hdir hdir dirHarNW harDirS watDirNW dirWatSE wat wat dirWatSW watDirNE dir graDirSW dirGraNE gra gra forGraW for for graForSW forGraNE gra gra dirGraW watDirNW dirWatS dirWatS watDirNE hdir hdir dirHarSW harDirN harDirNE watDirSW dirWatNE wat dirWatNW dirWatN dirWatN dirWatN dirWatN dirWatN dirWatN dirWatN dirWatN dirWatNE wat dirWatNW watDirSE harDirNW harDirN dirHarSE hdir hdir watDirNW dirWatS dirWatS watDirNE dirGraE gra gra forGraNW graForSE for for forGraE gra gra dirGraNW graDirSE dir watDirNW dirWatSE wat wat dirWatSW watDirNE harDirS dirHarNE hdir hdir hdir harDirE dirWatE wat wat wat wat wat wat wat wat dirWatNW dirWatN dirWatN dirWatN dirWatN dirWatN dirWatNE wat wat wat wat wat wat 
wat wat wat wat wat dirWatNW watDirSE dir dir dir dir dir watDirSW dirWatN dirWatN dirWatNE wat wat wat wat dirWatNW watDirSE dirHarSE hdir dirHarNW harDirS watDirNW dirWatS dirWatSE wat wat wat wat dirWatSW watDirNE dir graDirSW dirGraN dirGraNE forGraSW forGraS graForNE for forGraE gra dirGraNW graDirSE dirWatE wat wat dirWatSW watDirNE hdir hdir hdir dirHarSW harDirNE watDirSW dirWatN watDirSE dir dir owNW owNE owNW owNE dir dir watDirSW dirWatN watDirSE harDirNW dirHarSE hdir hdir hdir watDirNW dirWatSE wat wat dirWatW graDirSW dirGraNE gra forGraW for graForNW forGraS forGraSE dirGraNW dirGraN graDirSE dir watDirNW dirWatSE wat wat wat wat dirWatSW dirWatS watDirNE harDirS dirHarNE hdir dirHarSW watDirSW dirWatNE wat wat wat wat dirWatNW dirWatN dirWatN watDirSE dir dir dir dir dir watDirSW dirWatNE wat wat wat wat wat 
wat wat wat dirWatNW dirWatN watDirSE dir graDirNW dirGraS dirGraS dirGraS graDirNE dir dir dir watDirSW dirWatN dirWatNE wat dirWatNW watDirSE harDirW hdir hdir harDirE watDirNW dirWatSE wat wat wat wat wat wat wat dirWatW dir dir dir graDirSW dirGraNE gra forGraSW forGraS forGraSE gra dirGraW dir dirWatE wat wat wat dirWatSW watDirNE dirHarNE hdir hdir dirHarSW harDirNE dir dir dir dir owSW owSE owSW owSE dir dir dir dir harDirNW dirHarSE hdir hdir dirHarNW watDirNW dirWatSE wat wat wat dirWatW dir dirGraE gra forGraSW forGraS forGraSE gra dirGraNW graDirSE dir dir dir dirWatE wat wat wat wat wat wat wat dirWatSW watDirNE harDirW hdir hdir harDirE watDirSW dirWatNE wat dirWatNW dirWatN watDirSE dir dir dir graDirNW dirGraS dirGraS dirGraS graDirNE dir watDirSW dirWatN dirWatNE wat wat wat 
wat wat dirWatNW watDirSE dir dir graDirNW dirGraSE gra gra gra dirGraSW dirGraS dirGraS graDirNE dir dir watDirSW dirWatN watDirSE harDirNW dirHarSE hdir dirHarNW watDirNW dirWatSE wat wat wat wat wat wat wat wat dirWatSW dirWatS watDirNE dir dir dirGraE gra gra gra gra dirGraNW graDirSE dir dirWatE wat wat wat wat dirWatSW watDirNE dirHarNE hdir hdir dirHarSW harDirNE dir dir dir dir dir dir dir dir dir dir harDirNW dirHarSE hdir hdir dirHarNW watDirNW dirWatSE wat wat wat wat dirWatW dir graDirSW dirGraNE gra gra gra gra dirGraW dir dir watDirNW dirWatS dirWatSE wat wat wat wat wat wat wat wat dirWatSW watDirNE dirHarNE hdir dirHarSW harDirNE watDirSW dirWatN watDirSE dir dir graDirNW dirGraS dirGraS dirGraSE gra gra gra dirGraSW graDirNE dir dir watDirSW dirWatNE wat wat 
wat wat dirWatW dir dir graDirNW dirGraSE doodad3 dirGraNW dirGraN dirGraNE gra gra gra dirGraSW graDirNE dir dir dir dir harDirW hdir hdir harDirE dirWatE wat wat wat wat wat wat wat wat wat wat wat dirWatSW watDirNE dir graDirSW dirGraN dirGraNE gra doodad1 dirGraW dir dir dirWatE wat wat wat wat wat dirWatSW watDirNE dirHarNE hdir hdir harDirE dir graDirNW dirGraS dirGraS dirGraS dirGraS dirGraS dirGraS graDirNE dir harDirW hdir hdir dirHarNW watDirNW dirWatSE wat wat wat wat wat dirWatW dir dir dirGraE doodad1 gra dirGraNW dirGraN graDirSE dir watDirNW dirWatSE wat wat wat wat wat wat wat wat wat wat wat dirWatW harDirW hdir hdir harDirE dir dir dir dir graDirNW dirGraSE gra gra gra dirGraNW dirGraN dirGraNE doodad3 dirGraSW graDirNE dir dir dirWatE wat wat 
wat wat dirWatSW watDirNE dir dirGraE gra dirGraNW graDirSE lfNW lfNE dirGraN dirGraNE gra gra dirGraSW dirGraS graDirNE dir dir harDirSW harDirS harDirS harDirSE dirWatE wat wat wat wat wat wat wat wat wat wat wat wat dirWatSW dirWatS watDirNE dir dirGraE dirGraNW dirGraN graDirSE dir watDirNW dirWatSE wat wat wat wat wat wat dirWatW harDirSW harDirS harDirS harDirSE dir dirGraE gra gra doodad2 doodad2 gra gra dirGraW dir harDirSW harDirS harDirS harDirSE dirWatE wat wat wat wat wat wat dirWatSW watDirNE dir graDirSW dirGraN dirGraNE dirGraW dir watDirNW dirWatS dirWatSE wat wat wat wat wat wat wat wat wat wat wat wat dirWatW harDirSW harDirS harDirS harDirSE dir dir graDirNW dirGraS dirGraSE gra gra dirGraNW dirGraN lfNW lfNE graDirSW dirGraNE gra dirGraW dir watDirNW dirWatSE wat wat 
wat wat wat dirWatW dir dirGraE gra dirGraW dir lfSW lfSE dir dirGraE gra doodad6 gra gra dirGraSW graDirNE dir dir dir dir dir watDirSW dirWatN dirWatNE wat wat wat wat wat wat wat wat wat wat wat wat dirWatSW watDirNE graDirSW graDirSE dir dir watDirNW dirWatSE wat wat wat wat wat wat dirWatNW watDirSE dir dir dir dir graDirNW dirGraSE gra gra gra gra gra gra dirGraSW graDirNE dir dir dir dir watDirSW dirWatNE wat wat wat wat wat wat dirWatSW watDirNE dir dir graDirSW graDirSE watDirNW dirWatSE wat wat wat wat wat wat wat wat wat wat wat wat dirWatNW dirWatN watDirSE dir dir dir dir dir graDirNW dirGraSE gra gra doodad6 gra dirGraW dir lfSW lfSE dir dirGraE gra dirGraW dir dirWatE wat wat wat 
wat wat dirWatNW watDirSE dir dirGraE gra dirGraSW graDirNE dir dir dir dirGraE gra gra gra gra gra dirGraSW dirGraS dirGraS graDirNE dir dir dir dir watDirSW dirWatN dirWatNE wat wat wat wat wat wat wat wat wat wat wat dirWatSW dirWatS watDirNE dir watDirNW dirWatSE wat wat wat wat wat wat wat dirWatW dir owNW owNE graDirNW dirGraS dirGraSE gra gra doodad2 gra gra doodad2 gra gra dirGraSW dirGraS graDirNE owNW owNE dir dirWatE wat wat wat wat wat wat wat dirWatSW watDirNE dir watDirNW dirWatS dirWatSE wat wat wat wat wat wat wat wat wat wat wat dirWatNW dirWatN watDirSE dir dir dir dir graDirNW dirGraS dirGraS dirGraSE gra gra gra gra gra dirGraW dir dir dir graDirNW dirGraSE gra dirGraW dir watDirSW dirWatNE wat wat 
wat wat dirWatW dir dir graDirSW dirGraNE gra dirGraSW dirGraS dirGraS dirGraS dirGraSE gra forGraNW forGraN forGraN forGraN forGraNE gra gra dirGraSW graDirNE dir dir dir dir dir watDirSW dirWatNE wat wat wat wat wat wat wat wat wat wat wat wat dirWatSW dirWatS dirWatSE wat wat wat wat wat wat wat dirWatNW watDirSE dir owSW owSE dirGraSE gra gra gra gra gra gra gra gra gra gra gra gra dirGraSW owSW owSE dir watDirSW dirWatNE wat wat wat wat wat wat wat dirWatSW dirWatS dirWatSE wat wat wat wat wat wat wat wat wat wat wat wat dirWatNW watDirSE dir dir dir dir dir graDirNW dirGraSE gra gra forGraNW forGraN forGraN forGraN forGraNE gra dirGraSW dirGraS dirGraS dirGraS dirGraSE gra dirGraNW graDirSE dir dir dirWatE wat wat 
wat wat dirWatSW dirWatS watDirNE dir graDirSW dirGraNE gra gra gra gra doodad2 gra forGraW for for for graForSW forGraNE gra gra dirGraSW dirGraS dirGraS dirGraS graDirNE dir dir watDirSW dirWatN dirWatN dirWatNE wat wat wat wat wat wat wat wat wat wat wat wat wat wat wat wat wat wat wat dirWatW dir dir graDirNW dirGraSE gra forGraNW forGraN forGraNE gra dirGraNW dirGraN dirGraN dirGraNE gra forGraNW forGraN forGraNE gra dirGraSW graDirNE dir dir dirWatE wat wat wat wat wat wat wat wat wat wat wat wat wat wat wat wat wat wat wat dirWatNW dirWatN dirWatN watDirSE dir dir graDirNW dirGraS dirGraS dirGraS dirGraSE gra gra forGraNW graForSE for for for forGraE gra doodad2 gra gra gra gra dirGraNW graDirSE dir watDirNW dirWatS dirWatSE wat wat 
wat wat wat wat dirWatSW watDirNE dir graDirSW dirGraN dirGraN dirGraN dirGraNE gra gra forGraSW forGraS graForNE for for graForSW forGraN forGraN forGraNE gra gra gra dirGraSW dirGraS graDirNE dir dir dir watDirSW dirWatNE wat wat wat wat wat wat wat wat wat wat wat wat wat wat wat wat wat wat dirWatW dir dir dirGraE gra forGraNW graForSE for forGraE gra dirGraW dir dir dirGraE gra forGraW for graForSW forGraNE gra dirGraW dir dir dirWatE wat wat wat wat wat wat wat wat wat wat wat wat wat wat wat wat wat wat dirWatNW watDirSE dir dir dir graDirNW dirGraS dirGraSE gra gra gra forGraNW forGraN forGraN graForSE for for graForNW forGraS forGraSE gra gra dirGraNW dirGraN dirGraN dirGraN graDirSE dir watDirNW dirWatSE wat wat wat wat 
wat wat wat wat wat dirWatSW dirWatS watDirNE dir dir dir graDirSW dirGraNE gra gra gra forGraSW graForNE for for graForNW forGraS forGraSE gra gra gra gra gra dirGraSW graDirNE dir owNW owNE watDirSW dirWatNE wat wat wat wat wat wat wat wat wat wat wat wat wat wat wat wat wat dirWatSW watDirNE dir dirGraE gra forGraW for graForNW forGraSE gra dirGraW dir dir dirGraE gra forGraSW graForNE for forGraE gra dirGraW dir watDirNW dirWatSE wat wat wat wat wat wat wat wat wat wat wat wat wat wat wat wat wat dirWatNW watDirSE owNW owNE dir graDirNW dirGraSE gra gra gra gra gra forGraSW forGraS graForNE for for graForNW forGraSE gra gra gra dirGraNW graDirSE dir dir dir watDirNW dirWatS dirWatSE wat wat wat wat wat 
wat wat wat wat wat wat wat dirWatSW dirWatS dirWatS dirWatS watDirNE graDirSW dirGraN dirGraN dirGraN dirGraNE forGraSW forGraS forGraS forGraSE gra gra gra forGraNW forGraNE gra doodad2 gra dirGraW watDirNW owSW owSE dir watDirSW dirWatNE wat wat wat wat wat wat wat wat wat wat wat wat wat wat wat wat wat dirWatW dir dirGraE gra forGraSW forGraS forGraSE gra gra dirGraSW graDirNE graDirNW dirGraSE gra gra forGraSW forGraS forGraSE gra dirGraW dir dirWatE wat wat wat wat wat wat wat wat wat wat wat wat wat wat wat wat wat dirWatNW watDirSE dir owSW owSE watDirNE dirGraE gra doodad2 gra forGraNW forGraNE gra gra gra forGraSW forGraS forGraS forGraSE dirGraNW dirGraN dirGraN dirGraN graDirSE watDirNW dirWatS dirWatS dirWatS dirWatSE wat wat wat wat wat wat wat 
wat wat wat wat wat wat wat wat wat wat wat dirWatW dir dir dir dir graDirSW dirGraNE gra gra gra forGraNW forGraN forGraN graForSE forGraE gra gra gra gra watDirSW watDirSE dir dir dir dirWatE wat wat wat wat wat wat wat wat wat wat wat wat wat wat wat wat wat dirWatW dir graDirSW dirGraNE gra gra gra gra gra gra dirGraSW dirGraSE gra gra gra gra gra gra dirGraNW graDirSE dir dirWatE wat wat wat wat wat wat wat wat wat wat wat wat wat wat wat wat wat dirWatW dir dir dir watDirSW watDirSE gra gra gra gra forGraW graForSW forGraN forGraN forGraNE gra gra gra dirGraNW graDirSE dir dir dir dir dirWatE wat wat wat wat wat wat wat wat wat wat wat 
wat wat wat wat wat wat wat wat wat wat wat dirWatW dir dir dir dir dir dirGraE gra gra gra forGraW for for for graForSW forGraN forGraNE gra gra gra dirGraSW graDirNE dir dir dirWatE wat wat wat wat wat wat wat wat wat wat wat wat wat wat wat wat wat dirWatSW watDirNE dir dirGraE gra forGraNW forGraN forGraNE gra gra gra gra gra gra forGraNW forGraN forGraNE gra dirGraW dir watDirNW dirWatSE wat wat wat wat wat wat wat wat wat wat wat wat wat wat wat wat wat dirWatW dir dir graDirNW dirGraSE gra gra gra forGraNW forGraN graForSE for for for forGraE gra gra gra dirGraW dir dir dir dir dir dirWatE wat wat wat wat wat wat wat wat wat wat wat 
wat wat wat wat wat wat wat wat wat wat wat dirWatSW dirWatS dirWatS watDirNE dir dir graDirSW dirGraN dirGraNE gra forGraSW forGraS graForNE for for for graForSW forGraNE gra gra gra dirGraW dir dir dirWatE wat wat wat wat wat wat wat wat wat wat wat wat wat wat wat wat wat wat dirWatW dir dirGraE gra forGraW for forGraE gra gra gra gra gra gra forGraW for forGraE gra dirGraW dir dirWatE wat wat wat wat wat wat wat wat wat wat wat wat wat wat wat wat wat wat dirWatW dir dir dirGraE gra gra gra forGraNW graForSE for for for graForNW forGraS forGraSE gra dirGraNW dirGraN graDirSE dir dir watDirNW dirWatS dirWatS dirWatSE wat wat wat wat wat wat wat wat wat wat wat 
wat wat wat wat wat wat wat wat wat wat wat wat wat wat dirWatW owNW owNE dir dir graDirSW dirGraNE gra gra forGraW for for for for graForSW forGraN forGraNE gra dirGraSW graDirNE dir watDirSW dirWatNE wat wat wat wat wat wat wat wat wat wat wat wat wat wat wat wat wat dirWatW dir dirGraE gra forGraW for forGraE gra gra gra gra gra gra forGraW for forGraE gra dirGraW dir dirWatE wat wat wat wat wat wat wat wat wat wat wat wat wat wat wat wat wat dirWatNW watDirSE dir graDirNW dirGraSE gra forGraNW forGraN graForSE for for for for forGraE gra gra dirGraNW graDirSE dir dir owNW owNE dirWatE wat wat wat wat wat wat wat wat wat wat wat wat wat wat 
wat wat wat wat wat wat wat wat wat wat wat wat wat wat dirWatW owSW owSE dir dir dir graDirSW dirGraNE gra forGraSW graForNE for for for for for forGraE gra gra dirGraSW graDirNE dir watDirSW dirWatNE wat wat wat wat wat wat wat wat wat wat wat wat wat wat wat wat dirWatW dir dirGraE gra forGraW for graForSW forGraNE gra gra gra gra forGraNW graForSE for forGraE gra dirGraW dir dirWatE wat wat wat wat wat wat wat wat wat wat wat wat wat wat wat wat dirWatNW watDirSE dir graDirNW dirGraSE gra gra forGraW for for for for for graForNW forGraSE gra dirGraNW graDirSE dir dir dir owSW owSE dirWatE wat wat wat wat wat wat wat wat wat wat wat wat wat wat 
wat wat wat wat wat wat wat wat wat wat wat wat wat wat dirWatSW dirWatS dirWatS dirWatS watDirNE dir dir graDirSW dirGraNE gra forGraSW forGraS forGraS forGraS forGraS forGraS forGraSE gra gra gra dirGraW dir dir dirWatE wat wat wat wat wat wat wat wat wat wat wat wat wat wat wat wat dirWatW dir dirGraE gra forGraW for for graForSW forGraNE gra gra forGraNW graForSE for for forGraE gra dirGraW dir dirWatE wat wat wat wat wat wat wat wat wat wat wat wat wat wat wat wat dirWatW dir dir dirGraE gra gra gra forGraSW forGraS forGraS forGraS forGraS forGraS forGraSE gra dirGraNW graDirSE dir dir watDirNW dirWatS dirWatS dirWatS dirWatSE wat wat wat wat wat wat wat wat wat wat wat wat wat wat 
wat wat wat wat wat wat wat wat wat wat wat wat wat wat wat wat wat wat dirWatSW watDirNE dir dir graDirSW dirGraNE gra gra gra gra gra gra gra gra doodad4 gra dirGraSW graDirNE dir watDirSW dirWatNE wat wat wat wat wat wat wat wat wat wat wat wat wat wat dirWatNW watDirSE dir dirGraE gra forGraW for for for forGraE gra gra forGraW for for for forGraE gra dirGraW dir watDirSW dirWatNE wat wat wat wat wat wat wat wat wat wat wat wat wat wat dirWatNW watDirSE dir graDirNW dirGraSE gra doodad4 gra gra gra gra gra gra gra gra dirGraNW graDirSE dir dir watDirNW dirWatSE wat wat wat wat wat wat wat wat wat wat wat wat wat wat wat wat wat wat 
wat wat wat wat wat wat wat wat wat wat wat wat wat wat wat wat wat wat wat dirWatW dir dir dir dirGraE gra gra gra dirGraNW dirGraN dirGraN dirGraN dirGraNE gra gra gra dirGraW dir dir dirWatE wat wat wat wat wat wat wat wat wat wat wat wat wat wat dirWatW dir dir dirGraE gra forGraW for for graForNW forGraSE gra gra forGraSW graForNE for for forGraE gra dirGraW dir dir dirWatE wat wat wat wat wat wat wat wat wat wat wat wat wat wat dirWatW dir dir dirGraE gra gra gra dirGraNW dirGraN dirGraN dirGraN dirGraNE gra gra gra dirGraW dir dir dir dirWatE wat wat wat wat wat wat wat wat wat wat wat wat wat wat wat wat wat wat wat 
wat wat wat wat wat wat wat wat wat wat wat wat wat wat wat wat wat wat wat dirWatSW dirWatS watDirNE dir graDirSW dirGraNE doodad1 gra dirGraW dir dir dir graDirSW dirGraNE gra gra dirGraW dir dir dirWatE wat wat wat wat wat wat wat wat wat wat wat wat wat wat dirWatW dir dir dirGraE gra forGraW for for forGraE gra gra gra gra forGraW for for forGraE gra dirGraW dir dir dirWatE wat wat wat wat wat wat wat wat wat wat wat wat wat wat dirWatW dir dir dirGraE gra gra dirGraNW graDirSE dir dir dir dirGraE gra doodad1 dirGraNW graDirSE dir watDirNW dirWatS dirWatSE wat wat wat wat wat wat wat wat wat wat wat wat wat wat wat wat wat wat wat 
wat wat wat wat dirWatNW dirWatN dirWatNE wat wat wat wat wat wat wat wat wat wat wat wat wat wat dirWatW dir graDirNW dirGraSE gra gra dirGraW dir dir lfNW lfNE dirGraE gra gra dirGraW dir dir watDirSW dirWatNE wat wat wat wat wat wat wat wat wat wat wat wat wat dirWatW dir dir dirGraE gra forGraSW forGraS forGraS forGraSE dirGraNW dirGraN dirGraN dirGraNE forGraSW forGraS forGraS forGraSE gra dirGraW dir dir dirWatE wat wat wat wat wat wat wat wat wat wat wat wat wat dirWatNW watDirSE dir dir dirGraE gra gra dirGraW lfNW lfNE dir dir dirGraE gra gra dirGraSW graDirNE dir dirWatE wat wat wat wat wat wat wat wat wat wat wat wat wat wat dirWatNW dirWatN dirWatNE wat wat wat wat 
wat wat wat wat dirWatW dir watDirSW dirWatN dirWatNE wat wat wat wat wat wat wat wat wat wat wat dirWatNW watDirSE dir dirGraE gra gra gra dirGraSW graDirNE dir lfSW lfSE dirGraE gra gra dirGraW dir dir dir dirWatE wat wat wat wat wat wat wat wat wat wat wat wat wat dirWatSW dirWatS watDirNE dirGraE gra gra gra gra dirGraNW graDirSE dir dir graDirSW dirGraNE gra gra gra gra dirGraW watDirNW dirWatS dirWatSE wat wat wat wat wat wat wat wat wat wat wat wat wat dirWatW dir dir dir dirGraE gra gra dirGraW lfSW lfSE dir graDirNW dirGraSE gra gra gra dirGraW dir watDirSW dirWatNE wat wat wat wat wat wat wat wat wat wat wat dirWatNW dirWatN watDirSE dir dirWatE wat wat wat wat 
wat wat dirWatNW dirWatN watDirSE dir dir dir watDirSW dirWatN dirWatN dirWatN dirWatN dirWatNE wat wat wat wat wat wat dirWatW dir dir dirGraE gra gra gra gra dirGraSW graDirNE dir dir dirGraE doodad3 gra dirGraW dir dir dir watDirSW dirWatNE wat wat wat wat wat wat wat wat wat wat wat wat wat dirWatNW watDirSE graDirSW dirGraNE gra gra doodad2 dirGraW dir dir dir dir dirGraE doodad2 gra gra dirGraNW graDirSE watDirSW dirWatNE wat wat wat wat wat wat wat wat wat wat wat wat wat dirWatNW watDirSE dir dir dir dirGraE gra doodad3 dirGraW dir dir graDirNW dirGraSE gra gra gra gra dirGraW dir dir dirWatE wat wat wat wat wat wat dirWatNW dirWatN dirWatN dirWatN dirWatN watDirSE dir dir dir watDirSW dirWatN dirWatNE wat wat 
wat wat dirWatW dir dir dir dir dir dir dir dir dir dir watDirSW dirWatNE wat wat wat wat wat dirWatW harDirNW harDirN graDirSW dirGraNE gra gra gra gra dirGraSW dirGraS dirGraS dirGraSE gra gra dirGraW dir dir dir dir watDirSW dirWatNE wat wat wat wat wat wat wat wat wat wat wat wat dirWatW owNW owNE dirGraE gra gra gra dirGraW dir graDirNW graDirNE dir dirGraE gra gra gra dirGraW owNW owNE dirWatE wat wat wat wat wat wat wat wat wat wat wat wat dirWatNW watDirSE dir dir dir dir dirGraE gra gra dirGraSW dirGraS dirGraS dirGraSE gra gra gra gra dirGraNW graDirSE harDirN harDirNE dirWatE wat wat wat wat wat dirWatNW watDirSE dir dir dir dir dir dir dir dir dir dir dirWatE wat wat 
wat wat dirWatW dir dir graDirNW dirGraS dirGraS dirGraS dirGraS dirGraS graDirNE dir dir watDirSW dirWatN dirWatNE wat wat dirWatNW watDirSE dirHarSE hdir harDirE graDirSW dirGraN dirGraNE gra gra doodad1 gra gra dirGraNW dirGraN dirGraN graDirSE harDirNW harDirN harDirNE dir dir dirWatE wat wat wat wat wat wat wat wat wat wat wat dirWatNW watDirSE owSW owSE dirGraE gra gra gra dirGraW dir graDirSW graDirSE dir dirGraE gra gra gra dirGraW owSW owSE watDirSW dirWatNE wat wat wat wat wat wat wat wat wat wat wat dirWatW dir dir harDirNW harDirN harDirNE graDirSW dirGraN dirGraN dirGraNE gra gra doodad1 gra gra dirGraNW dirGraN graDirSE harDirW hdir dirHarSW watDirSW dirWatNE wat wat dirWatNW dirWatN watDirSE dir dir graDirNW dirGraS dirGraS dirGraS dirGraS dirGraS graDirNE dir dir dirWatE wat wat 
wat wat dirWatW dir dir dirGraE gra doodad2 gra gra gra dirGraSW dirGraS graDirNE dir dir dirWatE wat dirWatNW watDirSE dirHarSE hdir hdir harDirE watDirNW watDirNE graDirSW dirGraN dirGraN dirGraN dirGraN dirGraN graDirSE dir dir dir harDirW hdir dirHarSW harDirNE dir watDirSW dirWatNE wat wat wat wat wat wat wat wat wat dirWatNW watDirSE dir dir dir graDirSW dirGraNE gra gra dirGraSW graDirNE dir dir graDirNW dirGraSE gra gra dirGraNW graDirSE dir dir dir watDirSW dirWatNE wat wat wat wat wat wat wat wat wat dirWatNW watDirSE dir harDirNW dirHarSE hdir harDirE dir dir dir graDirSW dirGraN dirGraN dirGraN dirGraN dirGraN graDirSE watDirNW watDirNE harDirW hdir hdir dirHarSW watDirSW dirWatNE wat dirWatW dir dir graDirNW dirGraS dirGraSE gra gra gra doodad2 gra dirGraW dir dir dirWatE wat wat 
wat wat dirWatW dir dir graDirSW dirGraNE gra dirGraNW dirGraN dirGraN dirGraNE gra dirGraSW graDirNE dir dirWatE dirWatNW watDirSE dirHarSE hdir hdir dirHarNW harDirSE dirWatE dirWatSW dirWatS watDirNE dir dir dir owNW owNE dir dir dir harDirW hdir hdir dirHarSW harDirNE dir watDirSW dirWatNE wat wat wat wat wat wat wat dirWatNW watDirSE dir harDirNW harDirN harDirNE dir dirGraE gra gra gra dirGraSW graDirNE graDirNW dirGraSE gra gra gra dirGraW dir harDirNW harDirN harDirNE dir watDirSW dirWatNE wat wat wat wat wat wat wat dirWatNW watDirSE dir harDirNW dirHarSE hdir hdir harDirE dir dir dir owNW owNE dir dir dir watDirNW dirWatS dirWatSE dirWatW harDirSW dirHarNE hdir hdir dirHarSW watDirSW dirWatNE dirWatW dir graDirNW dirGraSE dirGraNW dirGraN dirGraN dirGraN dirGraNE gra dirGraNW graDirSE dir dir dirWatE wat wat 
wat wat dirWatSW dirWatS dirWatS watDirNE dirGraE gra dirGraW dir lfNW lfNE dirGraNE gra dirGraSW graDirNE watDirSW watDirSE harDirW hdir hdir dirHarNW harDirSE watDirNW dirWatSE wat wat dirWatSW watDirNE dir dir owSW owSE dir watDirNW dirWatS watDirNE dirHarNE hdir hdir dirHarSW harDirNE dir dirWatE wat wat wat wat wat wat dirWatNW watDirSE dir harDirNW dirHarSE hdir harDirE dir graDirSW dirGraNE doodad6 doodad4 gra dirGraSW dirGraSE gra doodad4 doodad6 dirGraNW graDirSE dir harDirW hdir dirHarSW harDirNE dir watDirSW dirWatNE wat wat wat wat wat wat dirWatW dir harDirNW dirHarSE hdir hdir dirHarNW watDirNW dirWatS watDirNE dir owSW owSE dir dir watDirNW dirWatSE wat wat dirWatSW watDirNE harDirSW dirHarNE hdir hdir harDirE watDirSW watDirSE graDirNW dirGraSE dirGraNW graDirSE dir dir dir dirGraE gra dirGraW watDirNW dirWatS dirWatS dirWatSE wat wat 
wat wat wat wat wat dirWatW dirGraE gra dirGraW dir lfSW lfSE dirGraE gra gra dirGraSW graDirNE harDirNW dirHarSE hdir dirHarNW harDirSE dir dirWatE wat wat wat wat dirWatSW dirWatS dirWatS watDirNE dir watDirNW dirWatSE wat dirWatSW watDirNE dirHarNE hdir hdir dirHarSW harDirNE watDirSW dirWatNE wat wat wat wat dirWatNW watDirSE dir harDirNW dirHarSE hdir hdir harDirE dir dir graDirSW dirGraN dirGraNE doodad4 gra gra doodad4 dirGraNW dirGraN graDirSE dir dir harDirW hdir hdir dirHarSW harDirNE dir watDirSW dirWatNE wat wat wat wat dirWatNW watDirSE harDirNW dirHarSE hdir hdir dirHarNW watDirNW dirWatSE wat dirWatSW watDirNE dir watDirNW dirWatS dirWatS dirWatSE wat wat wat wat dirWatW dir harDirSW dirHarNE hdir dirHarSW harDirNE graDirNW dirGraSE gra dirGraW dir dir lfNW lfNE dirGraE gra dirGraW dirWatE wat wat wat wat wat 
wat wat wat wat wat dirWatW graDirSW dirGraN dirGraNE graDirNE dir dir dirGraE gra gra gra dirGraW harDirW hdir hdir harDirE dir watDirNW dirWatSE wat wat wat wat wat wat wat dirWatSW dirWatS dirWatSE wat wat wat dirWatW harDirSW dirHarNE hdir hdir harDirE dir watDirSW dirWatNE wat dirWatNW dirWatN watDirSE harDirNW harDirN dirHarSE hdir hdir dirHarNW harDirSE dir dir dir dir graDirSW dirGraNE gra gra dirGraNW graDirSE dir dir dir dir harDirSW dirHarNE hdir hdir dirHarSW harDirN harDirNE watDirSW dirWatN dirWatNE wat dirWatNW watDirSE dir harDirW hdir hdir dirHarNW harDirSE dirWatE wat wat wat dirWatSW dirWatS dirWatSE wat wat wat wat wat wat wat dirWatSW watDirNE dir harDirW hdir hdir harDirE dirGraE gra gra dirGraSW graDirNE dir lfSW lfSE dirGraNW dirGraN graDirSE dirWatE wat wat wat wat wat 
wat wat wat wat wat dirWatW dir dir dirGraE dirGraSW dirGraS dirGraS dirGraSE gra doodad3 gra dirGraW harDirW hdir dirHarNW harDirSE dir dirWatE wat wat wat wat wat wat wat wat wat wat wat wat wat wat dirWatSW watDirNE harDirSW dirHarNE hdir dirHarSW harDirNE dir watDirSW dirWatN watDirSE harDirNW harDirN dirHarSE hdir hdir hdir dirHarNW harDirSE dir dir watDirNW watDirNE dir dir graDirSW dirGraN dirGraN graDirSE dir dir watDirNW watDirNE dir dir harDirSW dirHarNE hdir hdir hdir dirHarSW harDirN harDirNE watDirSW dirWatN watDirSE dir harDirNW dirHarSE hdir dirHarNW harDirSE watDirNW dirWatSE wat wat wat wat wat wat wat wat wat wat wat wat wat wat dirWatW dir harDirSW dirHarNE hdir harDirE dirGraE gra doodad3 gra dirGraSW dirGraS dirGraS dirGraSE dirGraW dir dir dirWatE wat wat wat wat wat 
wat wat wat wat wat dirWatW owNW owNE graDirSW dirGraNE gra gra gra forGraNW forGraN forGraNE dirGraW harDirSW harDirS harDirSE dir watDirNW dirWatSE wat wat wat wat wat wat wat wat wat wat wat wat wat wat wat dirWatSW watDirNE harDirW hdir hdir harDirE owNW owNE harDirNW harDirN dirHarSE hdir hdir hdir dirHarNW harDirS harDirSE watDirNW dirWatS dirWatS dirWatSE dirWatSW dirWatS watDirNE dir dir dir dir watDirNW dirWatS dirWatSE dirWatSW dirWatS dirWatS watDirNE harDirSW harDirS dirHarNE hdir hdir hdir dirHarSW harDirN harDirNE owNW owNE harDirW hdir hdir harDirE watDirNW dirWatSE wat wat wat wat wat wat wat wat wat wat wat wat wat wat wat dirWatSW watDirNE dir harDirSW harDirS harDirSE dirGraE forGraNW forGraN forGraNE gra gra gra dirGraNW graDirSE owNW owNE dirWatE wat wat wat wat wat 
wat wat wat wat wat dirWatW owSW owSE dir graDirSW dirGraN dirGraNE gra forGraW for forGraE dirGraW dir dir watDirNW dirWatS dirWatSE wat wat wat wat wat wat wat wat wat wat wat wat wat wat wat wat wat dirWatW harDirSW dirHarNE hdir harDirE owSW owSE harDirW hdir hdir dirHarNW harDirS harDirS watDirNW dirWatS dirWatS dirWatSE wat wat wat wat wat dirWatSW watDirNE dir dir watDirNW dirWatSE wat wat wat wat wat dirWatSW dirWatS dirWatS watDirNE harDirS harDirS dirHarNE hdir hdir harDirE owSW owSE harDirW hdir dirHarNW harDirSE dirWatE wat wat wat wat wat wat wat wat wat wat wat wat wat wat wat wat wat dirWatSW dirWatS watDirNE dir dir dirGraE forGraW for forGraE gra dirGraNW dirGraN graDirSE dir owSW owSE dirWatE wat wat wat wat wat 
wat wat wat wat wat dirWatSW dirWatS watDirNE dir dir dir graDirSW dirGraNE forGraW for forGraE dirGraW dir dir dirWatE wat wat wat wat wat wat wat wat wat wat wat wat wat wat wat wat wat wat wat dirWatSW watDirNE harDirW hdir dirHarSW harDirNE dir harDirW hdir dirHarNW harDirSE dir watDirNW dirWatSE wat wat wat wat wat wat wat wat wat dirWatSW dirWatS dirWatS dirWatSE wat wat wat wat wat wat wat wat wat dirWatSW watDirNE dir harDirSW dirHarNE hdir dirHarSW harDirNE dir harDirW hdir harDirE watDirNW dirWatSE wat wat wat wat wat wat wat wat wat wat wat wat wat wat wat wat wat wat wat dirWatW dir dir dirGraE forGraW for forGraE dirGraNW graDirSE dir dir dir watDirNW dirWatS dirWatSE wat wat wat wat wat 
wat wat wat wat wat wat wat dirWatSW dirWatS dirWatS watDirNE dir dirGraE forGraSW forGraS forGraSE dirGraSW graDirNE dir dirWatE wat wat wat wat wat wat wat wat wat wat wat wat wat wat wat wat wat wat wat wat dirWatSW watDirNE dirHarNE hdir dirHarSW harDirN dirHarSE dirHarNW harDirSE dir watDirNW dirWatSE wat wat wat wat wat wat wat wat wat wat wat wat wat wat wat wat wat wat wat wat wat wat wat wat dirWatSW watDirNE dir harDirSW dirHarNE hdir dirHarSW harDirN dirHarSE dirHarNW watDirNW dirWatSE wat wat wat wat wat wat wat wat wat wat wat wat wat wat wat wat wat wat wat wat dirWatW dir graDirNW dirGraSE forGraSW forGraS forGraSE dirGraW dir watDirNW dirWatS dirWatS dirWatSE wat wat wat wat wat wat wat 
wat wat wat wat wat wat wat wat wat wat dirWatW dir graDirSW dirGraNE forGraNW forGraN forGraNE dirGraW dir watDirSW dirWatNE wat wat wat wat wat wat wat wat wat wat wat wat wat wat wat wat wat wat wat wat dirWatW harDirSW dirHarNE hdir hdir dirHarNW harDirSE watDirNW dirWatS dirWatSE wat wat wat wat wat wat wat wat wat wat wat wat wat wat wat wat wat wat wat wat wat wat wat wat wat wat dirWatSW dirWatS watDirNE harDirSW dirHarNE hdir hdir dirHarNW harDirSE dirWatE wat wat wat wat wat wat wat wat wat wat wat wat wat wat wat wat wat wat wat wat dirWatNW watDirSE dir dirGraE forGraNW forGraN forGraNE dirGraNW graDirSE dir dirWatE wat wat wat wat wat wat wat wat wat wat 
wat wat wat wat wat wat wat wat wat wat dirWatSW watDirNE dir dirGraE forGraW for forGraE dirGraSW graDirNE dir dirWatE wat wat wat wat wat wat wat wat wat wat wat wat wat wat wat wat wat wat wat wat dirWatSW watDirNE harDirW hdir hdir harDirE dir dirWatE wat wat wat wat wat wat wat wat wat wat wat wat wat wat wat wat wat wat wat wat wat wat wat wat wat wat wat wat wat wat dirWatW dir harDirW hdir hdir harDirE watDirNW dirWatSE wat wat wat wat wat wat wat wat wat wat wat wat wat wat wat wat wat wat wat wat dirWatW dir graDirNW dirGraSE forGraW for forGraE dirGraW dir watDirNW dirWatSE wat wat wat wat wat wat wat wat wat wat 
wat wat wat wat wat wat wat wat wat wat wat dirWatW dir dirGraE forGraW for graForSW forGraNE dirGraW dir dirWatE wat wat wat wat wat wat wat wat wat wat wat wat wat wat wat wat wat wat wat wat wat dirWatW harDirSW dirHarNE hdir harDirE dir dirWatE wat wat wat wat wat wat wat wat wat wat wat wat wat wat wat wat wat wat wat wat wat wat wat wat wat wat wat wat wat wat dirWatW dir harDirW hdir dirHarNW harDirSE dirWatE wat wat wat wat wat wat wat wat wat wat wat wat wat wat wat wat wat wat wat wat wat dirWatW dir dirGraE forGraNW graForSE for forGraE dirGraW dir dirWatE wat wat wat wat wat wat wat wat wat wat wat 
wat wat wat wat wat wat wat wat wat wat dirWatNW watDirSE dir dirGraE forGraW for for forGraE dirGraW dir dirWatE wat wat wat wat wat wat wat wat wat wat wat wat wat wat wat wat wat wat wat wat wat dirWatSW watDirNE harDirW hdir dirHarSW harDirNE dirWatE wat wat wat wat wat wat wat wat wat wat wat wat wat wat wat wat wat wat wat wat wat wat wat wat wat wat wat wat wat wat dirWatW harDirNW dirHarSE hdir harDirE watDirNW dirWatSE wat wat wat wat wat wat wat wat wat wat wat wat wat wat wat wat wat wat wat wat wat dirWatW dir dirGraE forGraW for for forGraE dirGraW dir watDirSW dirWatNE wat wat wat wat wat wat wat wat wat wat 
wat wat wat wat wat wat wat wat wat wat dirWatW dir dir dirGraE forGraW for for forGraE dirGraW dir dirWatE wat wat wat wat wat wat wat wat wat wat wat wat wat wat wat wat wat wat wat wat wat wat dirWatW harDirW hdir hdir harDirE watDirSW dirWatNE wat wat wat wat wat wat wat wat wat wat wat wat wat wat wat wat wat wat wat wat wat wat wat wat wat wat wat wat dirWatNW watDirSE harDirW hdir hdir harDirE dirWatE wat wat wat wat wat wat wat wat wat wat wat wat wat wat wat wat wat wat wat wat wat wat dirWatW dir dirGraE forGraW for for forGraE dirGraW dir dir dirWatE wat wat wat wat wat wat wat wat wat wat 
wat wat wat wat wat wat wat wat dirWatNW dirWatN watDirSE graDirNW dirGraS dirGraSE forGraW for graForNW forGraSE dirGraW dir dirWatE wat wat wat wat wat wat wat wat wat wat wat wat wat wat wat wat wat wat wat wat wat wat dirWatSW watDirNE dirHarNE hdir dirHarSW harDirNE dirWatE wat wat wat wat wat wat wat wat wat wat wat wat wat wat wat wat wat wat wat wat wat wat wat wat wat wat wat wat dirWatW harDirNW dirHarSE hdir dirHarNW watDirNW dirWatSE wat wat wat wat wat wat wat wat wat wat wat wat wat wat wat wat wat wat wat wat wat wat dirWatW dir dirGraE forGraSW graForNE for forGraE dirGraSW dirGraS graDirNE watDirSW dirWatN dirWatNE wat wat wat wat wat wat wat wat 
wat wat wat wat wat wat wat wat dirWatW dir graDirNW dirGraSE gra gra forGraW forGraS forGraSE gra dirGraW dir dirWatE wat wat wat wat wat wat wat wat wat wat wat wat wat wat wat wat wat wat wat wat wat wat wat dirWatW harDirW hdir hdir harDirE dirWatE wat wat wat wat wat wat wat wat wat wat wat wat wat wat wat wat wat wat wat wat wat wat wat wat wat wat wat wat dirWatW harDirW hdir hdir harDirE dirWatE wat wat wat wat wat wat wat wat wat wat wat wat wat wat wat wat wat wat wat wat wat wat wat dirWatW dir dirGraE gra forGraSW forGraS forGraE gra gra dirGraSW graDirNE dir dirWatE wat wat wat wat wat wat wat wat 
wat wat wat wat wat wat dirWatNW dirWatN watDirSE graDirNW dirGraSE gra dirGraNW dirGraN dirGraN dirGraNE gra gra dirGraW dir watDirSW dirWatN dirWatNE wat wat wat wat wat wat wat wat wat wat wat wat wat wat wat wat wat wat wat wat wat dirWatW harDirSW dirHarNE hdir harDirE watDirSW dirWatNE wat wat wat wat wat wat wat wat wat wat wat wat wat wat wat wat wat wat wat wat wat wat wat wat wat wat dirWatNW watDirSE harDirW hdir dirHarNW harDirSE dirWatE wat wat wat wat wat wat wat wat wat wat wat wat wat wat wat wat wat wat wat wat wat dirWatNW dirWatN watDirSE dir dirGraE gra gra dirGraNW dirGraN dirGraN dirGraNE gra dirGraSW graDirNE watDirSW dirWatN dirWatNE wat wat wat wat wat wat 
wat wat wat wat wat wat dirWatW dir dir dirGraE gra dirGraNW graDirSE lfNW lfNE dirGraE doodad3 gra dirGraW harDirNW harDirN harDirNE watDirSW dirWatNE wat wat wat wat wat wat wat wat wat wat wat wat wat wat wat wat wat wat wat wat dirWatSW watDirNE harDirW hdir harDirE dir dirWatE wat wat wat wat wat wat wat wat wat wat wat wat wat wat wat wat wat wat wat wat wat wat wat wat wat wat dirWatW dir harDirW hdir harDirE watDirNW dirWatSE wat wat wat wat wat wat wat wat wat wat wat wat wat wat wat wat wat wat wat wat dirWatNW watDirSE harDirNW harDirN harDirNE dirGraE gra doodad3 dirGraW lfNW lfNE graDirSW dirGraNE gra dirGraW dir dir dirWatE wat wat wat wat wat wat 
wat wat wat wat wat wat dirWatW dir graDirNW dirGraSE gra dirGraW dir lfSW lfSE dirGraE gra gra dirGraW harDirW hdir dirHarSW harDirN watDirSW dirWatNE wat wat wat wat wat wat wat wat wat wat wat wat wat wat wat wat wat wat wat wat dirWatW harDirW hdir harDirE dir dirWatE wat wat wat wat wat wat wat wat wat wat wat wat wat wat wat wat wat wat wat wat wat wat wat wat wat wat dirWatW dir harDirW hdir harDirE dirWatE wat wat wat wat wat wat wat wat wat wat wat wat wat wat wat wat wat wat wat wat dirWatNW watDirSE harDirN dirHarSE hdir harDirE dirGraE gra gra dirGraW lfSW lfSE dir dirGraE gra dirGraSW graDirNE dir dirWatE wat wat wat wat wat wat 
wat wat wat wat wat wat dirWatW dir dirGraE gra doodad4 dirGraW dir dir graDirNW dirGraSE gra dirGraNW graDirSE harDirSW dirHarNE hdir hdir hdir watDirSW dirWatN dirWatNE wat wat wat wat wat wat wat wat wat wat wat wat wat wat wat wat wat wat dirWatW harDirW hdir dirHarSW harDirNE dirWatE wat wat wat wat wat wat wat wat wat wat wat wat wat wat wat wat wat wat wat wat wat wat wat wat wat wat dirWatW harDirNW dirHarSE hdir harDirE dirWatE wat wat wat wat wat wat wat wat wat wat wat wat wat wat wat wat wat wat dirWatNW dirWatN watDirSE hdir hdir hdir dirHarNW harDirSE graDirSW dirGraNE gra dirGraSW graDirNE dir dir dirGraE doodad4 gra dirGraW dir dirWatE wat wat wat wat wat wat 
wat wat wat wat wat wat dirWatSW watDirNE graDirSW dirGraNE gra dirGraSW dirGraS dirGraS dirGraSE dirGraN dirGraN graDirSE watDirNW watDirNE harDirSW harDirS dirHarNE hdir hdir dirHarSW watDirSW dirWatNE wat wat wat wat wat wat wat wat wat wat wat wat wat wat wat wat wat dirWatW harDirW hdir hdir harDirE dirWatE wat wat wat wat wat wat wat wat wat wat wat wat wat wat wat wat wat wat wat wat wat wat wat wat wat wat dirWatW harDirW hdir hdir harDirE dirWatE wat wat wat wat wat wat wat wat wat wat wat wat wat wat wat wat wat dirWatNW watDirSE dirHarSE hdir hdir dirHarNW harDirS harDirSE watDirNW watDirNE graDirSW dirGraN dirGraNE dirGraSW dirGraS dirGraS dirGraSE gra dirGraNW graDirSE watDirNW dirWatSE wat wat wat wat wat wat 
wat wat wat wat wat wat wat dirWatW dir graDirSW dirGraN dirGraN dirGraN dirGraN graDirSE dir dir watDirNW dirWatSE dirWatSW dirWatS watDirNE harDirSW dirHarNE hdir hdir dirHarSW watDirSW dirWatN dirWatNE wat wat wat wat wat wat wat wat wat dirWatNW dirWatN dirWatN dirWatN dirWatNE wat dirWatW harDirW hdir hdir harDirE watDirSW dirWatNE wat wat wat wat wat wat wat wat wat wat wat wat wat wat wat wat wat wat wat wat wat wat wat wat dirWatNW watDirSE harDirW hdir hdir harDirE dirWatE wat dirWatNW dirWatN dirWatN dirWatN dirWatNE wat wat wat wat wat wat wat wat wat dirWatNW dirWatN watDirSE dirHarSE hdir hdir dirHarNW harDirSE watDirNW dirWatS dirWatSE dirWatSW watDirNE dir graDirSW dirGraN dirGraN dirGraN dirGraN dirGraN graDirSE dir dirWatE wat wat wat wat wat wat wat 
wat wat wat wat wat wat wat dirWatSW dirWatS dirWatS watDirNE dir dir dir dir dir dir dirWatE wat wat wat dirWatSW watDirNE harDirSW dirHarNE hdir hdir hdir dirHarSW watDirSW dirWatN dirWatNE wat wat wat wat wat dirWatNW dirWatN watDirSE dir dir dir watDirSW dirWatN watDirSE harDirW hdir hdir harDirE dir dirWatE wat wat wat wat wat wat wat wat wat wat wat wat wat wat wat wat wat wat wat wat wat wat wat wat dirWatW dir harDirW hdir hdir harDirE watDirSW dirWatN watDirSE dir dir dir watDirSW dirWatN dirWatNE wat wat wat wat wat dirWatNW dirWatN watDirSE dirHarSE hdir hdir hdir dirHarNW harDirSE watDirNW dirWatSE wat wat wat dirWatW dir dir dir dir dir dir watDirNW dirWatS dirWatS dirWatSE wat wat wat wat wat wat wat 
wat wat wat wat wat wat wat wat wat wat dirWatSW dirWatS dirWatS dirWatS dirWatS dirWatS dirWatS dirWatSE wat wat wat wat dirWatSW watDirNE harDirSW harDirS dirHarNE hdir hdir dirHarSW harDirNE watDirSW dirWatNE wat dirWatNW dirWatN dirWatN watDirSE dir graDirNW dirGraS dirGraS dirGraS graDirNE dir dir harDirSW dirHarNE hdir dirHarSW harDirNE dirWatE wat wat wat wat wat wat wat wat wat wat wat wat wat wat wat wat wat wat wat wat wat wat wat wat dirWatW harDirNW dirHarSE hdir dirHarNW harDirSE dir dir graDirNW dirGraS dirGraS dirGraS graDirNE dir watDirSW dirWatN dirWatN dirWatNE wat dirWatNW watDirSE harDirNW dirHarSE hdir hdir dirHarNW harDirS harDirSE watDirNW dirWatSE wat wat wat wat dirWatSW dirWatS dirWatS dirWatS dirWatS dirWatS dirWatS dirWatSE wat wat wat wat wat wat wat wat wat wat 
wat wat wat wat wat wat wat wat wat wat wat wat wat wat wat wat wat wat wat wat wat wat wat dirWatSW dirWatS watDirNE harDirSW dirHarNE hdir hdir harDirE dir watDirSW dirWatN watDirSE dir dir dir dir dirGraE gra gra gra dirGraW dir dir dir harDirW hdir hdir harDirE watDirSW dirWatN dirWatN dirWatNE wat wat wat wat wat wat wat wat wat wat wat wat wat wat wat wat wat wat dirWatNW dirWatN dirWatN watDirSE harDirW hdir hdir harDirE dir dir dir dirGraE gra gra gra dirGraW dir dir dir dir watDirSW dirWatN watDirSE dir harDirW hdir hdir dirHarNW harDirSE watDirNW dirWatS dirWatSE wat wat wat wat wat wat wat wat wat wat wat wat wat wat wat wat wat wat wat wat wat wat wat 
wat wat wat wat wat wat wat wat wat wat wat wat wat wat wat wat wat wat wat wat wat wat wat wat wat dirWatSW watDirNE harDirSW dirHarNE hdir harDirE dir owNW owNE dir dir graDirNW dirGraS dirGraS dirGraSE dirGraN dirGraN dirGraN graDirSE dir graDirNW dirGraS graDirNE harDirS harDirS harDirSE dir dir dir watDirSW dirWatNE wat wat wat wat wat wat wat wat wat wat wat wat wat wat wat wat dirWatNW watDirSE dir dir dir harDirSW harDirS harDirS graDirNW dirGraS graDirNE dir graDirSW dirGraN dirGraN dirGraN dirGraSW dirGraS dirGraS graDirNE dir dir owNW owNE dir harDirW hdir dirHarNW harDirSE watDirNW dirWatSE wat wat wat wat wat wat wat wat wat wat wat wat wat wat wat wat wat wat wat wat wat wat wat wat wat 
wat wat wat wat wat wat wat wat wat wat wat wat wat wat wat wat wat wat wat wat wat wat wat wat wat wat dirWatSW watDirNE harDirSW harDirS harDirSE dir owSW owSE graDirNW dirGraS dirGraSE gra dirGraNW graDirSE dir dir lfNW lfNE graDirNW dirGraSE gra dirGraSW graDirNE dir dir dir dir dir dir watDirSW dirWatN dirWatNE wat wat wat wat wat wat wat wat wat wat wat wat dirWatNW dirWatN watDirSE dir dir dir dir dir dir graDirNW dirGraSE gra dirGraSW graDirNE lfNW lfNE dir dir graDirSW dirGraNE gra dirGraSW dirGraS graDirNE owSW owSE dir harDirSW harDirS harDirSE watDirNW dirWatSE wat wat wat wat wat wat wat wat wat wat wat wat wat wat wat wat wat wat wat wat wat wat wat wat wat wat 
wat wat wat wat wat wat wat wat wat wat wat wat wat wat wat wat wat wat wat wat wat wat wat wat wat wat dirWatNW watDirSE dir dir dir graDirNW dirGraS dirGraS dirGraSE gra gra gra dirGraW dir dir dir lfSW lfSE dirGraE gra doodad3 gra dirGraSW dirGraS dirGraS dirGraS dirGraS graDirNE dir dir dir watDirSW dirWatN dirWatN dirWatNE wat wat wat wat wat wat dirWatNW dirWatN dirWatN watDirSE dir dir dir graDirNW dirGraS dirGraS dirGraS dirGraS dirGraSE gra doodad3 gra dirGraW lfSW lfSE dir dir dir dirGraE gra gra gra dirGraSW dirGraS dirGraS graDirNE dir dir dir watDirSW dirWatNE wat wat wat wat wat wat wat wat wat wat wat wat wat wat wat wat wat wat wat wat wat wat wat wat wat wat 
wat wat wat wat wat wat wat wat wat wat wat wat wat wat wat wat wat wat wat wat wat wat wat wat dirWatNW dirWatN watDirSE dir graDirNW dirGraS dirGraS dirGraSE forGraNW forGraN forGraN forGraN forGraN forGraNE dirGraSW dirGraS graDirNE dir dir dir graDirSW dirGraNE gra forGraNW forGraN forGraN forGraN forGraN forGraNE dirGraSW dirGraS dirGraS dirGraS graDirNE dir dir watDirSW dirWatNE wat wat wat wat dirWatNW watDirSE dir dir graDirNW dirGraS dirGraS dirGraS dirGraSE forGraNW forGraN forGraN forGraN forGraN forGraNE gra dirGraNW graDirSE dir dir dir graDirNW dirGraS dirGraSE forGraNW forGraN forGraN forGraN forGraN forGraNE dirGraSW dirGraS dirGraS graDirNE dir watDirSW dirWatN dirWatNE wat wat wat wat wat wat wat wat wat dirWatNW dirWatN dirWatN dirWatN dirWatN dirWatN dirWatN dirWatNE wat wat wat wat wat wat wat 
wat wat wat wat wat wat wat wat wat wat wat wat wat wat wat wat wat wat wat wat wat wat wat wat dirWatW dir dir dir dirGraE gra gra doodad1 forGraW for for for for forGraE doodad1 gra dirGraSW graDirNE dir dir dir dirGraE doodad1 forGraW for for for for forGraE doodad1 doodad3 gra gra dirGraW dir dir dir dirWatE wat wat wat wat dirWatW dir dir dir dirGraE gra gra doodad3 doodad1 forGraW for for for for forGraE doodad1 dirGraW dir dir dir graDirNW dirGraSE gra doodad1 forGraW for for for for forGraE doodad1 gra gra dirGraW dir dir dir dirWatE wat wat wat wat wat wat wat wat dirWatNW watDirSE dir dir dir dir dir dir watDirSW dirWatNE wat wat wat wat wat wat 
