[ATTRIBUTES]
tileset tileset_default.txt
size 128 128
description """"""""
[PLAYERS]
"Player 1" 0 0
"Player 2" 0 0
"Player 3" 0 0
"Player 4" 0 0
[RESOURCES]
oil  38 60 2 2
oil  19 19 2 2
oil  13 33 2 2
oil  23 53 2 2
oil  10 61 2 2
oil  36 5 2 2
landfill 1 1 12 4 4
landfill 0 12 15 4 4
landfill 1 10 34 4 4
landfill 0 7 59 4 4
landfill 1 49 13 4 4
landfill 1 32 26 4 4
landfill 1 52 30 4 4
landfill 0 33 21 4 4
oil  90 60 2 2
oil  109 19 2 2
oil  115 33 2 2
oil  105 53 2 2
oil  118 61 2 2
oil  92 5 2 2
landfill 2 127 12 4 4
landfill 0 116 15 4 4
landfill 0 118 34 4 4
landfill 0 121 59 4 4
landfill 0 79 13 4 4
landfill 0 96 26 4 4
landfill 0 76 30 4 4
landfill 0 95 21 4 4
oil  38 68 2 2
oil  19 109 2 2
oil  13 95 2 2
oil  23 75 2 2
oil  10 67 2 2
oil  36 123 2 2
landfill 0 1 116 4 4
landfill 0 12 113 4 4
landfill 0 10 94 4 4
landfill 0 7 69 4 4
landfill 0 49 115 4 4
landfill 0 32 102 4 4
landfill 0 52 98 4 4
landfill 0 33 107 4 4
oil  90 68 2 2
oil  109 109 2 2
oil  115 95 2 2
oil  105 75 2 2
oil  118 67 2 2
oil  92 123 2 2
landfill 3 127 116 4 4
landfill 0 116 113 4 4
landfill 0 118 94 4 4
landfill 0 121 69 4 4
landfill 0 79 115 4 4
landfill 0 96 102 4 4
landfill 0 76 98 4 4
landfill 0 95 107 4 4
landfill 3 64 107 4 4
landfill 1 66 107 4 4
landfill 1 63 21 4 4
landfill 1 67 21 4 4
landfill 1 63 59 4 4
landfill 1 66 59 4 4
landfill 1 63 62 4 4
landfill 1 66 62 4 4
landfill 1 70 62 4 4
landfill 1 66 66 4 4
landfill 1 69 66 4 4
landfill 1 63 66 4 4
[CONTENT]
for for for for for for for for forGraE doodad2 gra gra gra gra gra gra gra forGraW for for for graForSW forGraN dirGraSW dirGraS con con con con conDirE dir dir dir dir dirGraE gra gra gra gra forGraW for for for for for for for for for for for for for for for for for for for for for for for for for for for for for for for for for for for for for for for for for for for for for for for for forGraE gra gra gra gra dirGraW dir dir dir dir conDirW con con con con dirGraS dirGraSE forGraN graForSE for for for forGraE gra gra gra gra gra gra gra doodad2 forGraW for for for for for for for for 
for for for for for for for graForNW forGraSE gra gra doodad5 gra gra gra gra gra forGraSW forGraS graForNE for for for graForSW forGraNE conGraSW graConNE con con dirConSW conDirN conDirNE dir dir graDirSW dirGraNE gra gra gra forGraSW forGraS forGraS forGraS graForNE for for for for for for for for for for for for for for for for for for for for for for for for for for for for for for for for for for for for for for for for graForNW forGraS forGraS forGraS forGraSE gra gra gra dirGraNW graDirSE dir dir conDirNW conDirN dirConSE con con graConNW conGraSE forGraNW graForSE for for for graForNW forGraS forGraSE gra gra gra gra gra doodad5 gra gra forGraSW graForNE for for for for for for for 
for for for for for for graForNW forGraSE doodad2 gra gra gra conGraNW conGraN conGraN conGraN conGraN conGraN conGraNE forGraSW forGraS graForNE for for forGraE gra conGraSW graConNE con con con dirConSW conDirNE dir dir graDirSW dirGraNE gra gra gra gra gra doodad2 forGraW for for for for for for for for for for for for for for for for for for for graForNW graForNE for for for for for for for for for for for for for for for for for for for forGraE doodad2 gra gra gra gra gra dirGraNW graDirSE dir dir conDirNW dirConSE con con con graConNW conGraSE gra forGraW for for graForNW forGraS forGraSE conGraNW conGraN conGraN conGraN conGraN conGraN conGraNE gra gra gra doodad2 forGraSW graForNE for for for for for for 
for for for for for graForNW forGraSE gra gra gra conGraNW conGraN graConSE con con con con con graConSW conGraNE gra forGraSW graForNE for graForSW forGraNE gra conGraSW graConNE con con con dirConSW conDirNE dir dir graDirSW dirGraNE gra gra gra gra forGraNW graForSE for for for for for for for for for for for for for for for for for for for graForSW graForSE for for for for for for for for for for for for for for for for for for for graForSW forGraNE gra gra gra gra dirGraNW graDirSE dir dir conDirNW dirConSE con con con graConNW conGraSE gra forGraNW graForSE for graForNW forGraSE gra conGraNW graConSE con con con con con graConSW conGraN conGraNE gra gra gra forGraSW graForNE for for for for for 
for for for graForNW forGraS forGraSE doodad2 gra gra conGraNW graConSE graConNW conGraS conGraS conGraS conGraS graConNE con con graConSW conGraNE gra forGraSW graForNE for graForSW forGraNE gra conGraSW graConNE con con con dirConSW conDirNE owNW owNE graDirSW dirGraNE gra gra gra forGraSW graForNE for for for for for for for for for for for for for for graForNW graForNE for for for for for for for for graForNW graForNE for for for for for for for for for for for for for for graForNW forGraSE gra gra gra dirGraNW graDirSE owNW owNE conDirNW dirConSE con con con graConNW conGraSE gra forGraNW graForSE for graForNW forGraSE gra conGraNW graConSE con con graConNW conGraS conGraS conGraS conGraS graConNE graConSW conGraNE gra gra doodad2 forGraSW forGraS graForNE for for for 
for for graForNW forGraSE doodad2 gra gra gra conGraNW graConSE graConNW conGraSE gra gra gra gra conGraSW graConNE con con graConSW conGraNE gra forGraSW graForNE for graForSW forGraNE gra conGraSW graConNE con con con dirConSW owSW owSE dir dirGraE gra gra gra gra forGraSW forGraS graForNE for for for for for for for for for for for for graForSW graForSE graForNW forGraS graForNE for for graForNW forGraS graForNE graForSW graForSE for for for for for for for for for for for for graForNW forGraS forGraSE gra gra gra gra dirGraW dir owSW owSE dirConSE con con con graConNW conGraSE gra forGraNW graForSE for graForNW forGraSE gra conGraNW graConSE con con graConNW conGraSE gra gra gra gra conGraSW graConNE graConSW conGraNE gra gra gra doodad2 forGraSW graForNE for for 
forGraS forGraS forGraSE doodad2 gra gra conGraNW conGraN graConSE graConNW conGraSE forGraNW forGraN forGraN forGraN forGraNE gra conGraSW graConNE con con graConSW conGraNE gra forGraW for for forGraE gra gra conGraSW graConNE con con con dirConSW conDirNE dir graDirSW dirGraNE gra gra gra gra doodad3 forGraW for for for for for for graForNW forGraS graForNE for for graForNW forGraS graForNE forGraE doodad3 forGraSW forGraS forGraS forGraSE doodad3 forGraW graForNW forGraS graForNE for for graForNW forGraS graForNE for for for for for for forGraE doodad3 gra gra gra gra dirGraNW graDirSE dir conDirNW dirConSE con con con graConNW conGraSE gra gra forGraW for for forGraE gra conGraNW graConSE con con graConNW conGraSE gra forGraNW forGraN forGraN forGraN forGraNE conGraSW graConNE graConSW conGraNE gra gra gra doodad2 forGraSW forGraS forGraS 
doodad6 doodad6 doodad2 gra gra conGraNW graConSE con con conGraE doodad2 forGraW for for for forGraE gra gra conGraSW graConNE con con graConSW conGraNE forGraSW forGraS forGraS forGraSE forGraN forGraNE gra conGraSW graConNE con con con conDirE dir dir dirGraE gra gra gra gra gra forGraW for for graForNW forGraS forGraS forGraS forGraSE doodad2 forGraSW forGraS forGraS forGraSE doodad3 forGraSW forGraSE gra gra gra gra gra gra forGraSW forGraSE doodad3 forGraSW forGraS forGraS forGraSE doodad2 forGraSW forGraS forGraS forGraS graForNE for for forGraE gra gra gra gra gra dirGraW dir dir conDirW con con con graConNW conGraSE gra forGraNW forGraN forGraSW forGraS forGraS forGraSE conGraNW graConSE con con graConNW conGraSE gra gra forGraW for for for forGraE doodad2 conGraSW graConNE graConSW conGraNE gra gra gra doodad2 doodad6 doodad6 
doodad2 gra gra gra conGraNW graConSE con graConNW conGraS forGraNW forGraN graForSE for for for graForSW forGraN forGraNE gra conGraSW graConNE con con graConSW conGraNE gra gra forGraW for forGraE gra gra conGraSW graConNE con con dirConSW conDirNE dir graDirSW dirGraNE gra gra gra gra forGraSW forGraS forGraS forGraSE doodad3 gra gra gra gra gra gra gra gra gra gra gra gra gra gra gra gra gra gra gra gra gra gra gra gra gra gra gra gra doodad3 forGraSW forGraS forGraS forGraSE gra gra gra gra dirGraNW graDirSE dir conDirNW dirConSE con con graConNW conGraSE gra gra forGraW for forGraE gra gra conGraNW graConSE con con graConNW conGraSE gra forGraNW forGraN graForSE for for for graForSW forGraN forGraNE conGraSW graConNE graConSW conGraN conGraNE gra gra gra doodad2 
conGraNW conGraN conGraN conGraN graConSE con graConNW conGraSE gra forGraSW forGraS forGraS forGraS forGraS graForNE for for graForSW forGraNE gra conGraSW graConNE con con graConSW conGraNE gra forGraSW forGraS forGraSE doodad5 gra gra conGraW con con con conDirE dir dir graDirSW dirGraNE gra gra gra gra doodad5 gra gra gra gra gra gra gra doodad3 gra gra gra gra gra gra gra gra gra gra gra gra gra gra gra gra gra gra doodad3 gra gra gra gra gra gra gra doodad5 gra gra gra gra dirGraNW graDirSE dir dir conDirW con con con conGraE gra gra doodad5 forGraSW forGraS forGraSE gra conGraNW graConSE con con graConNW conGraSE gra forGraNW graForSE for for graForNW forGraS forGraS forGraS graForNE forGraE doodad2 conGraSW graConNE con graConSW conGraN conGraN conGraN conGraNE 
graConSE conDirS conDirS dirConNE con graConNW conGraSE doodad2 doodad2 doodad2 conGraNW conGraNE gra gra forGraSW graForNE for for forGraE gra gra conGraSW graConNE con con graConSW conGraNE gra gra gra gra gra gra conGraW con con con dirConSW conDirNE dir dir dirGraE gra gra gra gra dirGraNW dirGraN dirGraN dirGraN dirGraN dirGraNE gra gra gra gra gra gra gra gra gra gra gra gra gra gra gra gra gra gra gra gra gra gra gra gra dirGraNW dirGraN dirGraN dirGraN dirGraN dirGraNE gra gra gra gra dirGraW dir dir conDirNW dirConSE con con con conGraE gra gra gra gra gra gra conGraNW graConSE con con graConNW conGraSE gra gra forGraW for for graForNW forGraSE gra gra conGraNW conGraNE forGraSE gra gra conGraSW graConNE dirConNW conDirS conDirS conDirS graConSW 
lfNW lfNE graDirNW conGraSW graConNE conGraE gra doodad2 gra conGraNW graConSE graConSW conGraN conGraNE gra forGraSW forGraS forGraS forGraSE doodad2 gra gra conGraW con con con graConSW conGraNE gra gra gra doodad2 gra conGraW con con con con dirConSW conDirNE dir dirGraE gra gra gra dirGraNW graDirSE dir dir dir dir dirGraE gra gra gra gra gra gra gra gra gra gra gra gra gra gra gra gra gra gra gra gra gra gra gra gra dirGraW dir dir dir dir graDirSW dirGraNE gra gra gra dirGraW dir conDirNW dirConSE con con con con conGraE gra doodad2 gra gra gra conGraNW graConSE con con con conGraE gra gra doodad2 forGraSW forGraS forGraS forGraSE gra conGraNW conGraN graConSE graConSW conGraNE gra doodad2 gra conGraSW graConNE dir dir lfNW lfNE 
lfSW lfSE dirGraSE gra conGraSW conGraSE gra gra conGraNW graConSE dirConNW conDirS dirConNE graConSW conGraNE gra gra gra gra gra gra gra conGraW con con con con graConSW conGraNE gra gra gra gra conGraW con con con con con conDirE dir dirGraE doodad5 gra gra dirGraW dir dir lfNW lfNE graDirNW dirGraSE gra gra gra gra forGraNW forGraN forGraN forGraNE doodad2 gra gra gra gra gra gra doodad2 forGraNW forGraN forGraN forGraNE gra gra gra gra dirGraSW graDirNE lfNW lfNE dir dir dirGraE gra gra doodad5 dirGraW dir conDirW con con con con con conGraE gra gra gra gra conGraNW graConSE con con con con conGraE gra gra gra gra gra gra gra conGraNW graConSE dirConNW conDirS dirConNE graConSW conGraNE gra gra gra dirGraSW graConNE conDirNE lfSW lfSE 
dirGraS dirGraSE gra gra doodad2 gra gra conGraNW graConSE conDirS conDirSE dir conDirSW dirConNE graConSW conGraN conGraN conGraN conGraNE gra doodad4 gra conGraSW graConNE con con con con conGraE gra gra gra gra conGraW con con con con dirConNW conDirSE dir graDirSW dirGraNE gra gra dirGraW dir dir lfSW lfSE dirGraE gra gra gra gra forGraNW graForSE for for graForSW forGraN forGraN forGraN forGraN forGraN forGraN forGraN forGraN graForSE for for graForSW forGraNE gra gra gra gra dirGraW lfSW lfSE dir dir dirGraE gra gra dirGraNW graDirSE dir conDirSW dirConNE con con con con conGraE gra gra gra gra conGraW con con con con graConNW conGraSE gra doodad4 gra conGraNW conGraN conGraN conGraN graConSE dirConNW conDirSE dir conDirSW conDirS graConSW conGraNE gra forGraNW forGraNE conGraSW graConNE conDirN conDirN 
gra gra doodad2 forGraNW forGraN forGraNE conGraNW graConSE conDirE dir dir lfNW lfNE conDirSW conDirS conDirS dirConNE con graConSW conGraNE gra gra gra conGraSW graConNE con con con graConSW conGraNE doodad5 gra conGraNW graConSE con con con con conDirE dir dir dir dirGraE gra gra dirGraW dir graDirNW dirGraS dirGraS dirGraSE gra forGraNW forGraN forGraNE forGraW for graForNW graForNE for for for for for for for for for for graForNW graForNE for forGraE forGraNW forGraN forGraNE gra dirGraSW dirGraS dirGraS graDirNE dir dirGraE gra gra dirGraW dir dir dir conDirW con con con con graConSW conGraNE gra doodad5 conGraNW graConSE con con con graConNW conGraSE gra gra gra conGraNW graConSE con dirConNW conDirS conDirS conDirSE lfNW lfNE dir dir conDirW graConSW conGraNE forGraW forGraE doodad2 conGraSW graConNE con 
gra doodad2 doodad2 forGraW graForNW forGraSE conGraW con dirConSW conDirNE dir lfSW lfSE dir dir dir conDirSW conDirS dirConNE graConSW conGraN conGraNE gra doodad1 conGraSW graConNE con con con graConSW conGraN conGraN graConSE con con con con con conDirE dir dir dir dirGraE gra gra dirGraSW dirGraS dirGraSE gra gra gra gra forGraW for graForSW graForSE for graForSW graForSE for for for for for for for for for for graForSW graForSE for graForSW graForSE for forGraE gra gra gra gra dirGraSW dirGraS dirGraSE gra gra dirGraW dir dir dir conDirW con con con con con graConSW conGraN conGraN graConSE con con con graConNW conGraSE doodad1 gra conGraNW conGraN graConSE dirConNW conDirS conDirSE dir dir dir lfSW lfSE dir conDirNW dirConSE con conGraE forGraSW forGraSE doodad2 gra conGraSW dirGraW 
forGraN forGraN forGraNE forGraSW forGraSE conGraNW graConSE con con dirConSW conDirN conDirN conDirN conDirN conDirNE dir dir dir conDirSW dirConNE con graConSW conGraNE gra gra conGraSW graConNE con con con con con con con con con con dirConNW conDirSE dir dir graDirNW dirGraSE gra gra gra gra gra gra gra gra forGraNW graForSE for for for for for for for for for for graForNW graForNE for for for for for for for for for for graForSW forGraNE gra gra gra gra gra gra gra gra dirGraSW graDirNE dir dir conDirSW dirConNE con con con con con con con con con con graConNW conGraSE gra gra conGraNW graConSE con dirConNW conDirSE dir dir dir conDirNW conDirN conDirN conDirN conDirN dirConSE con con graConSW conGraNE gra gra forGraNW for for 
forGraS forGraS forGraSE gra conGraNW graConSE graConNW conGraS conGraS graConNE con con con con dirConSW conDirN conDirNE dir dir conDirSW dirConNE con graConSW conGraNE gra gra conGraSW graConNE con con con con con con con con dirConNW conDirSE dir dir graDirNW dirGraSE gra gra gra gra gra doodad3 gra gra gra forGraW for for for for for for for for for for for forGraE forGraW for for for for for for for for for for for forGraE gra gra gra doodad3 gra gra gra gra gra dirGraSW graDirNE dir dir conDirSW dirConNE con con con con con con con con graConNW conGraSE gra gra conGraNW graConSE con dirConNW conDirSE dir dir conDirNW conDirN dirConSE con con con con graConNW conGraS conGraS graConNE graConSW conGraNE gra forGraSW forGraS forGraS 
conGraN conGraN conGraN conGraN graConSE graConNW conGraSE gra gra conGraSW conGraS conGraS conGraS conGraS conGraS conGraS graConNE conDirNE owNW owNE conDirW con con graConSW conGraN conGraNE gra conGraW con con con con con con con dirConNW conDirSE dir dir graDirNW dirGraSE gra gra gra gra doodad3 gra gra forGraNW forGraNE doodad2 forGraW for for for for for for for for graForNW forGraS forGraS forGraSE forGraSW forGraS forGraS graForNE for for for for for for for for forGraE doodad2 forGraNW forGraNE gra gra doodad3 gra gra gra gra dirGraSW graDirNE dir dir conDirSW dirConNE con con con con con con con conGraE gra conGraNW conGraN graConSE con con conDirE owNW owNE conDirNW graConNW conGraS conGraS conGraS conGraS conGraS conGraS conGraSE gra gra conGraSW graConNE graConSW conGraN conGraN conGraN conGraN 
conGraS conGraS conGraS conGraS conGraS conGraSE gra gra gra gra gra gra gra gra gra gra conGraSW graConNE owSW owSE conDirW graConNW conGraS graConNE con graConSW conGraN graConSE con con dirConNW conDirS conDirS conDirS conDirS conDirSE dir dir graDirNW dirGraSE gra gra gra gra gra gra gra forGraNW graForSE graForSW forGraN graForSE for for for for for for for graForNW forGraSE dirGraN dirGraN dirGraN dirGraN dirGraN dirGraN forGraSW forGraS graForNE for for for for for for graForSW forGraN graForSE graForSW forGraNE gra gra gra gra gra gra gra dirGraSW graDirNE dir dir conDirSW conDirS conDirS conDirS conDirS dirConNE con con graConSW conGraN graConSE con graConNW conGraS graConNE conDirE owSW owSE graConNW conGraSE gra gra gra gra gra gra gra gra gra gra conGraSW conGraS conGraS conGraS conGraS conGraS 
forGraN forGraNE forGraW forGraNE doodad1 gra gra gra conGraNW conGraN conGraN conGraN conGraN conGraN conGraNE gra gra conGraSW graConNE conDirN graConNW conGraSE gra conGraSW conGraS graConNE con con con dirConNW conDirSE dir lfNW lfNE dir dir dir graDirNW dirGraSE gra gra gra gra gra gra forGraNW forGraN graForSE for for for for for for for for for for for forGraE dirGraW dir lfNW lfNE dir dir lfNW lfNE dirGraNE forGraW for for for for for for for for for for graForSW forGraN forGraNE gra gra gra gra gra gra dirGraSW graDirNE dir dir dir lfNW lfNE dir conDirSW dirConNE con con con graConNW conGraS conGraSE gra conGraSW graConNE conDirN graConNW conGraSE gra gra conGraNW conGraN conGraN conGraN conGraN conGraN conGraNE gra gra gra doodad1 gra doodad2 forGraNW forGraN 
for forGraE forGraSW forGraSE gra gra gra conGraNW graConSE conDirS conDirS conDirS conDirS dirConNE graConSW conGraNE gra gra conGraSW conGraS conGraSE gra gra gra gra conGraW con con con conDirE dir dir lfSW lfSE dir graDirNW dirGraS dirGraSE gra gra gra gra gra forGraNW forGraN graForSE for for for for for for for for for for for for for forGraE dirGraW dir lfSW lfSE dir dir lfSW lfSE dirGraE forGraW for for for for for for for for for for for for graForSW forGraN forGraNE gra gra gra gra gra dirGraSW dirGraS graDirNE dir lfSW lfSE dir dir conDirW con con con conGraE gra gra gra gra conGraSW conGraS conGraSE gra gra conGraNW graConSE dirConNW conDirS conDirS conDirS conDirS graConSW conGraNE gra gra gra gra gra forGraW for 
forGraS forGraSE conGraNW conGraN conGraN conGraN conGraN graConSE conDirSE dir dir dir dir conDirW con graConSW conGraNE gra gra gra gra gra gra gra gra conGraW con con con conDirE dir dir dir dir graDirNW dirGraSE gra gra gra gra gra gra gra forGraW for for for for for for for for for for for for for for for forGraE dirGraSW dirGraS dirGraS dirGraS dirGraS graDirNE dir dir dirGraE forGraW for for for for for for for for for for for for for for forGraE gra gra gra gra gra gra gra dirGraSW graDirNE dir dir dir dir conDirW con con con conGraE gra gra gra gra gra gra gra gra conGraNW graConSE con conDirE dir dir dir dir conDirSW graConSW conGraN conGraN conGraN conGraN conGraNE forGraSW forGraS 
forGraN forGraN conGraSW dirConNW conDirS conDirS conDirS conDirSE dir dir dir dir dir conDirW con con graConSW conGraN conGraNE gra doodad4 gra conGraNW conGraN conGraN graConSE con con con conDirE dir dir dir graDirNW dirGraSE gra gra gra gra gra gra gra gra forGraW for for for for for for for for for for for for for for for graForSW forGraN forGraNE gra forGraNW forGraNE dirGraSW dirGraS dirGraS forGraNW graForSE for for for for for for for for for for for for for for forGraE gra gra gra gra gra gra gra gra dirGraSW graDirNE dir dir dir conDirW con con con graConSW conGraN conGraN conGraNE gra doodad4 gra conGraNW conGraN graConSE con con conDirE dir dir dir dir dir conDirSW conDirS conDirS conDirS dirConNE conGraSE forGraN forGraN 
for for graForSW dirGraSW dirGraS graDirNE dir dir dir dir conDirNW conDirN conDirN graConNW conGraS conGraS conGraS graConNE graConSW conGraN conGraNE conGraNW graConSE con con con con con dirConNW conDirSE dir dir dir dirGraE gra gra gra doodad4 gra gra gra gra gra forGraSW forGraS graForNE for for for for graForNW forGraS graForNE for for for for for for for for graForSW forGraN graForSE graForSW forGraN forGraN forGraN graForSE for for for for for for graForNW forGraS graForNE for for for for graForNW forGraS forGraSE gra gra gra gra gra doodad4 gra gra gra dirGraW dir dir dir conDirSW dirConNE con con con con con graConSW conGraNE conGraNW conGraN graConSE graConNW conGraS conGraS conGraS graConNE conDirN conDirN conDirNE dir dir dir dir graDirNW dirGraS dirGraSE graForSE for for 
for for for graForSW forGraNE dirGraSW conDirN conDirN conDirN conDirN dirConSE con con conGraE gra gra gra conGraSW graConNE con graConSW graConSE con con con con con dirConNW conDirSE dir dir lfNW lfNE dirGraE gra gra gra gra doodad1 gra gra gra gra gra gra forGraW for for for for forGraE doodad2 forGraW for for for for for for for for for for for for for for for for for for for for for for forGraE doodad2 forGraW for for for for forGraE gra gra gra gra gra gra doodad1 gra gra gra gra dirGraW lfNW lfNE dir dir conDirSW dirConNE con con con con con graConSW graConSE con graConNW conGraSE gra gra gra conGraW con con dirConSW conDirN conDirN conDirN conDirN dirGraSE forGraNW graForSE for for for 
for graForNW graForNE for forGraE gra conGraW graConNW conGraS conGraS conGraS conGraS conGraS conGraSE gra gra gra gra conGraSW graConNE con con con con con con dirConNW conDirSE dir dir dir lfSW lfSE dirGraE gra doodad2 gra gra gra gra gra gra gra gra gra forGraW for graForNW forGraS forGraS forGraSE gra forGraSW forGraS graForNE for for for for for for for for for for for for for for for for for for graForNW forGraS forGraSE gra forGraSW forGraS forGraS graForNE for forGraE gra gra gra gra gra gra gra gra gra doodad2 gra dirGraW lfSW lfSE dir dir dir conDirSW dirConNE con con con con con con graConNW conGraSE gra gra gra gra conGraSW conGraS conGraS conGraS conGraS conGraS graConNE conGraE gra forGraW for graForNW graForNE for 
forGraS forGraSE forGraSW forGraS forGraSE gra conGraSW conGraNW conGraN conGraN conGraN conGraN conGraN conGraN conGraN conGraN conGraN conGraN conGraN graConSE con con con con con dirConNW conDirSE dir dir dir dir dir graDirNW dirGraSE gra gra gra gra gra gra gra gra gra gra gra forGraSW forGraS forGraSE gra dirGraNW dirGraN dirGraN dirGraNE gra forGraSW graForNE for for for for for for for for for for for for for for for for graForNW forGraSE gra dirGraNW dirGraN dirGraN dirGraNE gra forGraSW forGraS forGraSE gra gra gra gra gra gra gra gra gra gra gra dirGraSW graDirNE dir dir dir dir dir conDirSW dirConNE con con con con con graConSW conGraN conGraN conGraN conGraN conGraN conGraN conGraN conGraN conGraN conGraN conGraN conGraNE conGraSE gra forGraSW forGraS forGraSE forGraSW forGraS 
gra gra gra gra conGraNW conGraN conGraN graConSE con con con con con con con con con con con con con con con con dirConNW conDirSE dir dir graDirNW dirGraS dirGraS dirGraS dirGraSE gra gra gra gra gra gra gra gra gra gra gra gra gra gra dirGraNW dirGraN graDirSE dir dir graDirSW dirGraNE gra forGraSW forGraS forGraS graForNE graForNW forGraS graForNE for for for for graForNW forGraS graForNE graForNW forGraS forGraS forGraSE gra dirGraNW graDirSE dir dir graDirSW dirGraN dirGraNE gra gra gra gra gra gra gra gra gra gra gra gra gra gra dirGraSW dirGraS dirGraS dirGraS graDirNE dir dir conDirSW dirConNE con con con con con con con con con con con con con con con con graConSW conGraN conGraN conGraNE gra gra gra gra 
conGraN conGraN conGraN conGraN graConSE con con con con con dirConNW conDirS conDirS dirConNE con con con con con con con con con dirConNW conDirSE dir dir graDirNW dirGraSE gra gra gra gra gra gra gra gra gra gra gra forGraNW forGraN forGraNE gra gra gra dirGraNW graDirSE dir dir dir lfNW lfNE dirGraE gra gra gra gra forGraSW forGraSE doodad2 forGraW for for for for forGraE doodad2 forGraSW forGraSE gra gra gra gra dirGraW lfNW lfNE dir dir dir graDirSW dirGraNE gra gra gra forGraNW forGraN forGraNE gra gra gra gra gra gra gra gra gra gra gra dirGraSW graDirNE dir dir conDirSW dirConNE con con con con con con con con con dirConNW conDirS conDirS dirConNE con con con con con graConSW conGraN conGraN conGraN conGraN 
con con con con con con con con dirConNW conDirS conDirSE dir dir conDirSW conDirS conDirS dirConNE con con con con dirConNW conDirS conDirSE dir dir graDirNW dirGraSE gra gra gra gra gra gra gra gra gra gra gra gra forGraW for forGraE gra gra gra dirGraW dir dir dir dir lfSW lfSE dirGraSE doodad3 gra gra gra gra gra forGraNW graForSE for for for for graForSW forGraNE gra gra gra gra gra doodad3 dirGraSW lfSW lfSE dir dir dir dir dirGraE gra gra gra forGraW for forGraE gra gra gra gra gra gra gra gra gra gra gra gra dirGraSW graDirNE dir dir conDirSW conDirS dirConNE con con con con dirConNW conDirS conDirS conDirSE dir dir conDirSW conDirS dirConNE con con con con con con con con 
conDirS conDirS conDirS dirConNE con con con con conDirE dir dir dir dir dir dir dir conDirW con con con dirConNW conDirSE dir dir graDirNW dirGraS dirGraSE gra gra gra gra gra forGraNW forGraN forGraN forGraN forGraN forGraNE gra gra forGraSW forGraS forGraSE gra doodad2 gra dirGraW dir dir dir dir graDirNW dirGraSE gra gra gra gra gra gra gra forGraSW graForNE for for for for graForNW forGraSE gra gra gra gra gra gra gra dirGraSW graDirNE dir dir dir dir dirGraE gra doodad2 gra forGraSW forGraS forGraSE gra gra forGraNW forGraN forGraN forGraN forGraN forGraNE gra gra gra gra gra dirGraSW dirGraS graDirNE dir dir conDirSW dirConNE con con con conDirE dir dir dir dir dir dir dir conDirW con con con con dirConNW conDirS conDirS conDirS 
dir dir dir conDirW con con con dirConNW conDirSE dir dir dir owNW owNE dir conDirNW dirConSE con con dirConNW conDirSE dir dir graDirNW dirGraSE gra gra gra forGraNW forGraN forGraN forGraN graForSE for for for for forGraE gra gra gra gra gra gra gra gra dirGraSW dirGraS dirGraS dirGraS dirGraS dirGraSE gra gra doodad5 gra gra gra gra gra gra forGraSW graForNE for for graForNW forGraSE gra gra gra gra gra gra doodad5 gra gra dirGraSW dirGraS dirGraS dirGraS dirGraS dirGraSE gra gra gra gra gra gra gra gra forGraW for for for for graForSW forGraN forGraN forGraN forGraNE gra gra gra dirGraSW graDirNE dir dir conDirSW dirConNE con con dirConSW conDirNE dir owNW owNE dir dir dir conDirSW dirConNE con con con conDirE dir dir dir 
dir dir dir conDirSW dirConNE con con conDirE dir lfNW lfNE dir owSW owSE dir conDirW con con dirConNW conDirSE dir dir graDirNW dirGraSE gra gra gra forGraNW graForSE for for for for for for for graForNW forGraSE gra gra gra gra gra gra gra forGraNW forGraN forGraN forGraN forGraN forGraN forGraN forGraN forGraNE gra gra gra gra gra gra gra gra forGraSW forGraS forGraS forGraSE gra gra gra gra gra gra gra gra forGraNW forGraN forGraN forGraN forGraN forGraN forGraN forGraN forGraNE gra gra gra gra gra gra gra forGraSW graForNE for for for for for for for graForSW forGraNE gra gra gra dirGraSW graDirNE dir dir conDirSW dirConNE con con conDirE dir owSW owSE dir lfNW lfNE dir conDirW con con dirConNW conDirSE dir dir dir 
dir dir dir dir conDirW con con conDirE dir lfSW lfSE dir conDirNW conDirN conDirN dirConSE dirConNW conDirS conDirSE dir dir graDirNW dirGraSE gra gra forGraNW forGraN graForSE for for for graForNW graForNE for for for graForSW forGraN forGraN forGraNE gra gra gra doodad5 gra forGraW for for for for for for for graForSW forGraNE gra gra gra gra gra gra gra doodad5 gra gra doodad5 gra gra gra gra gra gra gra forGraNW graForSE for for for for for for for forGraE gra doodad5 gra gra gra forGraNW forGraN forGraN graForSE for for for graForNW graForNE for for for graForSW forGraN forGraNE gra gra dirGraSW graDirNE dir dir conDirSW conDirS dirConNE dirConSW conDirN conDirN conDirNE dir lfSW lfSE dir conDirW con con conDirE dir dir dir dir 
dir dir dir conDirNW dirConSE con con dirConSW conDirN conDirN conDirN conDirN dirConSE con con dirConNW conDirSE dir dir dir graDirNW dirGraSE gra gra forGraNW graForSE for for for for for graForSW graForSE for for for for for for graForSW forGraN forGraN forGraNE gra gra forGraW for for for for for for for for graForSW forGraNE gra gra gra gra gra gra gra gra gra gra gra gra gra gra gra gra forGraNW graForSE for for for for for for for for forGraE gra gra forGraNW forGraN forGraN graForSE for for for for for for graForSW graForSE for for for for for graForSW forGraNE gra gra dirGraSW graDirNE dir dir dir conDirSW dirConNE con con dirConSW conDirN conDirN conDirN conDirN dirConSE con con dirConSW conDirNE dir dir dir 
dir dir dir conDirW con con con con con con con con con con dirConNW conDirSE dir dir graDirNW dirGraS dirGraSE gra forGraNW forGraN graForSE for for for for graForNW graForNE for for for for for for for for for for for graForSW forGraN forGraNE forGraW for for for for for for for for for graForSW forGraNE gra gra gra gra gra gra doodad5 doodad5 gra gra gra gra gra gra forGraNW graForSE for for for for for for for for for forGraE forGraNW forGraN graForSE for for for for for for for for for for for graForNW graForNE for for for for graForSW forGraN forGraNE gra dirGraSW dirGraS graDirNE dir dir conDirSW dirConNE con con con con con con con con con con conDirE dir dir dir 
dir dir conDirNW dirConSE con con con con con con con con con dirConNW conDirSE dir dir graDirNW dirGraSE gra gra gra forGraW for for for for for for graForSW graForSE for for for for for for for for for for for for for graForSW graForSE for for for for for for for for for for forGraE gra gra doodad2 gra gra gra gra gra gra gra gra doodad2 gra gra forGraW for for for for for for for for for for graForSW graForSE for for for for for for for for for for for for for graForSW graForSE for for for for for for forGraE gra gra gra dirGraSW graDirNE dir dir conDirSW dirConNE con con con con con con con con con dirConSW conDirNE dir dir 
dir conDirNW dirConSE con con con con con dirConNW conDirS conDirS conDirS conDirS conDirSE dir dir graDirNW dirGraSE gra gra forGraNW forGraN graForSE for for for for graForNW graForNE for for for for for for for for for graForNW graForNE for for for for for for for graForNW forGraS graForNE for for for for for for forGraE gra gra gra gra gra gra gra gra gra gra gra gra gra gra forGraW for for for for for for graForNW forGraS graForNE for for for for for for for graForNW graForNE for for for for for for for for for graForNW graForNE for for for for graForSW forGraN forGraNE gra gra dirGraSW graDirNE dir dir conDirSW conDirS conDirS conDirS conDirS dirConNE con con con con con dirConSW conDirNE dir 
dir conDirSW conDirS dirConNE con con con dirConNW conDirSE dir dir dir dir dir dir graDirNW dirGraSE gra gra forGraNW graForSE for for for for for for graForSW graForSE for for for for for for for for for graForSW graForSE for for for for for for for graForSW forGraN graForSE for for for graForNW graForNE for graForSW forGraNE gra gra gra gra gra gra gra gra gra gra gra gra forGraNW graForSE for graForNW graForNE for for for graForSW forGraN graForSE for for for for for for for graForSW graForSE for for for for for for for for for graForSW graForSE for for for for for for graForSW forGraNE gra gra dirGraSW graDirNE dir dir dir dir dir dir conDirSW dirConNE con con con dirConNW conDirS conDirSE dir 
dir dir dir conDirSW conDirS conDirS conDirS conDirSE dir dir dir dir dir dir graDirNW dirGraSE gra gra gra forGraW for for graForNW graForNE for for for for for for graForNW graForNE for for for for for for for for for for for for for for for for for for for for for graForSW graForSE for for forGraE gra gra gra gra gra gra gra gra gra gra gra gra forGraW for for graForSW graForSE for for for for for for for for for for for for for for for for for for for for for graForNW graForNE for for for for for for graForNW graForNE for for forGraE gra gra gra dirGraSW graDirNE dir dir dir dir dir dir conDirSW conDirS conDirS conDirS conDirSE dir dir dir 
dir dir dir dir dir dir dir dir dir dir dir dir dir graDirNW dirGraSE gra gra gra gra forGraSW forGraS forGraS forGraSE forGraW for for graForNW forGraS graForNE for graForSW graForSE forGraS graForNE for for for for for for for for for for for for for for for for for for for for for for for graForSW forGraNE gra gra gra gra gra gra gra gra gra gra forGraNW graForSE for for for for for for for for for for for for for for for for for for for for for for for graForNW forGraS graForSW graForSE for graForNW forGraS graForNE for for forGraE forGraSW forGraS forGraS forGraSE gra gra gra gra dirGraSW graDirNE dir dir dir dir dir dir dir dir dir dir dir dir dir 
dir dir dir dir dir dir dir dir dir dir dir dir graDirNW dirGraSE gra gra gra gra gra gra gra gra gra forGraSW forGraS forGraS forGraSE doodad2 forGraW for for forGraE doodad2 forGraSW forGraS graForNE for for for for for for for for for for for for for for for for for for graForNW graForNE for for forGraE gra gra gra gra gra gra gra gra gra gra forGraW for for graForNW graForNE for for for for for for for for for for for for for for for for for for graForNW forGraS forGraSE doodad2 forGraW for for forGraE doodad2 forGraSW forGraS forGraS forGraSE gra gra gra gra gra gra gra gra gra dirGraSW graDirNE dir dir dir dir dir dir dir dir dir dir dir dir 
dir dir dir dir dir dir dir graDirNW dirGraS dirGraS dirGraS graDirNE dirGraE gra gra gra gra gra gra gra gra gra gra gra gra doodad2 gra gra forGraSW forGraS forGraS forGraSE gra gra gra forGraW for for for graForNW forGraS forGraS graForNE for for graForNW graForNE for for for for for for for graForSW graForSE forGraS forGraS forGraSE gra doodad2 gra gra gra gra gra gra doodad2 gra forGraSW forGraS forGraS graForSW graForSE for for for for for for for graForNW graForNE for for graForNW forGraS forGraS graForNE for for for forGraE gra gra gra forGraSW forGraS forGraS forGraSE gra gra doodad2 gra gra gra gra gra gra gra gra gra gra gra gra dirGraW graDirNW dirGraS dirGraS dirGraS graDirNE dir dir dir dir dir dir dir 
dirGraS dirGraS dirGraS dirGraS dirGraS dirGraS dirGraS dirGraSE gra gra gra dirGraSW dirGraSE gra gra gra gra gra gra gra gra gra gra gra gra gra gra doodad3 gra gra gra gra gra gra gra forGraSW forGraS forGraS forGraS forGraSE gra forGraNW graForSE for for graForSW graForSE for for for for for for graForNW forGraS forGraSE gra gra dirGraNW dirGraN dirGraN dirGraN dirGraN dirGraN dirGraN dirGraN dirGraN dirGraN dirGraN dirGraNE gra gra forGraSW graForNE for for for for for for for graForSW graForSE for for graForSW forGraNE gra forGraSW forGraS forGraS forGraS forGraSE gra gra gra gra gra gra gra doodad3 gra gra gra gra gra gra gra gra gra gra gra gra gra gra dirGraSW dirGraSE gra gra gra dirGraSW dirGraS dirGraS dirGraS dirGraS dirGraS dirGraS dirGraS 
gra forGraNW forGraN forGraN forGraN forGraN forGraN forGraN forGraNE gra gra doodad3 gra gra forGraNW forGraN forGraN forGraN forGraNE gra gra gra gra gra gra gra gra gra gra gra gra gra gra gra gra gra gra gra gra doodad2 gra forGraW for for for for for for for for for graForNW forGraS forGraSE gra gra dirGraNW dirGraN graDirSE dir dir dir dir dir dir dir dir dir dir dirGraN dirGraNE gra gra forGraSW graForNE for for for for for for for for for for for forGraE gra doodad2 gra gra gra gra gra gra gra gra gra gra gra gra gra gra gra gra gra gra gra gra forGraNW forGraN forGraN forGraN forGraNE gra gra doodad3 gra gra forGraNW forGraN forGraN forGraN forGraN forGraN forGraN forGraNE gra 
forGraNW graForSE for for for for for for graForSW forGraN forGraNE doodad2 gra forGraNW graForSE for for for forGraE gra gra gra gra dirGraNW dirGraN dirGraN dirGraN dirGraN dirGraN dirGraNE gra gra gra gra gra gra gra gra gra gra gra forGraSW forGraS forGraS forGraS forGraS forGraS graForNE for for graForNW forGraSE gra gra gra dirGraNW graDirSE dir dir dir watDirNW dirWatS dirWatS dirWatS dirWatS dirWatS dirWatS dirWatS watDirNE dir graDirSW dirGraN dirGraNE gra forGraSW graForNE for for for for graForNW forGraS forGraS forGraS forGraS forGraS forGraSE gra gra gra gra gra gra gra gra gra gra gra dirGraNW dirGraN dirGraN dirGraN dirGraN dirGraN dirGraNE gra gra gra gra forGraW for for for graForSW forGraNE gra doodad2 forGraNW forGraN graForSE for for for for for for graForSW forGraNE 
forGraW for for graForNW forGraS graForNE for for for for graForSW forGraN forGraN graForSE for for for graForNW forGraSE gra gra dirGraNW dirGraN graDirSE dir dir dir dir dir dirGraE gra gra gra gra gra gra gra gra gra doodad3 doodad5 gra gra doodad5 gra forGraNW forGraN graForSE graForNW forGraS forGraSE gra gra gra dirGraNW graDirSE dir dir watDirNW dirWatS dirWatSE wat wat wat wat wat wat wat dirWatSW watDirNE dir dir graDirSW dirGraNE gra forGraSW graForNE for for for graForSW forGraN forGraNE gra doodad5 gra gra doodad5 doodad3 gra gra gra gra gra gra gra gra gra dirGraW dir dir dir dir dir graDirSW dirGraN dirGraNE gra gra forGraSW graForNE for for for graForSW forGraN forGraN graForSE for for for for graForNW forGraS graForNE for for forGraE 
forGraW for for forGraE doodad2 forGraSW forGraS forGraS forGraS forGraS graForNE for for for for for for forGraE doodad2 gra gra dirGraW dir dir dir graDirNW graDirNE dir dir graDirSW dirGraN dirGraN dirGraN dirGraN dirGraNE gra gra gra gra gra gra forGraNW forGraN forGraN forGraN graForSE for graForNW forGraSE gra gra gra dirGraNW dirGraN graDirSE dir dir watDirNW dirWatSE wat wat wat wat wat wat wat wat wat wat dirWatSW watDirNE dir dir graDirSW dirGraNE gra forGraSW graForNE for for for for graForSW forGraN forGraN forGraN forGraNE gra gra gra gra gra gra dirGraNW dirGraN dirGraN dirGraN dirGraN graDirSE dir dir graDirNW graDirNE dir dir dir dirGraE gra gra doodad2 forGraW for for for for for for graForNW forGraS forGraS forGraS forGraS forGraSE doodad2 forGraW for for forGraE 
forGraSW forGraS forGraS forGraSE gra doodad3 gra gra gra doodad5 forGraW for for for for graForNW forGraS forGraSE gra gra gra dirGraW dir dir dir dirGraE dirGraW dir dir dir dir dir dir dir graDirSW dirGraN dirGraN dirGraNE gra gra gra forGraW for for for for graForNW forGraSE gra gra dirGraNW dirGraN graDirSE dir dir dir watDirNW dirWatSE wat wat wat wat wat wat wat wat wat wat wat wat dirWatSW watDirNE dir dir graDirSW dirGraNE gra forGraSW graForNE for for for for for for for forGraE gra gra gra dirGraNW dirGraN dirGraN graDirSE dir dir dir dir dir dir dir dirGraE dirGraW dir dir dir dirGraE gra gra gra forGraSW forGraS graForNE for for for for forGraE doodad5 gra gra gra doodad3 gra forGraSW forGraS forGraS forGraSE 
gra gra gra gra dirGraNW dirGraN dirGraN dirGraNE gra gra forGraSW graForNE for for for graForSW forGraNE gra doodad5 gra gra dirGraW dir dir graDirNW dirGraSE dirGraSW dirGraS dirGraS dirGraS dirGraS dirGraS dirGraS graDirNE dir dir dir dirGraE gra gra gra forGraW for for for graForNW forGraSE gra gra gra dirGraW dir dir dir watDirNW dirWatS dirWatSE wat wat wat wat wat wat wat wat wat wat wat wat wat wat dirWatSW watDirNE dir dir graDirSW dirGraNE gra forGraSW graForNE for for for for for for forGraE gra gra gra dirGraW dir dir dir graDirNW dirGraS dirGraS dirGraS dirGraS dirGraS dirGraS dirGraSE dirGraSW graDirNE dir dir dirGraE gra gra doodad5 gra forGraNW graForSE for for for graForNW forGraSE gra gra dirGraNW dirGraN dirGraN dirGraNE gra gra gra gra 
gra gra dirGraNW dirGraN graDirSE dir dir graDirSW dirGraNE gra gra forGraSW forGraS graForNE for for graForSW forGraNE gra dirGraNW dirGraN graDirSE dir dir graDirSW dirGraN dirGraN dirGraNE gra gra gra gra gra dirGraSW dirGraS graDirNE dir dirGraE gra gra forGraNW graForSE for for for forGraE gra gra gra dirGraNW graDirSE dir dir watDirNW dirWatSE wat wat wat wat wat wat wat wat wat wat wat wat wat wat wat wat wat dirWatSW watDirNE dir dir graDirSW dirGraNE gra forGraSW graForNE for for for for for graForSW forGraNE gra gra dirGraW dir graDirNW dirGraS dirGraSE gra gra gra gra gra dirGraNW dirGraN dirGraN graDirSE dir dir graDirSW dirGraN dirGraNE gra forGraNW graForSE for for graForNW forGraS forGraSE gra gra dirGraNW graDirSE dir dir graDirSW dirGraN dirGraNE gra gra 
gra dirGraNW graDirSE dir dir dir dir dir dirGraE gra dirGraNW dirGraN dirGraN dirGraNE graForNE for for forGraE gra dirGraW dir dir owNW owNE dir dir dir dirGraE gra gra gra gra gra gra dirGraNW graDirSE dir dirGraE forGraNW forGraN graForSE for for for for forGraE gra gra gra dirGraW dir dir dir dirWatE wat wat wat wat wat wat wat wat wat wat wat wat wat wat wat wat wat wat wat dirWatSW watDirNE dir dir graDirSW dirGraNE gra forGraSW graForNE for for for for for graForSW forGraN forGraNE dirGraW dir graDirSW dirGraNE gra gra gra gra gra gra dirGraW dir dir dir owNW owNE dir dir dirGraE gra forGraW for for graForNW dirGraNW dirGraN dirGraN dirGraNE gra dirGraW dir dir dir dir dir graDirSW dirGraNE gra 
gra dirGraW dir dir dir dir dir graDirNW dirGraSE gra dirGraW dir dir dirGraE forGraSW graForNE for graForSW forGraN dirGraSW graDirNE dir owSW owSE dir dir dir graDirSW dirGraN dirGraN dirGraN dirGraN dirGraN dirGraN graDirSE dir graDirNW dirGraSE forGraW for for for for graForNW forGraS forGraSE gra gra dirGraNW graDirSE dir dir dir dirWatE wat wat wat wat wat wat wat wat wat wat wat wat wat wat wat wat wat wat wat wat dirWatSW watDirNE dir dir dirGraE gra gra forGraSW forGraS forGraS graForNE for for for for forGraE dirGraSW graDirNE dir graDirSW dirGraN dirGraN dirGraN dirGraN dirGraN dirGraN graDirSE dir dir dir owSW owSE dir graDirNW dirGraSE forGraN graForSE for graForNW forGraSE dirGraW dir dir dirGraE gra dirGraSW graDirNE dir dir dir dir dir dirGraE gra 
dirGraNW graDirSE dir dir dir dir dir dirGraE gra dirGraNW graDirSE dir dir dirGraE gra forGraW for for for forGraE dirGraSW graDirNE dir dir dir dir dir dir dir dir dir dir dir dir graDirNW dirGraS dirGraSE gra forGraSW forGraS forGraS forGraS forGraS forGraSE gra gra gra gra dirGraW dir dir dir dir dirWatE wat wat wat wat wat wat wat wat wat wat wat wat wat wat wat wat wat wat wat wat wat dirWatSW watDirNE dir graDirSW dirGraNE gra gra gra gra forGraSW forGraS forGraS forGraS forGraS forGraSE gra dirGraSW dirGraS graDirNE dir dir dir dir dir dir dir dir dir dir dir dir graDirNW dirGraSE forGraW for for for forGraE gra dirGraW dir dir graDirSW dirGraNE gra dirGraW dir dir dir dir dir graDirSW dirGraNE 
graDirSE dir dir dir dir dir dir graDirSW dirGraNE dirGraW dir dir dir graDirSW dirGraNE forGraSW forGraS graForNE for forGraE gra dirGraSW graDirNE dir dir dir dir dir dir dir dir dir dir graDirNW dirGraSE gra gra gra gra gra gra gra doodad2 gra doodad5 gra gra gra dirGraW dir dir dir watDirNW dirWatSE wat wat wat wat wat wat wat wat wat dirWatNW dirWatN dirWatN dirWatNE wat wat wat wat wat wat wat wat wat dirWatW dir dir graDirSW dirGraNE gra gra doodad5 gra doodad2 gra gra gra gra gra gra gra dirGraSW graDirNE dir dir dir dir dir dir dir dir dir dir graDirNW dirGraSE gra forGraW for graForNW forGraS forGraSE dirGraNW graDirSE dir dir dir dirGraE dirGraNW graDirSE dir dir dir dir dir dir graDirSW 
dir dir dir dir dir dir dir dir dirGraE dirGraW dir dir dir dir dirGraE gra gra forGraSW forGraS forGraSE gra gra dirGraSW dirGraS graDirNE dir dir graDirNW graDirNE dir dir dir graDirNW dirGraSE gra gra gra gra gra gra gra gra gra gra gra gra gra dirGraNW graDirSE dir dir dir dirWatE wat wat wat wat wat wat wat dirWatNW dirWatN dirWatN watDirSE dir dir watDirSW dirWatN dirWatN dirWatNE wat wat wat wat wat wat dirWatSW dirWatS watDirNE dir graDirSW dirGraNE gra gra gra gra gra gra gra gra gra gra gra gra dirGraSW graDirNE dir dir dir graDirNW graDirNE dir dir graDirNW dirGraS dirGraSE gra gra forGraSW forGraS forGraSE gra gra dirGraW dir dir dir dir dirGraE dirGraW dir dir dir dir harDirNW harDirN harDirN harDirNE 
dir dir dir dir dir dir dir dir graDirSW graDirSE dir dir dir dir dirGraE gra gra gra dirGraNW dirGraN dirGraN dirGraN dirGraN dirGraN graDirSE dir dir graDirSW graDirSE dir graDirNW dirGraS dirGraSE dirGraN dirGraN dirGraN dirGraN dirGraN dirGraN dirGraN dirGraN dirGraN dirGraN dirGraN dirGraN dirGraNE gra dirGraW dir dir dir watDirNW dirWatSE wat wat wat wat wat wat dirWatNW watDirSE dir dir dir dir dir dir dir dir watDirSW dirWatNE wat wat wat wat wat wat wat dirWatW dir dir dirGraE dirGraNW dirGraN dirGraN dirGraN dirGraN dirGraN dirGraN dirGraN dirGraN dirGraN dirGraN dirGraN dirGraN dirGraSW dirGraS graDirNE dir graDirSW graDirSE dir dir graDirSW dirGraN dirGraN dirGraN dirGraN dirGraN dirGraNE gra gra gra dirGraW dir dir dir dir graDirSW graDirSE dir dir dir dir harDirW hdir hdir harDirE 
dir harDirNW harDirN harDirNE dir dir lfNW lfNE dir dir dir dir dir dir dirGraE gra gra dirGraNW graDirSE dir dir dir dir dir dir dir dir dir dir graDirNW dirGraSE dirGraNW graDirSE dir dir dir dir dir dir dir dir dir dir dir dir graDirSW dirGraN graDirSE dir dir dir dirWatE wat wat wat wat wat wat wat dirWatW dir dir lfNW lfNE dir lfNW lfNE dir dir dir watDirSW dirWatNE wat wat wat wat wat wat dirWatSW watDirNE dir graDirSW graDirSE dir dir dir dir dir dir dir dir dir dir dir dir graDirSW dirGraNE dirGraSW graDirNE dir dir dir dir dir dir dir dir dir dir graDirSW dirGraNE gra gra dirGraW dir dir dir dir dir dir lfNW lfNE dir dir harDirSW dirHarNE hdir harDirE 
dir harDirW hdir harDirE dir dir lfSW lfSE dir dir dir dir dir dir graDirSW dirGraNE gra dirGraW dir dir dir dir dir dir dir dir dir dir dir graDirSW dirGraN graDirSE dir dir dir dir dir owNW owNE dir dir dir dir dir dir dir dir dir dir dir dir dirWatE wat wat wat wat wat wat dirWatNW watDirSE dir dir lfSW lfSE dir lfSW lfSE dir dir dir dir watDirSW dirWatNE wat wat wat wat wat dirWatNW watDirSE dir dir dir dir dir dir dir dir dir owNW owNE dir dir dir dir dir graDirSW dirGraN graDirSE dir dir dir dir dir dir dir dir dir dir dir dirGraE gra dirGraNW graDirSE dir dir dir dir dir dir lfSW lfSE dir dir dir harDirW hdir harDirE 
harDirNW dirHarSE hdir harDirE dir dir dir dir dir owNW owNE dir dir dir dir dirGraE gra dirGraW dir dir dir dir dir dir dir dir dir dir dir dir dir dir dir dir dir dir dir owSW owSE dir dir dir dir dir harDirNW harDirN harDirN harDirN harDirNE dir dir dirWatE wat wat wat wat wat wat dirWatW dir dir dir dir dir dir dir dir dir dir dir dir dir dirWatE wat wat wat wat wat dirWatW dir dir dir dir dir dir dir dir dir dir owSW owSE dir dir dir dir dir dir dir dir dir dir dir dir dir dir dir dir dir dir dir dirGraE gra dirGraW dir dir dir dir owNW owNE dir dir dir dir dir dir harDirW hdir harDirE 
harDirW hdir hdir harDirE graDirNW dirGraS graDirNE dir dir owSW owSE dir dir dir dir graDirSW dirGraNE dirGraSW graDirNE dir dir graDirNW dirGraS graDirNE dir dir dir dir dir dir dir dir dir dir dir dir dir dir dir dir dir harDirNW harDirN harDirN dirHarSE hdir hdir hdir dirHarSW harDirNE dir dirWatE wat wat wat wat wat wat dirWatW dir dir dir lfNW lfNE dir lfNW lfNE dir dir lfNW lfNE dir dirWatE wat wat wat wat wat dirWatW dir dir dir harDirNW harDirN harDirNE dir dir dir dir dir dir harDirNW harDirN harDirN harDirN harDirN harDirNE dir dir dir dir dir dir dir graDirNW dirGraS graDirNE dir dir graDirNW dirGraSE dirGraNW graDirSE dir dir dir dir owSW owSE dir dir graDirNW dirGraS graDirNE dir harDirW hdir dirHarSW 
harDirW hdir dirHarNW harDirSE graDirSW dirGraN graDirSE dir dir dir dir dir dir dir dir dir graDirSW dirGraNE dirGraSW dirGraS dirGraS dirGraSE dirGraN graDirSE dir dir dir dir dir harDirNW harDirN harDirN harDirN harDirN harDirN harDirN harDirN harDirN harDirN harDirN harDirN dirHarSE hdir hdir hdir hdir hdir hdir hdir harDirE dir dirWatE wat wat wat wat wat wat dirWatW dir dir dir lfSW lfSE dir lfSW lfSE dir dir lfSW lfSE dir dirWatE wat wat wat wat wat dirWatW dir dir dir harDirW hdir dirHarSW harDirN harDirN harDirN harDirN harDirN harDirN dirHarSE hdir hdir hdir hdir dirHarSW harDirN harDirN harDirN harDirN harDirNE dir dir graDirSW dirGraN dirGraSW dirGraS dirGraS dirGraSE dirGraNW graDirSE dir dir dir dir dir dir dir dir dir graDirSW dirGraN graDirSE dir harDirSW dirHarNE hdir 
harDirW hdir harDirE dir dir dir dir dir dir dir dir dir dir graDirNW graDirNE dir dir dirGraE gra gra gra dirGraW dir dir graDirNW graDirNE dir harDirNW harDirN dirHarSE hdir hdir hdir hdir hdir hdir hdir hdir hdir hdir hdir hdir hdir hdir hdir hdir hdir hdir hdir harDirE dir dirWatE wat wat wat wat wat wat dirWatW dir dir dir dir dir dir dir dir dir dir dir dir dir dirWatE wat wat wat wat wat dirWatSW watDirNE dir harDirNW dirHarSE hdir hdir hdir hdir hdir hdir hdir hdir hdir hdir dirHarNW dirHarNE hdir hdir hdir hdir hdir hdir harDirE graDirNW graDirNE dir dir dirGraE gra gra gra dirGraW dir dir graDirNW graDirNE dir dir dir dir dir dir dir dir dir dir dir harDirW hdir 
harDirW hdir harDirE dir dir dir dir dir dir dir dir dir dir graDirSW graDirSE dir dir dirGraE gra gra gra dirGraW dir dir graDirSW graDirSE dir harDirW hdir hdir hdir hdir hdir hdir hdir hdir hdir hdir hdir hdir hdir hdir hdir hdir hdir hdir hdir dirHarNW harDirS harDirSE dir dirWatE wat wat wat wat wat wat dirWatW dir dir dir dir dir dir dir dir dir dir dir dir dir dirWatE wat wat wat wat wat wat dirWatW dir harDirW hdir hdir hdir hdir hdir hdir dirHarNW harDirS harDirS harDirS harDirS harDirSE harDirSW harDirS harDirS harDirS harDirS dirHarNE hdir harDirE graDirSW graDirSE dir dir dirGraE gra gra gra dirGraW dir dir graDirSW graDirSE dir dir dir dir dir dir dir dir dir dir dir harDirW hdir 
harDirW hdir dirHarSW harDirNE graDirNW dirGraS graDirNE dir dir dir dir dir dir dir dir dir graDirNW dirGraSE dirGraNW dirGraN dirGraN dirGraNE dirGraS graDirNE dir harDirNW harDirN dirHarSE hdir hdir hdir hdir dirHarNW harDirS harDirS harDirS harDirS harDirS harDirS harDirS harDirS harDirS harDirS harDirS harDirS harDirS harDirS harDirSE dir dir dir dirWatE wat wat wat wat wat wat dirWatSW watDirNE dir dir lfNW lfNE dir lfNW lfNE dir lfNW lfNE dir dir dirWatE wat wat wat wat wat wat dirWatW dir harDirW hdir hdir hdir hdir hdir dirHarNW harDirSE dir dir dir dir dir dir dir dir dir dir harDirW hdir dirHarSW harDirNE dir graDirNW dirGraS dirGraNW dirGraN dirGraN dirGraNE dirGraSW graDirNE dir dir dir dir dir dir dir dir dir graDirNW dirGraS graDirNE dir dir harDirW hdir 
harDirW hdir hdir harDirE graDirSW dirGraN graDirSE dir dir owNW owNE dir dir dir dir graDirNW dirGraSE dirGraNW graDirSE dir dir graDirSW dirGraN graDirSE dir harDirW hdir hdir hdir dirHarNW harDirS harDirS harDirSE dir dir dir dir dir dir dir dir dir dir dir dir dir dir dir dir dir dir dirWatE wat wat wat wat wat wat wat dirWatSW watDirNE dir lfSW lfSE dir lfSW lfSE dir lfSW lfSE dir watDirNW dirWatSE wat wat wat wat wat dirWatNW watDirSE dir harDirSW harDirS harDirS harDirS harDirS harDirS harDirSE dir dir dir dir dir dir dir dir dir dir dir harDirW hdir hdir dirHarSW harDirNE graDirSW dirGraN graDirSE dir dir graDirSW dirGraNE dirGraSW graDirNE dir dir dir dir owNW owNE dir dir graDirSW dirGraN graDirSE dir dir harDirW hdir 
harDirSW dirHarNE hdir harDirE dir dir dir dir dir owSW owSE dir dir dir dir dirGraE gra dirGraW dir dir dir dir dir dir dir harDirSW harDirS harDirS harDirS harDirSE dir dir dir dir dir dir dir owNW owNE dir dir dir dir dir dir dir dir dir dir dir dir watDirSW dirWatNE wat wat wat wat wat wat wat dirWatSW watDirNE dir dir dir dir dir dir dir dir dir dirWatE wat wat wat wat wat wat dirWatW dir dir dir dir dir dir dir dir dir dir owNW owNE dir dir dir dir dir dir dir dir harDirSW dirHarNE hdir hdir harDirE dir dir dir dir dir dir dirGraE gra dirGraW dir dir dir dir owSW owSE dir dir dir dir dir dir dir harDirW hdir 
dir harDirW hdir harDirE dir dir lfNW lfNE dir dir dir dir dir dir graDirNW dirGraSE gra dirGraW dir dir dir dir dir dir dir dir dir dir dir graDirNW dirGraS graDirNE dir dir dir dir dir owSW owSE dir dir dir dir dir dir dir dir dir dir dir dir dir dirWatE wat wat wat wat wat wat wat wat dirWatW dir dir dir dir dir dir dir watDirNW dirWatS dirWatSE wat wat wat wat wat wat dirWatW dir dir dir dir dir dir dir dir dir dir owSW owSE dir dir dir dir dir graDirNW dirGraS graDirNE dir harDirSW harDirS harDirS harDirSE dir dir dir dir dir dir dirGraE gra dirGraSW graDirNE dir dir dir dir dir dir lfNW lfNE dir dir dir harDirNW dirHarSE hdir 
dir harDirW hdir dirHarSW harDirNE dir lfSW lfSE dir dir dir dir dir dir dirGraE gra gra dirGraSW graDirNE dir dir dir dir dir dir dir dir dir dir graDirSW dirGraNE dirGraSW graDirNE dir dir dir dir dir dir dir dir dir dir dir dir graDirNW dirGraS dirGraS dirGraS graDirNE dir dir watDirSW dirWatNE wat wat wat wat wat wat wat dirWatSW dirWatS watDirNE dir dir dir dir watDirNW dirWatSE wat wat wat wat wat wat wat dirWatNW watDirSE dir dir dir dir dir dir dir dir dir dir dir dir dir dir dir dir graDirNW dirGraSE dirGraNW graDirSE dir dir dir dir dir dir dir dir dir dir graDirNW dirGraSE gra gra dirGraW dir dir dir dir dir dir lfSW lfSE dir dir harDirNW dirHarSE hdir hdir 
dir harDirW hdir hdir harDirE dir dir dir graDirNW graDirNE dir dir dir dir dirGraE gra gra gra dirGraSW dirGraS dirGraS dirGraS dirGraS dirGraS graDirNE dir dir graDirNW graDirNE dir graDirSW dirGraN dirGraNE dirGraS dirGraS dirGraS dirGraS dirGraS dirGraS dirGraS dirGraS dirGraS dirGraS dirGraS dirGraS dirGraSE gra gra forGraNW forGraN dir dir dir dirWatE wat wat wat wat wat wat wat wat wat dirWatSW dirWatS dirWatS dirWatS dirWatS dirWatSE wat wat wat wat wat wat wat forGraNW forGraN dir dir dir dir graDirNW dirGraS dirGraS dirGraS dirGraS dirGraS dirGraS dirGraS dirGraS dirGraS dirGraS dirGraS dirGraS dirGraNW dirGraN graDirSE dir graDirNW graDirNE dir dir graDirNW dirGraS dirGraS dirGraS dirGraS dirGraS dirGraSE gra gra gra dirGraW dir dir dir dir graDirNW graDirNE dir dir dir dir harDirW hdir hdir dirHarNW 
dir harDirSW harDirS harDirS harDirSE dir dir dir dirGraE dirGraW dir dir dir dir dirGraE gra gra forGraNW forGraN forGraNE gra gra dirGraNW dirGraN graDirSE dir dir graDirSW graDirSE dir dir dir graDirSW dirGraNE gra gra gra gra gra gra gra gra gra gra gra gra gra gra forGraW for dir dir dir watDirSW dirWatNE wat wat wat wat wat wat wat wat wat wat wat wat wat wat wat wat wat wat wat wat wat forGraW wat dir dir dir dir dirGraE gra gra gra gra gra gra gra gra gra gra gra dirGraNW graDirSE dir dir dir graDirSW graDirSE dir dir graDirSW dirGraN dirGraNE gra gra forGraNW forGraN forGraNE gra gra dirGraW dir dir dir dir dirGraE dirGraW dir dir dir dir harDirSW harDirS harDirS harDirSE 
graDirNE dir dir dir dir dir dir graDirNW dirGraSE dirGraW dir dir dir graDirNW dirGraSE forGraNW forGraN graForSE for forGraE gra dirGraNW graDirSE dir dir dir dir dir dir dir dir dir dir graDirSW dirGraNE gra gra gra gra gra gra gra doodad2 gra doodad5 gra gra gra forGraW for for dir dir dir wat wat wat wat wat wat wat wat wat wat wat wat wat wat wat wat wat wat wat wat wat dirWatNW watDirSE dir dir dir dir graDirNW dirGraSE doodad5 gra doodad2 gra gra gra gra gra gra gra dirGraNW graDirSE dir dir dir dir dir dir dir dir dir dir graDirSW dirGraNE gra forGraW for graForSW forGraN forGraNE dirGraSW graDirNE dir dir dir dirGraE dirGraSW graDirNE dir dir dir dir dir dir graDirNW 
dirGraSW graDirNE dir dir dir dir dir dirGraE gra dirGraSW graDirNE dir dir dirGraE gra forGraW for for for forGraE dirGraNW graDirSE dir dir dir dir dir dir dir dir dir dir dir dir graDirSW dirGraN dirGraNE gra forGraNW forGraN forGraN forGraN forGraN forGraNE gra forGraNW forGraN forGraN graForSE for for for dir dir watDirSW dirWatNE wat wat wat wat wat wat wat wat wat wat wat wat wat wat wat wat wat wat dirWatNW watDirSE dir dir dir dir dir forGraN forGraNE gra forGraNW forGraN forGraN forGraN forGraN forGraNE gra dirGraNW dirGraN graDirSE dir dir dir dir dir dir dir dir dir dir dir dir graDirSW dirGraNE forGraW for for for forGraE gra dirGraW dir dir graDirNW dirGraSE gra dirGraW dir dir dir dir dir graDirNW dirGraSE 
gra dirGraW dir dir dir dir dir graDirSW dirGraNE gra dirGraW dir graDirNW dirGraSE forGraNW graForSE for graForNW forGraS dirGraNW graDirSE dir owNW owNE dir dir dir graDirNW dirGraS dirGraS dirGraS dirGraS dirGraS dirGraS graDirNE dir graDirSW dirGraNE forGraW for for for for graForSW forGraN graForSE for for for for for for dir dir dir watDirSW dirWatNE wat wat wat wat wat wat wat wat wat wat wat wat wat wat wat wat dirWatNW watDirSE dir dir dir dir dir for for graForSW forGraN graForSE for for for for forGraE dirGraNW graDirSE dir graDirNW dirGraS dirGraS dirGraS dirGraS dirGraS dirGraS graDirNE dir dir dir owNW owNE dir graDirSW dirGraNE forGraS graForNE for graForSW forGraNE dirGraSW graDirNE dir dirGraE gra dirGraNW graDirSE dir dir dir dir dir dirGraE gra 
gra dirGraSW graDirNE dir dir dir dir dir dirGraE gra dirGraSW dirGraS dirGraSE doodad4 forGraW for for forGraE gra dirGraW dir dir owSW owSE dir dir dir dirGraE gra gra gra gra gra gra dirGraSW graDirNE dir dirGraE forGraSW forGraS graForNE for for for for for for graForNW graForNE for for for graForNW dir dir dir watDirSW dirWatNE wat wat wat wat wat wat wat wat wat wat wat wat wat wat wat dirWatW dir dir dir dir dir graDirNW graForNE for for for for for for graForNW forGraS forGraSE dirGraW dir graDirNW dirGraSE gra gra gra gra gra gra dirGraW dir dir dir owSW owSE dir dir dirGraE gra forGraW for for forGraE doodad1 dirGraSW dirGraS dirGraSE gra dirGraW dir dir dir dir dir graDirNW dirGraSE gra 
gra gra dirGraSW dirGraS graDirNE dir dir graDirNW dirGraSE gra gra forGraNW forGraN forGraN graForSE for graForNW forGraSE gra dirGraSW dirGraS graDirNE dir dir graDirNW dirGraS dirGraS dirGraSE gra gra gra gra gra dirGraNW dirGraN graDirSE dir dirGraE gra gra forGraSW graForNE for for for for for graForSW graForSE for for for graForSW graForSE dir dir dir watDirSW dirWatNE wat wat wat wat wat wat wat wat wat wat wat wat wat dirWatNW watDirSE dir dir dir dir dir graForSW graForSE for for for for for graForNW forGraSE gra gra dirGraW dir graDirSW dirGraN dirGraNE gra gra gra gra gra dirGraSW dirGraS dirGraS graDirNE dir dir graDirNW dirGraS dirGraSE gra forGraSW graForNE for graForSW forGraN forGraN forGraNE gra gra dirGraSW graDirNE dir dir graDirNW dirGraS dirGraSE gra gra 
gra gra gra gra dirGraSW dirGraS dirGraS dirGraSE gra gra forGraNW graForSE for for for graForNW forGraSE gra doodad5 gra gra dirGraW dir dir graDirSW dirGraNE dirGraNW dirGraN dirGraN dirGraN dirGraN dirGraN dirGraN graDirSE dir dir dir dirGraE gra gra gra forGraW for for for for for for for for for for for for for dir dir dir watDirSW dirWatN dirWatNE wat wat wat wat wat wat wat wat wat dirWatNW dirWatN watDirSE dir dir dir dir dir for for for for for for for for forGraE gra gra gra dirGraW dir dir dir graDirSW dirGraN dirGraN dirGraN dirGraN dirGraN dirGraN dirGraNE dirGraNW graDirSE dir dir dirGraE gra gra doodad5 gra forGraSW graForNE for for for graForSW forGraNE gra gra dirGraSW dirGraS dirGraS dirGraSE gra gra gra gra 
forGraNW forGraN forGraN forGraNE gra doodad3 gra gra gra doodad5 forGraW for for for for graForSW forGraN forGraNE gra gra gra dirGraW dir dir dir dirGraE dirGraW dir dir dir dir dir dir dir graDirNW dirGraS dirGraS dirGraSE gra gra gra forGraW for for for for for for for for for for for for for for dir dir dir dir watDirSW dirWatN dirWatNE wat wat wat wat wat dirWatNW dirWatN watDirSE dir dir dir dir dir dir for for for for for for for for for forGraE gra gra gra dirGraSW dirGraS dirGraS graDirNE dir dir dir dir dir dir dir dirGraE dirGraW dir dir dir dirGraE gra gra gra forGraNW forGraN graForSE for for for for forGraE doodad5 gra gra gra doodad3 gra forGraNW forGraN forGraN forGraNE 
forGraW for for forGraE doodad2 forGraNW forGraN forGraN forGraN forGraN graForSE for for for for for for forGraE doodad2 gra gra dirGraW dir dir dir graDirSW graDirSE dir dir graDirNW dirGraS dirGraS dirGraS dirGraS dirGraSE gra gra gra gra gra gra forGraSW forGraS forGraS forGraS graForNE for for for for for for for for for for graForNW graDirNE dir dir dir dir watDirSW dirWatN dirWatN dirWatN dirWatN dirWatN watDirSE dir dir dir dir dir dir for for for for for for for graForNW forGraS forGraS forGraS forGraSE gra gra gra gra gra gra dirGraSW dirGraS dirGraS dirGraS dirGraS graDirNE dir dir graDirSW graDirSE dir dir dir dirGraE gra gra doodad2 forGraW for for for for for for graForSW forGraN forGraN forGraN forGraN forGraNE doodad2 forGraW for for forGraE 
forGraW for for graForSW forGraN graForSE for for for for graForNW forGraS forGraS graForNE for for for graForSW forGraNE gra gra dirGraSW dirGraS graDirNE dir dir dir dir dir dirGraE gra gra gra gra gra gra gra gra gra doodad3 doodad5 gra gra doodad5 gra forGraSW forGraS graForNE for for for for for for for for forGraE dirGraSW dirGraS dirGraS dirGraS dirGraS graDirNE dir dir dir dir dir dir dir dirGraS forGraW for for for for for for for for graForNW forGraS forGraSE gra doodad5 gra gra doodad5 doodad3 gra gra gra gra gra gra gra gra gra dirGraW dir dir dir dir dir graDirNW dirGraS dirGraSE gra gra forGraNW graForSE for for for graForNW forGraS forGraS graForNE for for for for graForSW forGraN graForSE for for forGraE 
forGraSW graForNE for for for for for for graForNW forGraS forGraSE doodad2 gra forGraSW graForNE for for for forGraE gra gra gra gra dirGraSW dirGraS dirGraS dirGraS dirGraS dirGraS dirGraSE gra gra gra gra gra gra gra gra gra gra gra forGraNW forGraN forGraN forGraN forGraN forGraN graForSE for for for for for for for for graForSW forGraN forGraNE gra gra gra dirGraSW dirGraS dirGraS dirGraS dirGraS dirGraS dirGraS forGraNW forGraN graForSE for for for for for for for for graForSW forGraN forGraN forGraN forGraN forGraN forGraNE gra gra gra gra gra gra gra gra gra gra gra dirGraSW dirGraS dirGraS dirGraS dirGraS dirGraS dirGraSE gra gra gra gra forGraW for for for graForNW forGraSE gra doodad2 forGraSW forGraS graForNE for for for for for for graForNW forGraSE 
gra forGraSW forGraS forGraS forGraS forGraS forGraS forGraS forGraSE gra gra doodad3 gra gra forGraSW forGraS forGraS forGraS forGraSE gra gra gra gra gra gra gra gra gra gra gra gra gra gra gra gra gra gra gra gra doodad2 gra forGraW for for for for for for for for for for for for for for for graForNW forGraSE gra gra gra gra gra gra gra gra gra gra forGraSW graForNE for for for for for for for for for for for for for for for forGraE gra doodad2 gra gra gra gra gra gra gra gra gra gra gra gra gra gra gra gra gra gra gra gra forGraSW forGraS forGraS forGraS forGraSE gra gra doodad3 gra gra forGraSW forGraS forGraS forGraS forGraS forGraS forGraS forGraSE gra 
dirGraN dirGraN dirGraN dirGraN dirGraN dirGraN dirGraN dirGraNE gra gra gra dirGraNW dirGraNE gra gra gra gra gra gra gra gra gra gra gra gra gra gra doodad3 gra gra gra gra gra gra gra forGraNW forGraN forGraN forGraN forGraNE gra forGraSW graForNE for for graForNW graForNE for for for for for for for for for for forGraE doodad2 gra doodad2 gra gra gra gra gra gra doodad2 gra doodad2 forGraW for for for for for for for for for for graForNW graForNE for for graForNW forGraSE gra forGraNW forGraN forGraN forGraN forGraNE gra gra gra gra gra gra gra doodad3 gra gra gra gra gra gra gra gra gra gra gra gra gra gra dirGraNW dirGraNE gra gra gra dirGraNW dirGraN dirGraN dirGraN dirGraN dirGraN dirGraN dirGraN 
dir dir dir dir dir dir dir graDirSW dirGraN dirGraN dirGraN graDirSE dirGraE gra gra gra gra gra gra gra gra gra gra gra gra doodad2 gra gra forGraNW forGraN forGraN forGraNE gra gra gra forGraW for for for graForSW forGraN forGraN graForSE for for graForSW graForSE for for for for for for for graForNW graForNE for graForSW forGraNE gra doodad2 gra gra gra gra gra gra doodad2 gra forGraNW graForSE for graForNW graForNE for for for for for for for graForSW graForSE for for graForSW forGraN forGraN graForSE for for for forGraE gra gra gra forGraNW forGraN forGraN forGraNE gra gra doodad2 gra gra gra gra gra gra gra gra gra gra gra gra dirGraW graDirSW dirGraN dirGraN dirGraN graDirSE dir dir dir dir dir dir dir 
dir dir dir dir dir dir dir dir dir dir dir dir graDirSW dirGraNE gra gra gra gra gra gra gra gra gra forGraNW forGraN forGraN forGraNE doodad2 forGraW for for forGraE doodad2 forGraNW forGraN graForSE for for for for for for for for for for for for for for for for for for graForSW graForSE for for forGraE gra gra gra gra gra gra gra gra gra gra forGraW for for graForSW graForSE for for for for for for for for for for for for for for for for for for graForSW forGraN forGraNE doodad2 forGraW for for forGraE doodad2 forGraNW forGraN forGraN forGraNE gra gra gra gra gra gra gra gra gra dirGraNW graDirSE dir dir dir dir dir dir dir dir dir dir dir dir 
dir dir dir dir dir dir dir dir dir dir dir dir dir graDirSW dirGraNE gra gra gra gra forGraNW forGraN forGraN forGraNE forGraW for for graForSW forGraN graForSE for graForNW graForNE forGraN graForSE for for for for for for for for for for for for for for for for for for for for for for for graForNW forGraSE gra gra gra gra gra gra gra gra gra gra forGraSW graForNE for for for for for for for for for for for for for for for for for for for for for for for graForSW forGraN graForNW graForNE for graForSW forGraN graForSE for for forGraE forGraNW forGraN forGraN forGraNE gra gra gra gra dirGraNW graDirSE dir dir dir dir dir dir dir dir dir dir dir dir dir 
dir dir dir conDirNW conDirN conDirN conDirN conDirNE dir dir dir dir dir dir graDirSW dirGraNE gra gra gra forGraW for for graForSW graForSE for for for for for for graForSW graForSE for for for for for for for for for for for for for for for for for for for for for graForNW graForNE for for forGraE gra gra gra gra gra gra gra gra gra gra gra gra forGraW for for graForNW graForNE for for for for for for for for for for for for for for for for for for for for for graForSW graForSE for for for for for for graForSW graForSE for for forGraE gra gra gra dirGraNW graDirSE dir dir dir dir dir dir conDirNW conDirN conDirN conDirN conDirNE dir dir dir 
dir conDirNW conDirN dirConSE con con con dirConSW conDirNE dir dir dir dir dir dir graDirSW dirGraNE gra gra forGraSW graForNE for for for for for for graForNW graForNE for for for for for for for for for graForNW graForNE for for for for for for for graForNW forGraS graForNE for for for graForSW graForSE for graForNW forGraSE gra gra gra gra gra gra gra gra gra gra gra gra forGraSW graForNE for graForSW graForSE for for for graForNW forGraS graForNE for for for for for for for graForNW graForNE for for for for for for for for for graForNW graForNE for for for for for for graForNW forGraSE gra gra dirGraNW graDirSE dir dir dir dir dir dir conDirNW dirConSE con con con dirConSW conDirN conDirNE dir 
dir conDirSW dirConNE con con con con con dirConSW conDirN conDirN conDirN conDirN conDirNE dir dir graDirSW dirGraNE gra gra forGraSW forGraS graForNE for for for for graForSW graForSE for for for for for for for for for graForSW graForSE for for for for for for for graForSW forGraN graForSE for for for for for for forGraE gra gra gra gra gra gra gra gra gra gra gra gra gra gra forGraW for for for for for for graForSW forGraN graForSE for for for for for for for graForSW graForSE for for for for for for for for for graForSW graForSE for for for for graForNW forGraS forGraSE gra gra dirGraNW graDirSE dir dir conDirNW conDirN conDirN conDirN conDirN dirConSE con con con con con dirConNW conDirSE dir 
dir dir conDirSW dirConNE con con con con con con con con con dirConSW conDirNE dir dir graDirSW dirGraNE gra gra gra forGraW for for for for for for graForNW graForNE for for for for for for for for for for for for for graForNW graForNE for for for for for for for for for for forGraE gra gra doodad2 gra gra gra gra gra gra gra gra doodad2 gra gra forGraW for for for for for for for for for for graForNW graForNE for for for for for for for for for for for for for graForNW graForNE for for for for for for forGraE gra gra gra dirGraNW graDirSE dir dir conDirNW dirConSE con con con con con con con con con dirConNW conDirSE dir dir 
dir dir dir conDirW con con con con con con con con con con dirConSW conDirNE dir dir graDirSW dirGraN dirGraNE gra forGraSW forGraS graForNE for for for for graForSW graForSE for for for for for for for for for for for graForNW forGraS forGraSE forGraW for for for for for for for for for graForNW forGraSE gra gra gra gra gra gra doodad5 doodad5 gra gra gra gra gra gra forGraSW graForNE for for for for for for for for for forGraE forGraSW forGraS graForNE for for for for for for for for for for for graForSW graForSE for for for for graForNW forGraS forGraSE gra dirGraNW dirGraN graDirSE dir dir conDirNW dirConSE con con con con con con con con con con conDirE dir dir dir 
dir dir dir conDirSW dirConNE con con dirConNW conDirS conDirS conDirS conDirS dirConNE con con dirConSW conDirNE dir dir dir graDirSW dirGraNE gra gra forGraSW graForNE for for for for for graForNW graForNE for for for for for for graForNW forGraS forGraS forGraSE gra gra forGraW for for for for for for for for graForNW forGraSE gra gra gra gra gra gra gra gra gra gra gra gra gra gra gra gra forGraSW graForNE for for for for for for for for forGraE gra gra forGraSW forGraS forGraS graForNE for for for for for for graForNW graForNE for for for for for graForNW forGraSE gra gra dirGraNW graDirSE dir dir dir conDirNW dirConSE con con dirConNW conDirS conDirS conDirS conDirS dirConNE con con dirConNW conDirSE dir dir dir 
dir dir dir dir conDirW con con conDirE dir lfNW lfNE dir conDirSW conDirS conDirS dirConNE dirConSW conDirN conDirNE dir dir graDirSW dirGraNE gra gra forGraSW forGraS graForNE for for for graForSW graForSE for for for graForNW forGraS forGraS forGraSE gra gra gra doodad5 gra forGraW for for for for for for for graForNW forGraSE gra gra gra gra gra gra gra doodad5 gra gra doodad5 gra gra gra gra gra gra gra forGraSW graForNE for for for for for for for forGraE gra doodad5 gra gra gra forGraSW forGraS forGraS graForNE for for for graForSW graForSE for for for graForNW forGraS forGraSE gra gra dirGraNW graDirSE dir dir conDirNW conDirN dirConSE dirConNW conDirS conDirS conDirSE dir lfNW lfNE dir conDirW con con conDirE dir dir dir dir 
dir dir dir conDirNW dirConSE con con conDirE dir lfSW lfSE dir owNW owNE dir conDirW con con dirConSW conDirNE dir dir graDirSW dirGraNE gra gra gra forGraSW graForNE for for for for for for for graForSW forGraNE gra gra gra gra gra gra gra forGraSW forGraS forGraS forGraS forGraS forGraS forGraS forGraS forGraSE gra gra gra gra gra gra gra gra forGraNW forGraN forGraN forGraNE gra gra gra gra gra gra gra gra forGraSW forGraS forGraS forGraS forGraS forGraS forGraS forGraS forGraSE gra gra gra gra gra gra gra forGraNW graForSE for for for for for for for graForNW forGraSE gra gra gra dirGraNW graDirSE dir dir conDirNW dirConSE con con conDirE dir owNW owNE dir lfSW lfSE dir conDirW con con dirConSW conDirNE dir dir dir 
dir dir dir conDirW con con con dirConSW conDirNE dir dir dir owSW owSE dir conDirSW dirConNE con con dirConSW conDirNE dir dir graDirSW dirGraNE gra gra gra forGraSW forGraS forGraS forGraS graForNE for for for for forGraE gra gra gra gra gra gra gra gra gra gra dirGraNW dirGraN dirGraN dirGraNE gra gra doodad5 gra gra gra gra gra gra forGraNW graForSE for for graForSW forGraNE gra gra gra gra gra gra doodad5 gra gra dirGraNW dirGraN dirGraN dirGraN dirGraN dirGraNE gra gra gra gra gra gra gra gra forGraW for for for for graForNW forGraS forGraS forGraS forGraSE gra gra gra dirGraNW graDirSE dir dir conDirNW dirConSE con con dirConNW conDirSE dir owSW owSE dir dir dir conDirNW dirConSE con con con conDirE dir dir dir 
conDirN conDirN conDirN dirConSE con con con con conDirE dir dir dir dir dir dir dir conDirW con con con dirConSW conDirNE dir dir graDirSW dirGraN dirGraNE gra gra gra gra gra forGraSW forGraS forGraS forGraS forGraS forGraSE gra gra forGraNW forGraN forGraNE gra doodad2 gra gra doodad4 dirGraW dir dir graDirSW dirGraNE gra gra gra gra gra gra gra forGraNW graForSE for for for for graForSW forGraNE gra gra gra gra gra gra gra dirGraNW graDirSE dir dir dir dir dirGraE gra doodad2 gra forGraNW forGraN forGraNE gra gra forGraSW forGraS forGraS forGraS forGraS forGraSE gra gra gra gra gra dirGraNW dirGraN graDirSE dir dir conDirNW dirConSE con con con conDirE dir dir dir dir dir dir dir conDirW con con con con dirConSW conDirN conDirN conDirN 
con con con con con con con con dirConSW conDirN conDirNE dir dir conDirNW conDirN conDirN dirConSE con con con con dirConSW conDirN conDirNE dir dir graDirSW dirGraNE gra gra gra gra gra gra gra gra gra gra gra gra forGraW for forGraE gra gra gra gra doodad4 dirGraW dir dir lfNW lfNE dirGraNE doodad3 gra gra gra gra gra forGraSW graForNE for for for for graForNW forGraSE gra gra gra gra gra doodad3 dirGraNW lfNW lfNE dir dir dir dir dirGraE gra gra gra forGraW for forGraE gra gra gra gra gra gra gra gra gra gra gra gra dirGraNW graDirSE dir dir conDirNW conDirN dirConSE con con con con dirConSW conDirN conDirN conDirNE dir dir conDirNW conDirN dirConSE con con con con con con con con 
conGraS conGraS conGraS conGraS graConNE con con con con con dirConSW conDirN conDirN dirConSE con con con con con con con con con dirConSW conDirNE dir dir graDirSW dirGraNE gra gra gra gra gra gra gra gra gra gra gra forGraSW forGraS forGraSE gra gra gra gra doodad4 dirGraW dir dir lfSW lfSE dirGraE gra gra gra gra forGraNW forGraNE doodad2 forGraW for for for for forGraE doodad2 forGraNW forGraNE gra gra gra gra dirGraW lfSW lfSE dir dir dir graDirNW dirGraSE gra gra gra forGraSW forGraS forGraSE gra gra gra gra gra gra gra gra gra gra gra dirGraNW graDirSE dir dir conDirNW dirConSE con con con con con con con con con dirConSW conDirN conDirN dirConSE con con con con con graConNW conGraS conGraS conGraS conGraS 
gra gra gra gra conGraSW conGraS conGraS graConNE con con con con con con con con con con con con con con con con dirConSW conDirNE dir dir graDirSW dirGraN dirGraN dirGraN dirGraNE gra gra gra gra gra gra gra gra gra gra gra gra gra gra doodad4 dirGraSW graDirNE dir dir graDirNW dirGraSE gra forGraNW forGraN forGraN graForSE graForSW forGraN graForSE for for for for graForSW forGraN graForSE graForSW forGraN forGraN forGraNE gra dirGraSW graDirNE dir dir graDirNW dirGraS dirGraSE gra gra gra gra gra gra gra gra gra gra gra gra gra gra dirGraNW dirGraN dirGraN dirGraN graDirSE dir dir conDirNW dirConSE con con con con con con con con con con con con con con con con graConNW conGraS conGraS conGraSE gra gra gra gra 
forGraN forGraNE forGraNW forGraN forGraNE gra conGraNW conGraSW conGraS conGraS conGraS conGraS conGraS conGraS conGraS conGraS conGraS conGraS conGraS graConNE con con con con con dirConSW conDirNE dir dir dir dir dir graDirSW dirGraNE gra gra gra gra gra gra gra gra gra gra gra forGraNW forGraN forGraNE gra dirGraSW dirGraS dirGraS dirGraSE gra forGraNW graForSE for for for for for for for for for for for for for for for for graForSW forGraNE gra dirGraSW dirGraS dirGraS dirGraSE gra forGraNW forGraN forGraNE gra gra gra gra gra gra gra gra gra gra gra dirGraNW graDirSE dir dir dir dir dir conDirNW dirConSE con con con con con graConNW conGraS conGraS conGraS conGraS conGraS conGraS conGraS conGraS conGraS conGraS conGraS conGraSE conGraNE gra forGraNW forGraN forGraNE forGraNW forGraN 
for graForSW graForSE for forGraE gra conGraW graConSW conGraN conGraN conGraN conGraN conGraN conGraNE gra gra gra gra conGraNW graConSE con con con con con con dirConSW conDirNE dir dir dir lfNW lfNE dirGraE gra doodad2 gra gra gra gra gra gra gra gra gra forGraW for graForSW forGraN forGraN forGraNE gra forGraNW forGraN graForSE for for for for for for for for for for for for for for for for for for graForSW forGraN forGraNE gra forGraNW forGraN forGraN graForSE for forGraE gra gra gra gra gra gra gra gra gra doodad2 gra dirGraW lfNW lfNE dir dir dir conDirNW dirConSE con con con con con con graConSW conGraNE gra gra gra gra conGraNW conGraN conGraN conGraN conGraN conGraN graConSE conGraE gra forGraW for graForSW graForSE for 
for for for graForNW forGraSE dirGraNW conDirS conDirS conDirS conDirS dirConNE con con conGraE gra gra gra conGraNW graConSE con graConNW graConNE con con con con con dirConSW conDirNE dir dir lfSW lfSE dirGraE gra gra gra gra doodad1 gra gra gra gra gra gra forGraW for for for for forGraE doodad2 forGraW for for for for for for for for for for graForNW forGraS graForNE for for for for for for for for for forGraE doodad2 forGraW for for for for forGraE gra gra gra gra gra gra doodad1 gra gra gra gra dirGraW lfSW lfSE dir dir conDirNW dirConSE con con con con con graConNW graConNE con graConSW conGraNE gra gra gra conGraW con con dirConNW conDirS conDirS conDirS conDirS dirGraNE forGraSW forGraS forGraS graForNE for 
for for graForNW dirGraNW dirGraN graDirSE dir dir dir dir conDirSW conDirS conDirS graConSW conGraN conGraN conGraN graConSE graConNW conGraS conGraSE conGraSW graConNE con con con con con dirConSW conDirNE dir dir dir dirGraE gra gra gra doodad4 gra gra gra gra gra forGraNW forGraN graForSE for for for for graForSW forGraN graForSE for for for for for for for graForNW forGraS forGraS forGraSE dirGraN forGraSW forGraS graForNE for for for for for for for graForSW forGraN graForSE for for for for graForSW forGraN forGraNE gra gra gra gra gra doodad4 gra gra gra dirGraW dir dir dir conDirNW dirConSE con con con con con graConNW conGraSE conGraSW conGraS graConNE graConSW conGraN conGraN conGraN graConSE conDirS conDirS conDirSE dir dir dir dir graDirSW dirGraN dirGraNE doodad6 forGraW for 
forGraS forGraS conGraNW dirConSW conDirN conDirN conDirN conDirNE dir dir dir dir dir conDirW con con graConNW conGraS conGraSE gra doodad4 gra conGraSW conGraS conGraS graConNE con con con conDirE dir dir dir graDirSW dirGraNE gra gra gra gra gra gra gra gra forGraW for for for for for for for for for for for for for for for graForNW forGraSE dirGraNW graDirSE dir dir dir dirGraN forGraSW graForNE for for for for for for for for for for for for for for for forGraE gra gra gra gra gra gra gra gra dirGraNW graDirSE dir dir dir conDirW con con con graConNW conGraS conGraS conGraSE gra doodad4 gra conGraSW conGraS graConNE con con conDirE dir dir dir dir dir conDirNW conDirN conDirN conDirN dirConSE conGraNE forGraSW forGraS 
forGraN forGraNE conGraSW conGraS conGraS conGraS conGraS graConNE conDirNE dir dir dir dir conDirW con graConNW conGraSE gra gra gra gra gra gra gra gra conGraW con con con conDirE dir dir dir dir graDirSW dirGraNE gra gra gra gra gra gra gra forGraW for for for for for for for for for for for for for for for forGraE dirGraNW graDirSE dir dir dir dir dir graDirSW forGraSW graForNE for for for for for for for for for for for for for for forGraE gra gra gra gra gra gra gra dirGraNW graDirSE dir dir dir dir conDirW con con con conGraE gra gra gra gra gra gra gra gra conGraSW graConNE con conDirE dir dir dir dir conDirNW graConNW conGraS conGraS conGraS conGraS conGraSE forGraNW forGraN 
for forGraE forGraNW forGraNE gra gra gra conGraSW graConNE conDirN conDirN conDirN conDirN dirConSE graConNW conGraSE gra gra conGraNW conGraN conGraNE gra gra gra gra conGraW con con con conDirE dir dir lfNW lfNE dir graDirSW dirGraN dirGraNE gra gra gra gra gra forGraSW forGraS graForNE for for for for for for for for for for for for for forGraE dirGraW dir dir lfNW lfNE lfNW lfNE dir dirGraE forGraW for for for for for for for for for for for for graForNW forGraS forGraSE gra gra gra gra gra dirGraNW dirGraN graDirSE dir lfNW lfNE dir dir conDirW con con con conGraE gra gra gra gra conGraNW conGraN conGraNE gra gra conGraSW graConNE dirConSW conDirN conDirN conDirN conDirN graConNW conGraSE gra gra gra forGraNW forGraNE forGraW for 
forGraS forGraSE forGraW forGraSE doodad1 gra gra gra conGraSW conGraS conGraS conGraS conGraS conGraS conGraSE gra gra conGraNW graConSE conDirS graConSW conGraNE gra conGraNW conGraN graConSE con con con dirConSW conDirNE dir lfSW lfSE dir dir dir graDirSW dirGraNE gra gra gra gra gra gra forGraSW forGraS graForNE for for for for for for for for for for for forGraE dirGraSW graDirNE dir lfSW lfSE lfSW lfSE dir dirGraE forGraW for for for for for for for for for for graForNW forGraS forGraSE gra gra gra gra gra gra dirGraNW graDirSE dir dir dir lfSW lfSE dir conDirNW dirConSE con con con graConSW conGraN conGraNE gra conGraNW graConSE conDirS graConSW conGraNE gra gra conGraSW conGraS conGraS conGraS conGraS conGraS conGraSE gra gra gra doodad1 forGraSW forGraE forGraSW forGraS 
conGraN conGraN conGraN conGraN conGraN conGraNE gra gra gra gra gra gra gra gra gra gra conGraNW graConSE owNW owNE conDirW graConSW conGraN graConSE con graConNW conGraS graConNE con con dirConSW conDirN conDirN conDirN conDirN conDirNE dir dir graDirSW dirGraNE gra gra gra gra gra gra gra forGraSW graForNE graForNW forGraS graForNE for for for for for for for forGraE gra dirGraSW graDirNE dir dir dir dir dir dirGraE forGraW for for for for for for graForNW forGraS graForNE graForNW forGraSE gra gra gra gra gra gra gra dirGraNW graDirSE dir dir conDirNW conDirN conDirN conDirN conDirN dirConSE con con graConNW conGraS graConNE con graConSW conGraN graConSE conDirE owNW owNE graConSW conGraNE gra gra gra gra gra gra gra gra gra gra conGraNW conGraN conGraN conGraN conGraN conGraN 
conGraS conGraS conGraS conGraS graConNE graConSW conGraNE gra gra conGraNW conGraN conGraN conGraN conGraN conGraN conGraN graConSE conDirSE owSW owSE conDirW con con graConNW conGraS conGraSE gra conGraW con con con con con con con dirConSW conDirNE dir dir graDirSW dirGraNE gra gra gra gra doodad3 gra gra forGraSW forGraSE doodad2 forGraW for for for for for for for graForSW forGraN forGraNE dirGraSW dirGraS dirGraS dirGraS dirGraS dirGraS forGraNW graForSE for for for for for for forGraE doodad2 forGraSW forGraSE gra gra doodad3 gra gra gra gra dirGraNW graDirSE dir dir conDirNW dirConSE con con con con con con con conGraE gra conGraSW conGraS graConNE con con conDirE owSW owSE conDirSW graConSW conGraN conGraN conGraN conGraN conGraN conGraN conGraNE gra gra conGraNW graConSE graConNW conGraS conGraS conGraS conGraS 
forGraN forGraN forGraNE gra conGraSW graConNE graConSW conGraN conGraN graConSE con con con con dirConNW conDirS conDirSE dir dir conDirNW dirConSE con graConNW conGraSE gra gra conGraNW graConSE con con con con con con con con dirConSW conDirNE dir dir graDirSW dirGraNE gra gra gra gra gra doodad3 gra gra gra forGraW for for for for for for for for for graForSW forGraN forGraNE forGraNW forGraN forGraN forGraN graForSE for for for for for for for forGraE gra gra gra doodad3 gra gra gra gra gra dirGraNW graDirSE dir dir conDirNW dirConSE con con con con con con con con graConSW conGraNE gra gra conGraSW graConNE con dirConSW conDirNE dir dir conDirSW conDirS dirConNE con con con con graConSW conGraN conGraN graConSE graConNW conGraSE gra forGraNW forGraN forGraN 
forGraS forGraS graForSW forGraN forGraNE conGraSW graConNE con con dirConNW conDirS conDirS conDirS conDirS conDirSE dir dir dir conDirNW dirConSE con graConNW conGraSE gra gra conGraNW graConSE con con con con con con con con con con dirConSW conDirNE dir dir graDirSW dirGraNE gra gra gra gra gra gra gra gra forGraSW graForNE for for for for for for for for for for graForSW graForSE for for for for for for for for for for graForNW forGraSE gra gra gra gra gra gra gra gra dirGraNW graDirSE dir dir conDirNW dirConSE con con con con con con con con con con graConSW conGraNE gra gra conGraSW graConNE con dirConSW conDirNE dir dir dir conDirSW conDirS conDirS conDirS conDirS dirConNE con con graConNW conGraSE doodad1 gra forGraSW forGraS for 
doodad3 doodad3 forGraSW graForNE graForSW forGraNE conGraW con dirConNW conDirSE dir lfNW lfNE dir dir dir conDirNW conDirN dirConSE graConNW conGraS conGraSE gra doodad1 conGraNW graConSE con con con graConNW conGraS conGraS graConNE con con con con con conDirE dir dir dir dirGraE gra gra dirGraNW dirGraN dirGraNE gra gra gra gra forGraW for graForNW graForNE for graForNW graForNE for for for for for for for for for for graForNW graForNE for graForNW graForNE for forGraE gra gra gra gra dirGraNW dirGraN dirGraNE gra gra dirGraW dir dir dir conDirW con con con con con graConNW conGraS conGraS graConNE con con con graConSW conGraNE doodad1 gra conGraSW conGraS graConNE dirConSW conDirN conDirNE dir dir dir lfNW lfNE dir conDirSW dirConNE con conGraE gra gra doodad4 doodad4 conGraNW dirGraW 
conGraN conGraN doodad2 forGraSW forGraS forGraSE conGraSW graConNE conDirE dir dir lfSW lfSE conDirNW conDirN conDirN dirConSE con graConNW conGraSE gra gra gra conGraNW graConSE con con con graConNW conGraSE doodad5 gra conGraSW graConNE con con con con conDirE dir dir dir dirGraE gra gra dirGraW dir graDirSW dirGraN dirGraN dirGraNE gra forGraSW forGraS forGraSE forGraW for graForSW graForSE for for for for for for for for for for graForSW graForSE for forGraE forGraSW forGraS forGraSE gra dirGraNW dirGraN dirGraN graDirSE dir dirGraE gra gra dirGraW dir dir dir conDirW con con con con graConNW conGraSE gra doodad5 conGraSW graConNE con con con graConSW conGraNE gra gra gra conGraSW graConNE con dirConSW conDirN conDirN conDirNE lfSW lfSE dir dir conDirW graConNW conGraSE gra doodad2 gra conGraNW graConSE con 
conDirS conDirS graConSW conGraNE doodad2 gra gra conGraSW graConNE conDirN conDirNE dir conDirNW dirConSE graConNW conGraS conGraS conGraS conGraSE gra doodad4 gra conGraNW graConSE con con con con conGraE gra gra gra gra conGraW con con con con dirConSW conDirNE dir graDirNW dirGraSE gra gra dirGraW dir dir lfNW lfNE dirGraE gra gra gra gra forGraSW graForNE for for graForNW forGraS forGraS forGraS forGraS forGraS forGraS forGraS forGraS graForNE for for graForNW forGraSE gra gra gra gra dirGraW lfNW lfNE dir dir dirGraE gra gra dirGraSW graDirNE dir conDirNW dirConSE con con con con conGraE gra gra gra gra conGraW con con con con graConSW conGraNE gra doodad4 gra conGraSW conGraS conGraS conGraS graConNE dirConSW conDirNE dir conDirNW conDirN graConNW conGraSE gra gra gra conGraNW graConSE conDirS conDirS 
lfNW lfNE conDirSW graConSW dirGraNE gra forGraNW forGraNE conGraSW graConNE dirConSW conDirN dirConSE graConNW conGraSE gra gra gra gra gra gra gra conGraW con con con con graConNW conGraSE gra gra gra gra conGraW con con con con con conDirE dir dirGraE doodad5 gra gra dirGraW dir dir lfSW lfSE graDirSW dirGraNE gra gra gra gra forGraSW forGraS forGraS forGraSE doodad2 gra gra gra gra gra gra doodad2 forGraSW forGraS forGraS forGraSE gra gra gra gra dirGraNW graDirSE lfSW lfSE dir dir dirGraE gra gra doodad5 dirGraW dir conDirW con con con con con conGraE gra gra gra gra conGraSW graConNE con con con con conGraE gra gra gra gra gra gra gra conGraSW graConNE dirConSW conDirN dirConSE graConNW conGraSE gra gra gra dirGraNW graConSE conDirSE lfNW lfNE 
lfSW lfSE dir dir graConSW conGraNE forGraSW forGraSE doodad2 conGraSW graConNE graConNW conGraS conGraSE gra forGraNW forGraN forGraN forGraNE doodad2 gra gra conGraW con con con graConNW conGraSE gra gra gra doodad2 gra conGraW con con con con dirConNW conDirSE dir dirGraE gra gra gra dirGraSW graDirNE dir dir dir dir dirGraE gra gra gra gra gra gra gra gra gra gra gra gra gra gra gra gra gra gra gra gra gra gra gra gra dirGraW dir dir dir dir graDirNW dirGraSE gra gra gra dirGraW dir conDirSW dirConNE con con con con conGraE gra doodad2 gra gra gra conGraSW graConNE con con con conGraE gra gra doodad2 forGraNW forGraN forGraN forGraNE gra conGraSW conGraS conGraS conGraS conGraSE gra doodad2 gra conGraNW graConSE dir dir lfSW lfSE 
graConNE conDirN conDirN conDirN dirConSE conGraE doodad4 gra gra gra conGraSW conGraSE gra gra forGraNW graForSE for for forGraE gra gra conGraNW graConSE con con graConNW conGraSE gra gra gra gra gra gra conGraW con con con dirConNW conDirSE dir dir dirGraE gra gra gra gra dirGraSW dirGraS dirGraS dirGraS dirGraS dirGraSE gra gra gra gra gra gra gra gra gra gra gra gra gra gra gra gra gra gra gra gra gra gra gra gra dirGraSW dirGraS dirGraS dirGraS dirGraS dirGraSE gra gra gra gra dirGraW dir dir conDirSW dirConNE con con con conGraE gra gra gra gra gra gra conGraSW graConNE con con graConSW conGraNE gra gra forGraW for for graForSW forGraNE gra gra gra doodad2 doodad4 doodad2 gra conGraNW graConSE dirConSW conDirN conDirN conDirN graConNW 
conGraSW conGraS conGraS conGraS graConNE graConSW conGraN conGraNE doodad4 forGraNW graForSW forGraN forGraN forGraN graForSE for for graForNW forGraSE gra conGraNW graConSE con con graConNW conGraSE gra doodad4 forGraNW forGraNE doodad5 gra gra conGraW con con con conDirE dir dir graDirNW dirGraSE gra gra gra gra doodad5 gra gra gra gra gra gra gra doodad3 gra gra gra gra gra gra gra gra gra gra gra gra gra gra gra gra gra gra doodad3 gra gra gra gra gra gra gra doodad5 gra gra gra gra dirGraSW graDirNE dir dir conDirW con con con conGraE gra gra doodad5 forGraNW forGraN forGraNE gra conGraSW graConNE con con graConSW conGraNE gra forGraSW graForNE for for graForSW forGraN forGraN forGraN forGraNE doodad2 doodad2 conGraNW graConSE con graConNW conGraS conGraS conGraS conGraSE 
doodad2 gra gra gra conGraSW conGraS graConNE graConSW conGraNE forGraSW forGraS graForNE for for for graForNW forGraS forGraSE gra conGraNW graConSE con con graConNW conGraSE gra gra gra forGraW forGraE gra gra conGraNW graConSE con con dirConNW conDirSE dir graDirNW dirGraSE gra gra gra gra forGraNW forGraN forGraN forGraNE doodad3 gra gra gra gra gra gra gra gra gra gra gra gra gra gra gra gra gra gra gra gra gra gra gra gra gra gra gra gra doodad3 forGraNW forGraN forGraN forGraNE gra gra gra gra dirGraSW graDirNE dir conDirSW dirConNE con con graConSW conGraNE gra gra forGraSW forGraS forGraSE gra gra conGraSW graConNE con con graConSW conGraNE gra forGraSW forGraS graForNE for for for graForNW forGraSE gra conGraNW graConSE graConNW conGraS conGraSE gra gra gra doodad2 
doodad6 doodad6 doodad2 gra gra gra conGraSW graConNE graConSW conGraNE doodad4 forGraW for for for forGraE gra gra conGraNW graConSE con con graConNW conGraSE forGraNW forGraN forGraNE doodad4 forGraSW forGraSE gra conGraNW graConSE con con con conDirE dir dir dirGraE gra gra gra gra gra forGraW for for graForSW forGraN forGraN forGraN forGraNE doodad2 forGraNW forGraN forGraN forGraNE doodad3 forGraNW forGraNE gra gra gra gra gra gra forGraNW forGraNE doodad3 forGraNW forGraN forGraN forGraNE doodad2 forGraNW forGraN forGraN forGraN graForSE for for forGraE gra gra gra gra gra dirGraW dir dir conDirW con con con graConSW conGraNE gra gra doodad6 forGraNW forGraN forGraN forGraNE conGraSW graConNE con con graConSW conGraNE gra gra forGraW for for for forGraE doodad2 conGraNW graConSE graConNW conGraSE gra gra gra doodad2 doodad6 doodad6 
forGraN forGraN forGraNE doodad2 gra gra gra conGraSW graConNE graConSW conGraNE forGraSW forGraS forGraS forGraS forGraSE gra conGraNW graConSE con con graConNW conGraSE gra forGraW for graForSW forGraNE gra gra conGraNW graConSE con con con dirConNW conDirSE dir graDirNW dirGraSE gra gra gra gra doodad3 forGraW for for for for for for graForSW forGraN graForSE for for graForSW forGraN graForSE forGraE doodad3 forGraNW forGraN forGraN forGraNE doodad3 forGraW graForSW forGraN graForSE for for graForSW forGraN graForSE for for for for for for forGraE doodad3 gra gra gra gra dirGraSW graDirNE dir conDirSW dirConNE con con con graConSW conGraNE gra gra forGraW for for forGraE gra conGraSW graConNE con con graConSW conGraNE gra forGraSW forGraS forGraS forGraS forGraSE conGraNW graConSE graConNW conGraSE gra gra gra doodad2 forGraNW forGraN forGraN 
for for graForSW forGraNE doodad2 gra gra gra conGraSW graConNE graConSW conGraNE gra gra gra gra conGraNW graConSE con con graConNW conGraSE gra forGraNW graForSE for graForNW forGraSE gra conGraNW graConSE con con con dirConNW owNW owNE dir dirGraE gra gra gra gra forGraNW forGraN graForSE for for for for for for for for for for for for graForNW graForNE graForSW forGraN graForSE for for graForSW forGraN graForSE graForNW graForNE for for for for for for for for for for for for graForSW forGraN forGraNE gra gra gra gra dirGraW dir owNW owNE dirConNE con con con graConSW conGraNE gra forGraSW graForNE for graForSW forGraNE gra conGraSW graConNE con con graConSW conGraNE gra gra gra gra conGraNW graConSE graConNW conGraSE gra gra gra doodad2 forGraNW graForSE for for 
for for for graForSW forGraN forGraNE doodad2 gra gra conGraSW graConNE graConSW conGraN conGraN conGraN conGraN graConSE con con graConNW conGraSE gra forGraNW graForSE for graForNW forGraSE gra conGraNW graConSE con con con dirConNW conDirSE owSW owSE graDirNW dirGraSE gra gra gra forGraNW graForSE for for for for for for for for for for for for for for graForSW graForSE for for for for for for for for graForSW graForSE for for for for for for for for for for for for for for graForSW forGraNE gra gra gra dirGraSW graDirNE owSW owSE conDirSW dirConNE con con con graConSW conGraNE gra forGraSW graForNE for graForSW forGraNE gra conGraSW graConNE con con graConSW conGraN conGraN conGraN conGraN graConSE graConNW conGraSE gra gra doodad2 forGraNW forGraN graForSE for for for 
for for for for for graForSW forGraNE gra gra gra conGraSW conGraS graConNE con con con con con graConNW conGraSE gra forGraNW graForSE for graForNW forGraSE gra conGraNW graConSE con con con dirConNW conDirSE dir dir graDirNW dirGraSE gra gra gra gra forGraSW graForNE for for for for for for for for for for for for for for for for for for for graForNW graForNE for for for for for for for for for for for for for for for for for for for graForNW forGraSE gra gra gra gra dirGraSW graDirNE dir dir conDirSW dirConNE con con con graConSW conGraNE gra forGraSW graForNE for graForSW forGraNE gra conGraSW graConNE con con con con con graConNW conGraS conGraSE gra gra gra forGraNW graForSE for for for for for 
for for for for for for graForSW forGraNE doodad2 gra gra gra conGraSW conGraS conGraS conGraS conGraS conGraS conGraSE forGraNW forGraN graForSE for for forGraE gra conGraNW graConSE con con con dirConNW conDirSE dir dir graDirNW dirGraSE gra gra gra gra gra doodad2 forGraW for for for for for for for for for for for for for for for for for for for graForSW graForSE for for for for for for for for for for for for for for for for for for for forGraE doodad2 gra gra gra gra gra dirGraSW graDirNE dir dir conDirSW dirConNE con con con graConSW conGraNE gra forGraW for for graForSW forGraN forGraNE conGraSW conGraS conGraS conGraS conGraS conGraS conGraSE gra gra gra doodad2 forGraNW graForSE for for for for for for 
for for for for for for for graForSW forGraNE gra gra doodad5 gra gra gra gra gra forGraNW forGraN graForSE for for for graForNW forGraSE conGraNW graConSE con con dirConNW conDirS conDirSE dir dir graDirNW dirGraSE gra gra gra forGraNW forGraN forGraN forGraN graForSE for for for for for for for for for for for for for for for for for for for for for for for for for for for for for for for for for for for for for for for for graForSW forGraN forGraN forGraN forGraNE gra gra gra dirGraSW graDirNE dir dir conDirSW conDirS dirConNE con con graConSW conGraNE forGraSW graForNE for for for graForSW forGraN forGraNE gra gra gra gra gra doodad5 gra gra forGraNW graForSE for for for for for for for 
for for for for for for for for forGraE doodad2 gra gra gra gra gra gra gra forGraW for for for graForNW forGraS dirGraNW dirGraN con con con con conDirE dir dir dir dir dirGraE gra gra gra gra forGraW for for for for for for for for for for for for for for for for for for for for for for for for for for for for for for for for for for for for for for for for for for for for for for for for forGraE gra gra gra gra dirGraW dir dir dir dir conDirW con con con con dirGraN dirGraNE forGraS graForNE for for for forGraE gra gra gra gra gra gra gra doodad2 forGraW for for for for for for for for 
