[ATTRIBUTES]
tileset tileset_default.txt
size 64 64
description "Rub a Dub Dub"
[PLAYERS]
"Player 1" 0 0
"Player 2" 55 8
"Player 3" 35 25
[RESOURCES]
landfill 1 8 6 4 4
landfill 2 55 8 4 4
landfill 3 38 58 4 4
landfill 0 30 34 4 4
landfill 0 38 25 4 4
landfill 0 25 21 4 4
oil  32 14 2 2
oil  18 45 2 2
oil  48 31 2 2
landfill 0 59 47 4 4
landfill 0 3 21 4 4
landfill 0 57 19 4 4
[CONTENT]
gra gra gra gra gra gra gra gra gra gra gra gra gra gra gra gra gra gra gra forGraW for for for for for for for for for for for for for for for for for for for for for forGraE gra gra gra gra gra gra gra gra gra gra gra gra gra gra gra gra gra gra gra gra gra gra 
gra gra gra gra gra gra gra gra gra gra gra gra gra gra gra gra gra gra gra forGraSW forGraS forGraS forGraS graForNE for for for for for for for for for for for for for for graForNW forGraS forGraS forGraSE gra gra gra gra gra gra gra gra gra gra gra gra gra gra gra gra gra gra gra gra gra gra 
gra gra gra gra gra gra gra gra gra gra gra gra gra gra gra gra gra gra gra gra gra gra gra forGraSW graForNE for for for for for for for for for for for graForNW forGraS forGraSE gra gra gra gra gra gra gra gra gra gra gra gra gra gra gra gra gra gra gra gra gra gra gra gra gra 
gra gra gra gra dirGraNW dirGraN dirGraN dirGraN dirGraN dirGraN dirGraN dirGraNE gra gra gra gra gra gra gra gra gra gra gra gra forGraSW graForNE for for for for for for for for for for forGraE gra gra gra gra gra gra gra gra gra gra gra gra doodad5 gra gra gra gra gra gra gra gra gra gra gra gra gra gra 
gra gra gra gra dirGraW dir dir dir dir dir dir graDirSW dirGraNE gra gra gra gra gra gra gra gra gra gra gra gra forGraSW graForNE for for for for for for for for graForNW forGraSE gra gra gra gra gra gra gra gra gra gra gra gra gra gra gra gra gra gra gra gra gra gra gra gra gra gra gra 
gra gra gra gra dirGraW dir dir lfNW lfNE dir dir dir dirGraE gra gra gra gra gra gra gra gra doodad5 gra gra gra gra forGraSW graForNE for for for for for for for forGraE gra gra gra gra gra gra gra gra gra gra gra gra gra gra gra dirGraNW dirGraN dirGraN dirGraN dirGraNE gra gra gra gra gra gra gra gra 
gra gra gra gra dirGraW dir dir lfSW lfSE dir dir dir dirGraE gra gra gra gra gra gra gra gra gra gra gra gra gra gra forGraSW forGraS graForNE for for for for graForNW forGraSE gra gra gra gra gra gra gra gra gra gra gra gra gra dirGraNW dirGraN graDirSE dir dir dir graDirSW dirGraN dirGraN dirGraN dirGraNE gra gra gra gra 
gra gra gra gra dirGraSW graDirNE dir dir dir dir dir dir dirGraE gra gra gra gra gra gra gra gra gra gra gra gra gra gra gra gra forGraW for for for for forGraE gra gra gra gra gra gra gra gra gra gra gra gra gra gra dirGraW dir dir dir dir lfNW lfNE dir dir dir dirGraE gra gra gra gra 
gra gra gra gra gra dirGraSW graDirNE dir dir dir dir dir graDirSW dirGraN dirGraNE gra gra gra gra gra gra gra gra gra gra gra gra doodad5 gra forGraW for for graForNW forGraS forGraSE gra gra gra gra gra gra gra gra gra gra gra gra gra gra dirGraW dir dir dir dir lfSW lfSE dir graDirNW dirGraS dirGraSE gra gra gra gra 
gra gra gra gra gra gra dirGraSW dirGraS graDirNE dir dir dir dir dir dirGraE gra gra gra gra gra gra gra gra gra gra gra gra gra gra forGraSW forGraS forGraS forGraSE gra gra gra gra gra gra gra gra gra gra doodad5 gra gra gra gra gra dirGraW dir dir dir dir dir dir dir dirGraE gra gra gra gra gra gra 
gra doodad5 gra gra gra gra gra gra dirGraSW graDirNE dir dir dir dir graDirSW dirGraNE gra gra gra gra gra gra gra gra gra gra gra gra gra gra gra gra gra gra gra gra gra gra gra gra gra gra gra gra gra gra gra gra dirGraNW graDirSE dir dir dir dir dir dir dir dirGraE gra gra gra gra gra gra 
gra gra gra gra gra gra gra gra gra dirGraSW graDirNE dir dir dir dir graDirSW dirGraNE gra gra gra gra gra gra gra gra gra gra gra gra gra gra gra gra gra gra gra gra gra gra gra gra gra gra gra gra gra gra dirGraNW graDirSE dir dir dir dir dir dir dir dir dirGraE gra gra gra gra gra gra 
gra gra gra gra gra gra gra gra gra gra dirGraSW dirGraS dirGraS dirGraS graDirNE dir graDirSW dirGraNE gra gra gra gra gra gra gra gra gra gra gra gra gra gra gra gra gra gra gra gra gra gra gra gra gra gra gra dirGraNW dirGraN graDirSE dir dir dir dir dir graDirNW dirGraS dirGraS dirGraS dirGraSE gra gra gra gra gra gra 
gra gra gra gra gra gra doodad5 gra gra gra gra gra gra gra dirGraSW graDirNE dir graDirSW dirGraNE gra gra gra gra gra gra gra gra gra gra gra gra owNW owNE gra gra gra gra gra gra gra gra gra dirGraNW dirGraN dirGraN graDirSE dir dir dir dir dir dir dir dirGraE gra gra gra gra gra gra gra gra gra gra 
gra gra gra gra gra gra gra gra gra gra gra gra gra gra gra dirGraSW graDirNE dir graDirSW dirGraN dirGraNE gra gra gra gra gra gra gra gra gra gra owSW owSE gra gra gra gra gra gra dirGraNW dirGraN dirGraN graDirSE dir dir dir dir dir dir dir dir graDirNW dirGraS dirGraSE gra gra gra gra gra gra gra gra gra gra 
gra gra gra gra gra gra gra gra gra gra gra gra gra gra gra gra dirGraSW graDirNE dir dir graDirSW dirGraN dirGraNE gra gra gra gra gra gra gra gra gra gra gra gra gra gra gra dirGraNW graDirSE dir dir dir dir dir dir dir dir dir dir graDirNW dirGraSE gra gra gra gra gra gra gra doodad3 gra doodad3 gra gra 
gra gra gra gra gra forGraNW forGraN forGraN forGraNE gra gra gra gra gra gra gra gra dirGraSW dirGraS graDirNE dir dir graDirSW dirGraN dirGraNE gra gra gra gra dirGraNW dirGraN dirGraN dirGraN dirGraN dirGraN dirGraNE gra gra dirGraW dir dir dir dir graDirNW dirGraS dirGraS dirGraS dirGraS dirGraS dirGraS dirGraSE gra gra gra gra gra gra gra gra doodad2 doodad3 doodad3 gra gra 
gra gra gra gra gra forGraW for for graForSW forGraNE gra gra gra gra gra gra gra gra gra dirGraSW dirGraS graDirNE dir dir graDirSW dirGraN dirGraN dirGraN dirGraN graDirSE dir dir dir dir dir graDirSW dirGraN dirGraNE dirGraW dir dir dir graDirNW dirGraSE gra gra gra gra gra gra gra gra gra gra gra gra gra gra gra doodad2 doodad2 doodad2 gra gra 
gra gra gra gra gra forGraSW graForNE for for graForSW forGraN forGraN forGraNE gra gra gra gra gra gra gra gra dirGraSW graDirNE dir dir dir dir dir dir dir harDirNW harDirN harDirN harDirN harDirNE dir dir graDirSW graDirSE dir dir dir dirGraE gra gra gra forGraNW forGraN forGraN forGraNE gra gra gra gra gra gra lfNW lfNE gra gra doodad3 doodad2 gra gra 
gra gra gra gra gra gra forGraSW graForNE for for for for forGraE gra gra gra gra gra gra gra gra dirGraNW graDirSE dir dir dir dir harDirNW harDirN harDirN dirHarSE hdir hdir hdir dirHarSW harDirNE dir dir dir dir graDirNW dirGraS dirGraSE gra gra gra forGraW for for graForSW forGraNE gra gra gra gra gra lfSW lfSE gra gra gra doodad3 gra gra 
gra gra lfNW lfNE gra gra gra forGraSW graForNE for for for forGraE gra gra gra gra gra gra gra dirGraNW graDirSE dir dir lfNW lfNE harDirN dirHarSE dirHarNW harDirS harDirS harDirS dirHarNE hdir hdir harDirE dir dir dir dir dirGraE gra gra gra gra gra forGraW for for for graForSW forGraNE gra gra gra gra gra gra gra gra gra doodad3 gra gra 
gra gra lfSW lfSE gra gra gra forGraNW graForSE for for for forGraE gra gra gra gra gra gra dirGraNW graDirSE dir dir dir lfSW lfSE hdir dirHarNW harDirSE dir dir dir harDirSW dirHarNE hdir dirHarSW harDirN harDirNE dir dir dirGraE gra gra gra gra forGraNW graForSE for for for for graForSW forGraNE gra gra gra gra gra gra gra gra gra gra gra 
gra gra gra gra gra gra gra forGraW for for for for forGraE gra gra gra gra gra gra dirGraW dir dir dir dir dir harDirW dirHarNW harDirSE dir dir dir dir dir harDirW hdir hdir hdir dirHarSW harDirNE dir dirGraE gra gra gra gra forGraW for for for for for for graForSW forGraN forGraNE gra gra gra gra gra gra gra gra gra 
gra gra gra gra gra gra gra forGraW for for for for forGraE gra gra gra gra gra gra dirGraW dir dir dir dir harDirNW dirHarSE harDirSE dir watDirNW dirWatS dirWatS watDirNE dir harDirW hdir hdir hdir hdir harDirE dir dirGraE gra gra gra gra forGraSW graForNE for for for for for for for graForSW forGraNE gra gra gra gra gra gra gra gra 
gra gra gra gra gra gra gra forGraW for for for for forGraE gra gra gra gra gra gra dirGraW dir dir dir dir harDirW harDirE dir watDirNW dirWatSE wat wat dirWatW dir harDirW hdir hdir hdir lfNW lfNE dir dirGraE gra gra gra gra forGraNW graForSE for for for for for for for for forGraE forGraNW forGraN forGraN forGraNE gra gra gra gra 
gra gra gra gra gra gra gra forGraW for graForNW graForNE for forGraE gra gra gra gra gra gra dirGraW dir dir harDirNW harDirN dirHarSE harDirE dir dirWatE wat wat wat dirWatW dir harDirW hdir hdir hdir lfSW lfSE dir dirGraE gra gra gra gra forGraW for for for for for for for for graForNW forGraNW graForSE for for graForSW forGraN forGraNE gra gra 
gra gra gra gra gra gra gra forGraW for graForSW graForSE for graForSW forGraNE gra gra doodad6 gra gra dirGraW dir dir harDirW hdir hdir dirHarSW harDirNE watDirSW dirWatN dirWatN dirWatN watDirSE dir harDirW hdir hdir hdir dirHarNW harDirSE dir dirGraE gra gra gra gra forGraSW graForNE for for for graForNW graForNE for for graForSW graForSE for for for for for graForSW forGraNE gra 
gra gra gra gra gra gra gra forGraSW graForNE for for for for forGraE gra gra gra gra gra dirGraSW graDirNE dir harDirW hdir hdir hdir harDirE dir dir dir dir dir dir harDirW hdir hdir dirHarNW harDirSE dir graDirNW dirGraSE gra gra gra gra gra forGraSW graForNE for for forGraE forGraSW graForNE for for for for for for for for for forGraE gra 
gra gra gra gra gra gra gra gra forGraW for for for for forGraE gra gra gra gra gra gra dirGraW dir harDirSW dirHarNE hdir hdir dirHarSW harDirN harDirN harDirN harDirN harDirN harDirN dirHarSE hdir hdir harDirE dir dir dirGraE gra gra gra gra gra gra gra forGraSW forGraS forGraS forGraSE gra forGraW for for for for for for for for for forGraE gra 
gra gra gra gra gra gra gra gra forGraW for for for graForNW forGraSE gra gra gra gra gra gra dirGraSW graDirNE dir harDirSW harDirS dirHarNE hdir hdir hdir hdir hdir hdir hdir hdir hdir hdir harDirE dir dir dirGraE gra gra gra gra gra gra gra gra gra gra gra gra forGraW for for for for for for for for for forGraE gra 
gra gra gra gra gra gra gra gra forGraSW forGraS forGraS forGraS forGraSE gra gra gra gra gra gra gra gra dirGraSW graDirNE dir dir harDirSW dirHarNE hdir hdir hdir hdir hdir hdir hdir hdir hdir harDirE dir dir dirGraE gra gra gra gra gra gra gra owNW owNE gra gra gra forGraW for for for for for for for for for forGraE gra 
gra gra gra gra gra gra gra gra gra gra gra gra gra gra gra gra gra gra gra gra gra gra dirGraSW graDirNE dir dir harDirSW harDirS harDirS harDirS harDirS dirHarNE hdir hdir dirHarNW harDirS harDirSE dir dir dirGraE gra gra gra gra gra gra gra owSW owSE gra gra gra forGraW for for for for for for for for for forGraE gra 
forGraN forGraNE gra gra gra gra gra gra gra gra gra gra gra gra gra gra doodad5 gra gra gra gra gra gra dirGraSW graDirNE dir dir dir dir dir dir harDirSW harDirS harDirS harDirSE dir dir dir graDirNW dirGraSE gra gra gra gra gra gra gra gra gra gra gra forGraNW graForSE for for for for for for for for for forGraE gra 
for forGraE gra gra gra gra gra gra gra gra gra gra gra gra gra gra gra gra gra gra gra gra gra gra dirGraSW graDirNE dir dir dir lfNW lfNE dir dir dir dir dir dir graDirNW dirGraSE gra gra gra gra gra forGraNW forGraN forGraN forGraNE gra forGraNW forGraN graForSE for for for for for for for for for graForNW forGraSE gra 
for graForSW forGraN forGraN forGraNE gra gra gra gra gra doodad6 gra gra gra gra gra gra gra gra gra doodad6 gra gra gra gra dirGraSW graDirNE dir dir lfSW lfSE dir dir dir dir dir graDirNW dirGraSE gra gra gra gra gra forGraNW graForSE for for forGraE gra forGraW for for for for for for for for for for for forGraE gra gra 
for for for for forGraE gra gra gra gra gra gra gra gra gra gra gra gra gra gra gra gra gra gra gra gra gra dirGraSW dirGraS graDirNE dir dir dir dir dir graDirNW dirGraS dirGraSE gra gra gra gra gra forGraNW graForSE for for for graForSW forGraN graForSE for for for for for for for for for for graForNW forGraSE gra gra 
for for for graForNW forGraSE gra gra gra gra gra gra gra gra gra gra gra gra gra gra gra gra gra gra gra gra gra gra dirGraNW graDirSE dir graDirNW dirGraS dirGraS dirGraS dirGraSE gra gra gra gra gra gra gra forGraW for for for for for for for for for for for for for for for for for forGraE gra gra gra 
graForNE for for graForSW forGraN forGraNE gra gra gra gra gra gra forGraNW forGraN forGraNE gra gra gra gra gra gra gra gra gra gra gra gra dirGraW dir dir dirGraE gra gra gra gra gra gra gra gra gra forGraNW forGraN graForSE for for for for for graForNW forGraS forGraS forGraS forGraS forGraS graForNE for graForNW forGraS graForNE for forGraE gra gra gra 
forGraW for for for for graForSW forGraNE gra gra gra gra gra forGraW for forGraE gra gra gra gra gra gra gra gra gra gra gra gra dirGraW dir dir dirGraE gra gra gra gra gra gra gra gra forGraNW graForSE for for for for for for for forGraE gra gra gra gra gra forGraSW forGraS forGraSE gra forGraW for graForSW forGraNE gra gra 
graForSE for for for for for graForSW forGraN forGraN forGraN forGraN forGraN graForSE for forGraE gra gra gra gra gra gra gra gra gra gra gra dirGraNW graDirSE dir graDirNW dirGraSE gra gra gra gra gra gra gra forGraNW graForSE for for for for for for for for forGraE gra gra gra gra gra gra gra gra gra forGraSW graForNE for forGraE gra gra 
for for for for graForNW graForNE for for for for for for for graForNW forGraSE gra gra gra gra gra gra gra gra gra gra gra dirGraW dir dir dirGraE gra gra gra gra gra gra forGraNW forGraN graForSE for for for for for for for for graForNW forGraSE gra gra gra gra gra gra gra gra gra gra forGraSW forGraS forGraSE gra gra 
for for for for forGraE forGraSW graForNE for graForNW graForNE for for for forGraE gra gra gra gra gra gra gra gra gra gra gra gra dirGraW dir dir dirGraE gra gra gra gra forGraNW forGraN graForSE for for for for for for for for for graForNW forGraSE gra gra gra gra gra gra doodad6 doodad6 doodad6 gra gra gra gra gra gra gra 
for for for for forGraE gra forGraSW forGraS forGraSE forGraW for for graForNW forGraSE gra gra gra gra gra gra gra gra gra gra gra gra dirGraW dir dir dirGraE gra gra gra gra forGraW for for for for for for for for graForNW forGraS forGraS forGraSE gra gra gra gra gra gra gra gra gra gra gra gra gra gra gra gra gra 
forGraS forGraS forGraS forGraS forGraSE gra gra gra gra forGraW for graForNW forGraSE gra gra gra gra gra gra gra doodad6 gra gra gra gra gra dirGraSW graDirNE dir graDirSW dirGraNE gra gra gra forGraW for for for for for graForNW forGraS forGraS forGraSE gra gra gra gra gra gra doodad2 gra gra gra gra gra gra gra gra gra gra gra gra gra 
gra gra gra gra gra gra gra gra gra forGraW for graForSW forGraNE gra gra gra gra owNW owNE gra gra gra gra gra gra gra gra dirGraW dir dir graDirSW dirGraNE gra gra forGraSW forGraS forGraS forGraS forGraS forGraS forGraSE gra gra gra gra gra gra gra gra gra gra gra gra gra gra gra gra gra gra gra gra gra gra gra 
gra gra gra gra gra gra gra gra forGraNW graForSE for for forGraE gra gra gra gra owSW owSE gra gra gra gra gra gra gra gra dirGraSW graDirNE dir dir graDirSW dirGraNE gra gra gra gra gra gra gra gra gra gra gra gra gra gra gra gra gra gra gra gra gra gra gra gra gra gra gra gra gra gra gra 
gra gra gra gra gra gra gra gra forGraW for for for forGraE gra gra gra gra gra gra gra gra gra gra gra gra gra gra gra dirGraSW graDirNE dir dir dirGraE gra gra gra gra gra gra gra gra gra gra gra gra gra gra gra gra gra gra gra doodad6 gra gra gra gra gra lfNW lfNE gra gra gra gra 
gra gra gra gra gra gra gra gra forGraW for for for graForSW forGraNE gra gra gra gra gra gra gra gra gra gra gra gra gra gra gra dirGraSW graDirNE dir dirGraE gra gra gra gra gra gra gra gra gra gra gra gra gra gra gra gra gra doodad6 doodad6 gra gra gra gra gra gra lfSW lfSE gra gra gra gra 
gra gra gra gra gra gra gra gra forGraSW graForNE for for for forGraE gra gra gra gra gra gra gra gra gra forGraNW forGraN forGraN forGraNE gra gra gra dirGraW dir graDirSW dirGraN dirGraNE gra gra gra gra gra gra gra gra gra gra gra gra doodad6 doodad6 doodad6 doodad6 gra gra gra gra gra gra gra gra gra gra gra gra gra 
gra gra gra gra gra gra gra gra gra forGraSW graForNE for for forGraE gra gra gra gra gra gra gra gra forGraNW graForSE for for forGraE gra gra gra dirGraW dir dir dir dirGraE gra gra gra gra gra gra gra gra gra gra gra gra gra gra gra gra gra gra gra gra gra gra gra gra gra gra gra gra gra 
gra gra gra gra gra gra gra gra gra gra forGraSW graForNE for forGraE gra gra gra gra gra gra forGraNW forGraN graForSE for for for forGraE gra gra gra dirGraSW dirGraS dirGraS dirGraS dirGraSE gra gra gra gra gra gra gra gra gra gra gra gra gra gra gra gra gra gra gra doodad2 gra gra gra gra gra gra gra gra gra 
gra gra gra gra gra gra gra gra gra gra gra forGraSW forGraS forGraSE gra gra gra gra gra forGraNW graForSE for for for for graForNW forGraSE gra gra gra gra gra gra gra gra gra gra gra gra gra gra gra gra gra gra gra gra gra gra gra gra gra gra gra doodad2 gra gra gra gra gra gra gra gra gra 
gra gra gra gra gra gra gra gra gra gra gra gra gra gra gra gra gra gra forGraNW graForSE for for for for graForNW forGraSE gra gra gra gra gra gra gra gra gra gra gra gra gra gra gra gra gra gra gra gra gra gra gra gra gra gra gra gra doodad2 gra gra gra gra gra gra gra gra gra 
gra gra gra gra gra gra gra gra gra gra gra gra gra gra gra gra gra forGraNW graForSE for graForNW graForNE for graForNW forGraSE gra gra gra gra gra gra gra gra gra gra gra gra gra gra gra gra gra gra gra gra gra gra gra gra gra gra gra gra gra gra gra gra gra gra gra gra gra gra gra 
gra gra gra gra gra gra gra gra gra gra gra gra gra gra gra gra gra forGraW for for forGraE forGraW for forGraE gra gra gra gra gra gra gra gra gra gra gra gra dirGraNW dirGraN dirGraN dirGraNE gra gra gra gra gra gra gra gra gra gra gra gra gra gra gra gra gra gra gra gra gra gra gra gra 
gra gra gra gra gra gra gra gra gra gra gra gra gra gra gra gra gra forGraW for graForNW forGraSE forGraW for forGraE gra gra gra gra gra gra gra gra gra gra dirGraNW dirGraN graDirSE dir dir graDirSW dirGraN dirGraNE gra gra gra gra gra gra gra gra gra gra gra gra gra gra gra gra gra gra gra gra gra gra 
gra gra gra gra gra gra gra gra gra gra gra gra gra gra gra gra gra forGraW for forGraE gra forGraSW forGraS forGraSE gra gra gra gra gra gra gra gra gra gra dirGraW dir dir dir dir dir dir dirGraE gra gra gra gra gra gra gra gra gra gra gra gra gra gra gra gra gra gra gra gra gra gra 
gra gra gra gra gra gra gra gra gra gra gra gra gra gra gra gra gra forGraW for forGraE gra gra gra gra gra gra gra gra gra gra gra gra gra gra dirGraW dir dir lfNW lfNE graDirNW dirGraS dirGraSE gra gra gra gra gra gra gra gra gra gra gra gra gra gra gra gra gra gra gra gra gra gra 
gra gra gra gra gra gra gra gra gra gra gra gra gra gra gra gra gra forGraW for forGraE gra gra gra gra gra gra gra gra gra gra gra gra gra gra dirGraW dir dir lfSW lfSE dirGraE gra gra gra gra gra gra gra gra gra gra gra gra gra gra gra gra gra gra gra gra gra gra gra gra 
gra gra gra gra gra gra gra gra gra gra gra gra gra gra gra gra gra forGraSW forGraS forGraSE gra gra gra gra gra gra gra gra gra gra gra gra gra gra dirGraSW dirGraS dirGraS dirGraS dirGraS dirGraSE gra gra gra gra gra gra gra gra gra gra gra gra gra gra gra gra gra gra gra gra gra gra gra gra 
gra gra gra gra gra gra gra gra gra gra gra gra gra gra gra gra gra gra gra gra gra gra gra gra gra gra gra gra gra gra gra gra gra gra gra gra gra gra gra gra gra gra gra gra gra gra gra gra gra gra gra gra gra gra gra gra gra gra gra gra gra gra gra gra 
gra gra gra gra gra gra gra gra gra gra gra gra gra gra gra gra gra gra gra gra gra gra gra gra gra gra gra gra gra gra gra gra gra gra gra gra gra gra gra gra gra gra gra gra gra gra gra gra gra gra gra gra gra gra gra gra gra gra gra gra gra gra gra gra 
gra gra gra gra gra gra gra gra gra gra gra gra gra gra gra gra gra gra gra gra gra gra gra gra gra gra gra gra gra gra gra gra gra gra gra gra gra gra gra gra gra gra gra gra gra gra gra gra gra gra gra gra gra gra gra gra gra gra gra gra gra gra gra gra 
gra gra gra gra gra gra gra gra gra gra gra gra gra gra gra gra gra gra gra gra gra gra gra gra gra gra gra gra gra gra gra gra gra gra gra gra gra gra gra gra gra gra gra gra gra gra gra gra gra gra gra gra gra gra gra gra gra gra gra gra gra gra gra gra 
