[ATTRIBUTES]
tileset tileset_default.txt
size 128 128
description "Refuse Hunters"
[PLAYERS]
"Player 1" 0 0
"Player 2" 0 0
"Player 3" 0 0
"Player 4" 0 0
"Player 5" 0 0
"Player 6" 0 0
"Player 7" 0 0
"Player 8" 0 0
[RESOURCES]
oil  122 8 4 4
oil  7 8 4 4
oil  6 121 4 4
oil  122 121 4 4
oil  58 69 4 4
oil  71 57 4 4
landfill 1 37 14 4 4
landfill 0 46 45 4 4
landfill 2 12 42 4 4
landfill 3 11 87 4 4
landfill 0 63 63 4 4
landfill 0 45 84 4 4
landfill 0 82 83 4 4
landfill 0 82 44 4 4
landfill 4 36 113 4 4
landfill 5 91 113 4 4
landfill 6 116 86 4 4
landfill 7 116 42 4 4
landfill 8 92 14 4 4
[CONTENT]
wat wat wat wat wat wat wat wat wat wat wat wat wat wat wat wat wat wat wat wat wat wat wat wat wat wat wat wat wat wat wat wat wat wat wat wat wat wat wat wat wat wat wat wat wat wat wat wat wat wat wat wat wat wat wat wat wat wat wat wat wat wat wat wat wat wat wat wat wat wat wat wat wat wat wat wat wat wat wat wat wat wat wat wat wat wat wat wat wat wat wat wat wat wat wat wat wat wat wat wat wat wat wat wat wat wat wat wat wat wat wat wat wat wat wat wat wat wat wat wat wat wat wat wat wat wat wat wat 
wat wat wat wat wat wat wat wat wat wat wat wat wat wat wat wat wat wat wat wat wat wat wat wat wat wat wat wat wat wat wat wat wat wat wat wat wat wat wat wat wat wat wat wat wat wat wat wat wat wat wat wat wat wat wat wat wat wat wat wat wat wat wat wat wat wat wat wat wat wat wat wat wat wat wat wat wat wat wat wat wat wat wat wat wat wat wat wat wat wat wat wat wat wat wat wat wat wat wat wat wat wat wat wat wat wat wat wat wat wat wat wat wat wat wat wat wat wat wat wat wat wat wat wat wat wat wat wat 
wat wat wat wat wat wat wat wat wat wat wat wat wat wat wat wat wat wat wat wat wat wat wat wat wat wat wat wat wat wat wat wat wat wat wat wat wat wat wat wat wat wat wat wat wat wat wat wat wat wat wat wat wat wat wat wat wat wat wat wat wat wat wat wat wat wat wat wat wat wat wat wat wat wat wat wat wat wat wat wat wat wat wat wat wat wat wat wat wat wat wat wat wat wat wat wat wat wat wat wat wat wat wat wat wat wat wat wat wat wat wat wat wat wat wat wat wat wat wat wat wat wat wat wat wat wat wat wat 
wat wat wat dirWatNW dirWatN dirWatN dirWatN dirWatN dirWatN dirWatNE wat wat wat wat wat wat wat wat wat wat wat wat wat wat wat wat wat wat wat wat wat wat wat wat wat wat wat wat wat wat wat wat wat wat wat wat wat wat wat wat wat wat wat wat wat wat wat wat wat wat wat wat wat wat wat wat wat wat wat wat wat wat wat wat wat wat wat wat wat wat wat wat wat wat wat wat wat wat wat wat wat wat wat wat wat wat wat wat wat wat wat wat wat wat wat wat wat wat wat wat wat wat wat wat wat wat wat wat dirWatNW dirWatN dirWatN dirWatN dirWatN dirWatN dirWatNE wat wat wat 
wat wat dirWatNW watDirSE dir dir dir dir dir dirWatE wat wat wat wat wat wat wat wat wat wat wat wat wat wat wat wat wat dirWatNW dirWatN dirWatN dirWatNE wat wat wat wat wat wat wat wat wat wat wat wat wat wat wat wat wat wat wat wat wat wat wat wat wat wat wat wat wat wat wat wat wat wat wat wat wat wat wat wat wat wat wat wat wat wat wat wat wat wat wat wat wat dirWatNW dirWatN dirWatN dirWatN dirWatN dirWatNE wat wat wat wat wat wat wat wat wat wat wat wat wat wat wat wat wat wat wat wat wat wat wat wat wat wat wat wat dirWatW dir dir dir dir dir watDirSW dirWatNE wat wat 
wat wat dirWatW dir dir dir watDirNW watDirNE dir watDirSW dirWatN dirWatNE wat wat wat wat wat wat wat wat wat wat wat wat wat wat wat dirWatW dir dir watDirSW dirWatN dirWatN dirWatN dirWatN dirWatN dirWatN dirWatN dirWatN dirWatN dirWatN dirWatN dirWatN dirWatN dirWatNE wat wat wat wat wat wat wat wat wat wat wat wat wat wat wat wat wat wat wat wat wat wat wat wat wat wat wat wat wat wat wat wat wat wat wat wat dirWatNW dirWatN dirWatN watDirSE dir dir dir dir watDirSW dirWatN dirWatN dirWatN dirWatN dirWatN dirWatN dirWatN dirWatN dirWatN dirWatNE wat wat wat wat wat wat wat wat wat wat wat wat wat wat wat wat dirWatNW dirWatN watDirSE dir watDirNW watDirNE dir dir dir dirWatE wat wat 
wat wat dirWatW dir dir dir watDirSW watDirSE dir dir dir dirWatE wat wat wat wat wat wat wat wat wat wat wat wat wat wat dirWatNW watDirSE dir dir dir dir dir dir dir dir dir dir graDirNW dirGraS graDirNE dir dir dir dirWatE wat wat wat wat wat wat wat wat wat wat wat wat wat wat wat wat wat wat wat wat wat wat wat wat wat wat wat wat wat wat wat wat wat wat wat dirWatNW watDirSE dir dir dir graDirNW dirGraS dirGraS dirGraS graDirNE dir dir dir dir dir dir dir dir dir dirWatE wat wat wat wat wat wat wat wat wat wat wat wat wat wat wat wat dirWatW dir dir dir watDirSW watDirSE dir dir dir dirWatE wat wat 
wat wat dirWatW dir dir dir owNW owNE dir dir dir dirWatE wat wat wat wat wat wat wat wat wat wat wat wat wat dirWatNW watDirSE dir dir dir graDirNW dirGraS dirGraS dirGraS dirGraS dirGraS dirGraS dirGraS dirGraSE gra dirGraSW graDirNE dir dir dirWatE wat wat wat wat wat wat wat wat wat wat wat wat wat wat wat wat wat wat wat wat wat wat wat wat wat wat wat wat wat wat wat wat wat wat wat dirWatW dir dir dir graDirNW dirGraSE gra gra gra dirGraSW dirGraS graDirNE dir dir dir dir dir dir dir dirWatE wat wat wat wat wat wat wat wat wat wat wat wat wat wat wat wat dirWatW dir dir dir dir owNW owNE dir dir dirWatE wat wat 
wat wat dirWatW dir dir dir owSW owSE dir dir watDirNW dirWatSE wat wat wat wat wat wat wat wat wat wat wat wat dirWatNW watDirSE dir dir dir graDirNW dirGraSE gra gra gra gra gra gra gra gra gra gra dirGraSW graDirNE dir dirWatE wat wat wat wat wat wat wat wat wat wat wat wat wat wat wat wat wat wat wat wat wat wat wat wat wat wat wat wat wat wat wat wat wat wat wat dirWatW dir dir graDirNW dirGraSE gra gra gra gra gra gra dirGraSW dirGraS dirGraS dirGraS dirGraS graDirNE dir dir watDirSW dirWatNE wat wat wat wat wat wat wat wat wat wat wat wat wat wat wat dirWatSW watDirNE dir dir dir owSW owSE dir dir dirWatE wat wat 
wat wat dirWatW dir dir dir dir dir dir watDirNW dirWatSE wat wat wat wat wat wat wat wat wat wat wat wat wat dirWatW dir dir dir dir dirGraE gra gra gra gra gra gra gra gra gra gra gra gra dirGraW dir watDirSW dirWatNE wat wat wat wat wat wat wat wat wat wat wat wat wat wat wat wat wat wat wat wat wat wat wat wat wat wat wat wat wat wat wat wat wat wat dirWatW dir dir dirGraE gra gra gra gra gra gra gra gra gra gra gra gra dirGraSW dirGraS graDirNE dir dirWatE wat wat wat wat wat wat wat wat wat wat wat wat wat wat wat wat dirWatSW watDirNE dir dir dir dir dir dir dirWatE wat wat 
wat wat dirWatSW dirWatS dirWatS dirWatS dirWatS dirWatS dirWatS dirWatSE wat wat wat wat wat wat wat wat wat wat wat wat wat dirWatNW watDirSE dir dir dir dir dirGraE gra gra gra gra gra gra gra gra gra gra gra gra dirGraW dir dir dirWatE wat wat wat wat wat wat wat wat wat wat wat wat wat wat wat wat wat wat wat wat wat wat wat wat wat wat wat wat wat wat wat wat wat wat dirWatW dir dir dirGraE gra gra gra gra gra gra gra gra gra gra gra gra gra gra dirGraW dir watDirSW dirWatNE wat wat wat wat wat wat wat wat wat wat wat wat wat wat wat wat dirWatSW dirWatS dirWatS dirWatS dirWatS dirWatS dirWatS dirWatSE wat wat 
wat wat wat wat wat wat wat wat wat wat wat wat wat wat wat wat wat wat wat wat wat wat wat dirWatW dir dir dir dir dir dirGraE gra gra gra dirGraNW dirGraN dirGraN dirGraN dirGraN dirGraN dirGraNE gra dirGraNW graDirSE dir dir dirWatE wat wat wat wat wat wat wat wat wat wat wat wat wat wat wat wat wat wat wat wat wat wat wat wat wat wat wat wat wat wat wat wat wat wat dirWatW dir dir dirGraE gra gra gra gra dirGraNW dirGraN dirGraN dirGraN dirGraN dirGraN dirGraNE gra gra gra dirGraW dir dir watDirSW dirWatNE wat wat wat wat wat wat wat wat wat wat wat wat wat wat wat wat wat wat wat wat wat wat wat wat wat 
wat wat wat wat wat wat wat wat wat wat wat wat wat wat wat wat wat wat wat wat wat wat wat dirWatW dir dir dir dir dir dirGraE gra gra gra dirGraW dir dir dir dir dir dirGraE gra dirGraSW graDirNE dir dir dirWatE wat wat wat wat wat wat wat wat wat wat wat wat wat wat wat wat wat wat wat wat wat wat wat wat wat wat wat wat wat wat wat wat wat wat dirWatW dir dir dirGraE gra gra gra gra dirGraW dir dir dir dir dir graDirSW dirGraNE gra gra dirGraW dir dir dir dirWatE wat wat wat wat wat wat wat wat wat wat wat wat wat wat wat wat wat wat wat wat wat wat wat wat wat 
wat wat wat wat wat wat wat wat wat wat wat wat wat wat wat wat wat wat wat wat wat wat wat dirWatW dir dir dir dir graDirNW dirGraSE gra gra gra dirGraW dir dir lfNW lfNE dir dirGraE gra gra dirGraSW graDirNE dir watDirSW dirWatN dirWatNE wat wat wat wat wat wat wat wat wat wat wat wat wat wat wat wat wat wat wat wat wat wat wat wat wat wat wat wat wat wat wat wat dirWatW dir dir dirGraE gra gra gra gra dirGraW dir dir lfNW lfNE dir dir dirGraE gra gra dirGraW dir dir dir dirWatE wat wat wat wat wat wat wat wat wat wat wat wat wat wat wat wat wat wat wat wat wat wat wat wat wat 
wat wat wat wat wat wat wat wat wat wat wat wat wat wat wat wat wat wat wat wat wat wat wat dirWatSW watDirNE dir dir dir dirGraE gra gra gra gra dirGraW dir dir lfSW lfSE dir dirGraE gra gra gra dirGraW dir dir dir dirWatE wat wat wat wat wat wat wat wat wat wat wat wat wat wat wat wat wat wat wat wat wat wat wat wat wat wat wat wat wat wat wat wat dirWatW dir dir dirGraE gra gra gra gra dirGraSW graDirNE dir lfSW lfSE dir dir dirGraE gra gra dirGraW dir dir watDirNW dirWatSE wat wat wat wat wat wat wat wat wat wat wat wat wat wat wat wat wat wat wat wat wat wat wat wat wat 
wat wat wat wat wat wat wat wat wat wat wat wat wat wat wat wat wat wat wat wat wat wat wat wat dirWatW dir dir dir dirGraE gra gra gra gra dirGraW dir dir dir dir dir dirGraE gra gra gra dirGraW dir dir dir dirWatE wat wat wat wat wat wat wat wat wat wat wat wat wat wat wat wat wat wat wat wat wat wat wat wat wat wat wat wat wat wat wat wat dirWatW dir dir graDirSW dirGraNE gra gra gra gra dirGraW dir dir dir dir dir dirGraE gra gra dirGraW dir dir dirWatE wat wat wat wat wat wat wat wat wat wat wat wat wat wat wat wat wat wat wat wat wat wat wat wat wat wat 
wat wat wat wat wat wat wat wat wat wat wat wat wat wat wat wat wat wat wat wat wat wat wat wat dirWatSW watDirNE dir dir dirGraE gra gra gra gra dirGraW dir dir dir graDirNW dirGraS dirGraSE gra gra dirGraNW graDirSE dir dir watDirNW dirWatSE wat wat wat wat wat wat wat wat wat wat wat wat wat wat wat wat wat wat wat wat wat wat wat wat wat wat wat wat wat wat wat wat dirWatSW watDirNE dir dir dirGraE gra gra gra gra dirGraW dir dir dir dir dir dirGraE gra dirGraNW graDirSE dir watDirNW dirWatSE wat wat wat wat wat wat wat wat wat wat wat wat wat wat wat wat wat wat wat wat wat wat wat wat wat wat 
wat wat wat wat wat wat wat wat wat wat wat wat wat wat wat wat wat wat wat wat wat wat wat wat wat dirWatW dir dir dirGraE gra gra gra gra dirGraSW dirGraS dirGraS dirGraS dirGraSE gra gra gra dirGraNW graDirSE dir dir dir dirWatE wat wat wat wat wat wat wat wat wat wat wat wat wat wat wat wat wat wat wat wat wat wat wat wat wat wat wat wat wat wat wat wat wat wat dirWatW dir dir graDirSW dirGraNE gra gra gra dirGraW dir dir graDirNW dirGraS dirGraS dirGraSE gra dirGraW dir dir dirWatE wat wat wat wat wat wat wat wat wat wat wat wat wat wat wat wat wat wat wat wat wat wat wat wat wat wat wat 
wat wat wat wat wat wat wat wat wat wat wat wat wat wat wat wat wat wat wat wat wat wat wat wat wat dirWatW dir dir dirGraE gra gra gra gra gra gra gra gra gra gra gra gra dirGraW dir dir dir watDirNW dirWatSE wat wat wat wat wat wat wat wat wat wat wat wat wat wat wat wat wat wat wat wat wat wat wat wat wat wat wat wat wat wat wat wat wat wat dirWatW dir dir dir dirGraE gra gra gra dirGraSW dirGraS dirGraS dirGraSE gra gra gra dirGraNW graDirSE dir watDirNW dirWatSE wat wat wat wat wat wat wat wat wat wat wat wat wat wat wat wat wat wat wat wat wat wat wat wat wat wat wat 
wat wat wat wat wat wat wat wat wat wat wat wat wat wat wat wat wat wat wat wat wat wat wat wat wat dirWatW dir dir graDirSW dirGraN dirGraNE gra gra gra gra gra gra gra gra gra gra dirGraW dir dir dir dirWatE wat wat wat wat wat wat wat wat wat wat wat wat wat wat wat wat wat wat wat wat wat wat wat wat wat wat wat wat wat wat wat wat wat wat wat dirWatSW watDirNE dir dir dirGraE gra gra gra gra gra gra gra gra gra dirGraNW graDirSE dir watDirNW dirWatSE wat wat wat wat wat wat wat wat wat wat wat wat wat wat wat wat wat wat wat wat wat wat wat wat wat wat wat wat 
wat wat wat wat wat wat wat wat wat wat wat wat wat wat wat wat wat wat wat wat wat wat wat wat wat dirWatSW dirWatS watDirNE dir dir dirGraE gra gra gra gra gra gra gra gra gra gra dirGraW dir dir watDirNW dirWatSE wat wat wat wat wat wat wat wat wat wat wat wat wat wat wat wat wat wat wat wat wat wat wat wat wat wat wat wat wat wat wat wat wat wat wat wat dirWatSW watDirNE dir graDirSW dirGraNE gra gra gra gra gra gra gra dirGraNW graDirSE dir watDirNW dirWatSE wat wat wat wat wat wat wat wat wat wat wat wat wat wat wat wat wat wat wat wat wat wat wat wat wat wat wat wat wat 
wat wat wat wat wat wat wat wat wat wat wat wat wat wat wat wat wat wat wat wat wat wat wat wat wat wat wat dirWatW dir dir graDirSW dirGraN dirGraN dirGraN dirGraNE gra gra gra gra gra gra dirGraW dir dir dirWatE wat wat wat wat wat wat wat wat wat wat wat wat wat wat wat wat wat wat wat wat wat wat wat wat wat wat wat wat wat wat wat wat wat wat wat wat wat wat dirWatW dir dir graDirSW dirGraN dirGraNE gra gra dirGraNW dirGraN dirGraN graDirSE watDirNW dirWatS dirWatSE wat wat wat wat wat wat wat wat wat wat wat wat wat wat wat wat wat wat wat wat wat wat wat wat wat wat wat wat wat wat 
wat wat wat wat wat wat wat wat wat wat wat wat wat wat wat wat wat wat wat wat wat wat wat wat wat wat wat dirWatSW watDirNE dir dir dir dir dir graDirSW dirGraN dirGraNE gra gra gra gra dirGraW dir dir dirWatE wat wat wat wat wat wat wat wat wat wat wat wat wat wat wat wat wat wat wat wat wat wat wat wat wat wat wat wat wat wat wat wat wat wat wat wat wat wat dirWatW dir dir dir dir graDirSW dirGraN dirGraN graDirSE dir dir dir dirWatE wat wat wat wat wat wat wat wat wat wat wat wat wat wat wat wat wat wat wat wat wat wat wat wat wat wat wat wat wat wat wat wat 
wat wat wat wat wat wat wat wat wat wat wat wat wat wat wat wat wat wat wat wat wat wat wat wat wat wat wat wat dirWatSW dirWatS dirWatS watDirNE dir dir dir dir graDirSW dirGraN dirGraN dirGraN dirGraN graDirSE watDirNW dirWatS dirWatSE wat wat wat wat wat wat wat wat wat wat wat wat wat wat wat wat wat wat wat wat wat wat wat wat wat wat wat wat wat wat wat wat wat wat wat wat wat wat dirWatSW dirWatS watDirNE dir dir dir dir dir dir dir dir watDirNW dirWatSE wat wat wat wat wat wat wat wat wat wat wat wat wat wat wat wat wat wat wat wat wat wat wat wat wat wat wat wat wat wat wat wat 
wat wat wat wat wat wat wat wat wat wat wat wat wat wat wat wat wat wat wat wat wat wat wat wat wat wat wat wat wat wat wat dirWatSW dirWatS dirWatS watDirNE dir dir dir dir dir dir watDirNW dirWatSE wat wat wat wat wat wat wat wat wat wat wat wat wat wat wat wat wat wat wat wat wat wat wat wat wat wat wat wat wat wat wat wat wat wat wat wat wat wat wat wat wat wat dirWatSW watDirNE dir dir dir dir dir dir watDirNW dirWatSE wat wat wat wat wat wat wat wat wat wat wat wat wat wat wat wat wat wat wat wat wat wat wat wat wat wat wat wat wat wat wat wat wat 
wat wat wat wat wat wat wat wat wat wat wat wat wat wat wat wat wat wat wat wat wat wat wat wat wat wat wat wat wat wat wat wat wat wat dirWatSW watDirNE dir dir dir dir dir watDirSW dirWatNE wat wat wat wat wat wat wat wat wat wat wat wat wat wat wat wat wat wat wat wat wat wat wat wat wat wat wat wat wat wat wat wat wat wat wat wat wat wat wat wat wat wat dirWatNW watDirSE dir dir dir dir dir watDirNW dirWatSE wat wat wat wat wat wat wat wat wat wat wat wat wat wat wat wat wat wat wat wat wat wat wat wat wat wat wat wat wat wat wat wat wat wat 
wat wat wat wat wat wat wat wat wat wat wat wat wat wat wat wat wat wat wat wat wat wat wat wat wat wat wat wat wat wat wat wat wat wat wat dirWatSW watDirNE dir dir dir dir dir dirWatE wat wat wat wat wat wat wat wat wat wat wat wat wat wat wat wat wat wat wat wat wat wat wat wat wat wat wat wat wat wat wat wat wat wat wat wat wat wat wat wat wat wat dirWatW dir dir dir dir dir watDirNW dirWatSE wat wat wat wat wat wat wat wat wat wat wat wat wat wat wat wat wat wat wat wat wat wat wat wat wat wat wat wat wat wat wat wat wat wat wat 
wat wat wat wat wat wat wat wat wat wat wat wat wat wat wat wat wat wat wat wat wat wat wat wat wat wat wat wat wat wat wat wat wat wat wat wat dirWatW dir dir dir dir dir dirWatE wat wat wat wat wat wat wat wat wat wat wat wat wat wat wat wat wat wat wat wat wat wat wat wat wat wat wat wat wat wat wat wat wat wat wat wat wat wat wat wat wat wat dirWatW dir dir dir dir dir dirWatE wat wat wat wat wat wat wat wat wat wat wat wat wat wat wat wat wat wat wat wat wat wat wat wat wat wat wat wat wat wat wat wat wat wat wat wat 
wat wat wat wat wat wat wat wat wat dirWatNW dirWatN dirWatN dirWatN dirWatN dirWatNE wat wat wat wat wat wat wat wat wat wat wat wat wat wat wat wat wat wat wat wat wat dirWatW dir dir dir dir dir watDirSW dirWatNE wat wat wat wat wat wat wat wat wat wat wat wat wat wat wat wat wat wat wat wat wat wat wat wat wat wat wat wat wat wat wat wat wat wat wat wat wat wat wat wat dirWatNW watDirSE dir dir dir dir dir dirWatE wat wat wat wat wat wat wat wat wat wat wat wat wat wat wat wat wat wat wat wat wat dirWatNW dirWatN dirWatN dirWatN dirWatN dirWatNE wat wat wat wat wat wat wat wat wat 
wat wat wat wat wat wat wat wat dirWatNW watDirSE dir dir dir dir watDirSW dirWatN dirWatNE wat wat wat wat wat wat wat wat wat wat wat wat wat wat wat wat wat wat wat dirWatSW watDirNE dir dir dir dir dir watDirSW dirWatNE wat wat wat wat wat wat wat wat wat wat wat wat wat wat wat wat wat wat wat wat wat wat wat wat wat wat wat wat wat wat wat wat wat wat wat wat wat wat dirWatNW watDirSE dir dir dir dir dir watDirNW dirWatSE wat wat wat wat wat wat wat wat wat wat wat wat wat wat wat wat wat wat wat dirWatNW dirWatN watDirSE dir dir dir dir watDirSW dirWatNE wat wat wat wat wat wat wat wat 
wat wat wat wat wat wat wat dirWatNW watDirSE dir dir dir dir dir dir dir watDirSW dirWatNE wat wat wat wat wat wat wat wat wat wat wat wat wat wat wat wat wat wat wat dirWatW dir dir dir dir dir dir watDirSW dirWatN dirWatNE wat wat wat wat wat wat wat wat wat wat wat wat wat wat wat wat wat wat wat wat wat wat wat wat wat wat wat wat wat wat wat wat wat wat dirWatNW dirWatN watDirSE dir dir dir dir dir dir dirWatE wat wat wat wat wat wat wat wat wat wat wat wat wat wat wat wat wat wat wat dirWatNW watDirSE dir dir dir dir dir dir dir watDirSW dirWatNE wat wat wat wat wat wat wat 
wat wat wat wat wat wat dirWatNW watDirSE dir dir dir dir dir dir dir dir dir watDirSW dirWatNE wat wat wat wat wat wat wat wat wat wat wat wat wat wat wat wat wat wat dirWatSW watDirNE dir dir dir dir dir dir dir dirWatE wat wat wat wat wat wat wat wat wat wat wat wat wat wat wat wat wat wat wat wat wat wat wat wat wat wat wat wat wat wat wat wat wat wat dirWatW dir dir dir dir dir dir dir watDirNW dirWatSE wat wat wat wat wat wat wat wat wat wat wat wat wat wat wat wat wat wat dirWatNW watDirSE dir dir dir dir dir dir dir dir dir watDirSW dirWatNE wat wat wat wat wat wat 
wat wat wat wat wat dirWatNW watDirSE dir graDirNW dirGraS dirGraS dirGraS dirGraS graDirNE dir dir dir dir dirWatE wat wat wat wat wat wat wat wat wat wat wat wat wat wat wat wat wat wat wat dirWatSW watDirNE dir dir dir dir dir dir watDirSW dirWatN dirWatN dirWatNE wat wat wat wat wat wat wat wat wat wat wat wat wat wat wat wat wat wat wat wat wat wat wat wat wat dirWatNW dirWatN dirWatN dirWatN dirWatN dirWatN watDirSE dir dir dir dir dir dir watDirNW dirWatSE wat wat wat wat wat wat wat wat wat wat wat wat wat wat wat wat wat wat wat dirWatW dir dir dir dir graDirNW dirGraS dirGraS dirGraS dirGraS graDirNE dir watDirSW dirWatNE wat wat wat wat wat 
wat wat wat wat wat dirWatW dir graDirNW dirGraSE gra gra gra gra dirGraSW graDirNE dir dir dir dirWatE wat wat wat wat wat wat wat wat wat wat wat wat wat wat wat wat wat wat wat wat dirWatSW watDirNE dir dir dir dir dir dir dir dir watDirSW dirWatNE wat wat wat wat wat wat wat wat wat wat wat wat wat wat wat wat wat wat wat wat wat wat wat wat dirWatW dir dir dir dir dir dir dir dir dir dir dir watDirNW dirWatSE wat wat wat wat wat wat wat wat wat wat wat wat wat wat wat wat wat wat wat wat dirWatW dir dir dir graDirNW dirGraSE gra gra gra gra dirGraSW graDirNE dir dirWatE wat wat wat wat wat 
wat wat wat wat dirWatNW watDirSE graDirNW dirGraSE gra gra gra gra gra gra dirGraSW dirGraS graDirNE dir watDirSW dirWatNE wat wat wat wat wat wat wat wat wat wat wat wat wat wat wat wat wat wat wat wat dirWatW dir dir dir dir dir dir dir dir dir dirWatE wat wat wat wat wat wat wat wat wat wat wat wat wat wat wat wat wat wat wat wat wat wat wat wat dirWatW dir dir dir dir dir dir dir dir dir dir dir dirWatE wat wat wat wat wat wat wat wat wat wat wat wat wat wat wat wat wat wat wat wat dirWatNW watDirSE dir graDirNW dirGraS dirGraSE gra gra gra gra gra gra dirGraSW graDirNE watDirSW dirWatNE wat wat wat wat 
wat wat wat wat dirWatW dir dirGraE gra gra gra gra gra gra gra gra gra dirGraSW graDirNE dir dirWatE wat wat wat wat wat wat wat wat wat wat wat wat wat wat wat wat wat wat wat dirWatNW watDirSE dir dir dir dir dir dir dir dir dir watDirSW dirWatNE wat wat wat wat wat wat wat wat wat wat wat wat wat wat wat wat wat wat wat wat wat dirWatNW dirWatN watDirSE dir graDirNW dirGraS dirGraS dirGraS graDirNE dir dir dir dir dir watDirSW dirWatNE wat wat wat wat wat wat wat wat wat wat wat wat wat wat wat wat wat wat wat dirWatW dir graDirNW dirGraSE gra gra gra gra gra gra gra gra gra dirGraW dir dirWatE wat wat wat wat 
wat wat wat wat dirWatW dir dirGraE gra gra gra gra gra gra gra gra gra gra dirGraW dir watDirSW dirWatN dirWatN dirWatNE wat wat wat wat wat wat wat wat wat wat wat wat wat wat wat dirWatNW watDirSE dir dir dir dir dir dir dir dir dir dir dir dirWatE wat wat wat wat wat wat wat wat wat wat wat wat wat wat wat wat wat wat wat wat wat dirWatW dir dir dir dirGraE gra gra gra dirGraSW graDirNE dir dir dir dir dir watDirSW dirWatNE wat wat wat wat wat wat wat wat wat wat wat wat wat wat wat dirWatNW dirWatN dirWatN watDirSE dir dirGraE gra gra gra gra gra gra gra gra gra gra dirGraW dir dirWatE wat wat wat wat 
wat wat wat wat dirWatW dir dirGraE gra gra gra gra gra gra gra gra gra gra dirGraW dir dir dir dir dirWatE wat wat wat wat wat wat wat wat wat wat wat wat wat wat dirWatNW watDirSE dir dir graDirNW dirGraS dirGraS dirGraS dirGraS graDirNE dir dir dir dir watDirSW dirWatNE wat wat wat wat wat wat wat wat wat wat wat wat wat wat wat wat wat wat wat wat dirWatW dir dir dir dirGraE gra gra gra gra dirGraSW dirGraS dirGraS dirGraS graDirNE dir dir watDirSW dirWatNE wat wat wat wat wat wat wat wat wat wat wat wat wat wat dirWatW dir dir dir dir dirGraE gra gra gra gra gra gra gra gra gra gra dirGraW dir dirWatE wat wat wat wat 
wat wat wat wat dirWatW dir dirGraE gra gra gra gra gra gra gra gra gra gra dirGraW dir dir dir dir watDirSW dirWatNE wat wat wat wat wat wat wat wat wat wat wat dirWatNW dirWatN watDirSE dir dir graDirNW dirGraSE gra gra gra gra dirGraW dir dir dir dir dir dirWatE wat wat wat wat wat wat wat wat wat wat wat wat wat wat wat wat wat wat wat wat dirWatW dir dir dir dirGraE gra gra gra gra gra gra gra gra dirGraSW graDirNE dir dir watDirSW dirWatN dirWatNE wat wat wat wat wat wat wat wat wat wat wat dirWatNW watDirSE dir dir dir dir dirGraE gra gra gra gra gra gra gra gra gra gra dirGraW dir dirWatE wat wat wat wat 
wat wat wat dirWatNW watDirSE graDirNW dirGraSE gra gra dirGraNW dirGraN dirGraN dirGraN dirGraNE gra gra gra dirGraSW graDirNE dir dir dir dir dirWatE wat wat wat wat wat wat wat wat wat wat dirWatNW watDirSE dir dir dir graDirNW dirGraSE gra gra gra gra gra dirGraSW dirGraS graDirNE dir dir dir watDirSW dirWatNE wat wat wat wat wat wat wat wat wat wat wat wat wat wat wat wat wat wat dirWatNW watDirSE dir dir dir dirGraE gra gra gra gra gra gra gra gra gra dirGraSW graDirNE dir dir dir watDirSW dirWatNE wat wat wat wat wat wat wat wat wat wat dirWatW dir dir dir dir graDirNW dirGraSE gra gra gra dirGraNW dirGraN dirGraN dirGraN dirGraNE gra gra dirGraSW graDirNE watDirSW dirWatNE wat wat wat 
wat wat dirWatNW watDirSE graDirNW dirGraSE gra gra gra dirGraW dir dir dir dirGraE gra gra gra gra dirGraW dir dir dir dir dirWatE wat wat wat wat wat wat wat wat wat dirWatNW watDirSE dir dir dir dir dirGraE gra gra gra gra gra gra gra gra dirGraSW dirGraS graDirNE dir dir dirWatE wat wat wat wat wat wat wat wat wat wat wat wat wat wat wat wat wat wat dirWatW dir dir dir graDirNW dirGraSE gra gra gra gra gra gra gra gra gra gra dirGraW dir dir dir dir watDirSW dirWatNE wat wat wat wat wat wat wat wat wat dirWatW dir dir dir dir dirGraE gra gra gra gra dirGraW dir dir dir dirGraE gra gra gra dirGraSW graDirNE watDirSW dirWatNE wat wat 
wat dirWatNW watDirSE dir dirGraE gra gra gra gra dirGraW dir lfNW lfNE dirGraE gra gra gra gra dirGraW dir dir dir dir dirWatE wat wat wat wat wat wat wat wat wat dirWatW dir watDirNW watDirNE dir dir dirGraE gra gra gra gra dirGraNW dirGraN dirGraN dirGraNE gra gra dirGraW dir dir dirWatE wat wat wat wat wat wat wat wat wat wat wat wat wat wat wat wat wat wat dirWatW dir dir dir dirGraE gra gra gra dirGraNW dirGraN dirGraN dirGraNE gra gra gra gra dirGraW dir dir watDirNW watDirNE dir dirWatE wat wat wat wat wat wat wat wat wat dirWatW dir dir dir dir dirGraE gra gra gra gra dirGraW lfNW lfNE dir dirGraE gra gra gra gra dirGraW dir watDirSW dirWatNE wat 
wat dirWatW dir dir dirGraE gra gra gra dirGraNW graDirSE dir lfSW lfSE dirGraE gra gra gra gra dirGraW dir dir dir dir dirWatE wat wat wat wat wat wat wat wat wat dirWatW dir watDirSW watDirSE dir graDirNW dirGraSE gra gra gra dirGraNW graDirSE dir dir dirGraE gra gra dirGraSW graDirNE dir dirWatE wat wat wat wat wat wat wat wat wat wat wat wat wat wat wat wat wat wat dirWatW dir dir dir dirGraE gra gra gra dirGraW dir dir graDirSW dirGraNE gra gra gra dirGraSW graDirNE dir watDirSW watDirSE dir dirWatE wat wat wat wat wat wat wat wat wat dirWatW dir dir dir dir dirGraE gra gra gra gra dirGraW lfSW lfSE dir graDirSW dirGraNE gra gra gra dirGraW dir dir dirWatE wat 
wat dirWatW dir dir dirGraE gra gra gra dirGraW dir dir dir dir dirGraE gra gra gra gra dirGraW dir dir dir dir watDirSW dirWatN dirWatN dirWatN dirWatNE wat wat dirWatNW dirWatN dirWatN watDirSE dir dir dir dir dirGraE gra gra gra dirGraNW graDirSE dir dir dir dirGraE gra gra gra dirGraW dir watDirSW dirWatNE wat wat wat wat wat wat wat wat wat wat wat wat wat wat wat wat wat dirWatSW watDirNE dir dir dirGraE gra gra gra dirGraW lfNW lfNE dir graDirSW dirGraNE gra gra gra dirGraW dir dir dir dir watDirSW dirWatN dirWatN dirWatNE wat wat dirWatNW dirWatN dirWatN dirWatN watDirSE dir dir dir dir dirGraE gra gra gra gra dirGraW dir dir dir dir dirGraE gra gra gra dirGraW dir dir dirWatE wat 
wat dirWatSW watDirNE dir dirGraE gra gra gra dirGraSW dirGraS graDirNE dir graDirNW dirGraSE gra gra gra gra dirGraSW graDirNE dir dir dir dir dir dir dir watDirSW dirWatN dirWatN watDirSE dir dir dir dir dir dir dir dirGraE gra gra gra dirGraW dir dir lfNW lfNE dirGraE gra gra gra dirGraW dir dir dirWatE wat wat wat wat wat wat wat wat wat wat wat wat wat wat wat wat wat wat dirWatW dir dir dirGraE forGraNW forGraN forGraNE dirGraW lfSW lfSE dir dir dirGraE gra gra gra dirGraW dir dir dir dir dir dir dir watDirSW dirWatN dirWatN watDirSE dir dir dir dir dir dir dir graDirNW dirGraSE gra gra gra gra dirGraSW graDirNE dir graDirNW dirGraS dirGraSE gra gra gra dirGraW dir watDirNW dirWatSE wat 
wat wat dirWatW dir dirGraE gra gra gra gra gra dirGraSW dirGraS dirGraSE gra gra gra gra gra gra dirGraW dir dir dir dir dir dir dir dir dir dir dir dir dir dir dir dir dir dir dirGraE gra gra gra dirGraW dir dir lfSW lfSE dirGraE gra gra gra dirGraW dir dir dirWatE wat wat wat wat wat wat wat wat wat wat wat wat wat wat wat wat wat wat dirWatW dir dir dirGraE forGraW for graForSW dirGraW dir dir dir dir dirGraE gra gra gra dirGraW dir dir dir dir dir dir dir dir dir dir dir dir dir dir dir dir dir dir dirGraE gra gra gra gra gra gra dirGraSW dirGraS dirGraSE gra gra gra gra gra dirGraW dir dirWatE wat wat 
wat wat dirWatW dir dirGraE gra gra gra gra gra gra gra gra gra gra gra gra gra gra dirGraW dir dir dir dir dir dir dir dir dir dir dir dir dir dir dir dir dir dir graDirSW dirGraNE gra gra dirGraSW dirGraS graDirNE graDirNW dirGraS dirGraSE gra gra gra dirGraW dir dir dirWatE wat wat wat wat wat wat wat wat wat wat wat wat wat wat wat wat wat wat dirWatW dir dir dirGraE forGraW for forGraE dirGraSW graDirNE dir graDirNW dirGraS dirGraSE gra gra dirGraNW graDirSE dir dir dir dir dir dir dir dir dir dir dir dir dir dir dir dir dir dir dirGraE gra gra gra gra gra gra gra gra gra gra gra gra gra gra dirGraW dir dirWatE wat wat 
wat wat dirWatW dir graDirSW dirGraNE gra gra gra gra gra gra gra gra gra gra gra gra gra watDirNW watDirNE dir dir dir dir dir dir dir dir dir dir dir dir dir dir dir dir dir dir graDirSW dirGraNE gra gra gra dirGraSW dirGraSE gra forGraNW forGraNE gra gra dirGraW dir dir dirWatE wat wat wat wat wat wat wat wat wat wat wat wat wat wat wat wat wat wat dirWatW dir dir dirGraE forGraW for forGraE gra dirGraSW dirGraS dirGraSE gra gra gra dirGraNW graDirSE dir dir dir dir dir dir dir dir dir dir dir dir dir dir dir dir dir dir watDirNW watDirNE gra gra gra gra gra gra gra gra gra gra gra gra gra dirGraNW graDirSE dir dirWatE wat wat 
wat wat dirWatW dir dir dirGraE gra gra gra gra gra gra gra gra gra gra gra dirGraNW dirGraN watDirSW watDirSE dir dir dir dir dir dir dir dir dir dir dir dir dir dir dir dir dir dir dir graDirSW dirGraNE gra gra gra gra gra forGraW forGraE gra dirGraNW graDirSE dir dir watDirSW dirWatNE wat wat wat wat wat wat wat wat wat wat wat wat wat wat wat wat dirWatNW watDirSE dir dir graDirSW dirGraNE forGraS graForNE forGraNE gra gra gra gra gra dirGraNW graDirSE dir dir dir dir dir dir dir dir dir dir dir dir dir dir dir dir dir dir dir watDirSW watDirSE dirGraN dirGraNE gra gra gra gra gra gra gra gra gra gra gra dirGraW dir dir dirWatE wat wat 
wat dirWatNW watDirSE dir dir dirGraE gra gra gra gra gra gra dirGraNW dirGraN dirGraN dirGraN dirGraN graDirSE dir dir dir dir dir dir watDirNW dirWatS dirWatS dirWatS dirWatS dirWatS dirWatS dirWatS watDirNE dir dir dir dir dir dir dir dir dirGraE gra gra gra forGraNW forGraN graForNW forGraSE gra dirGraW dir dir dir dir dirWatE wat wat wat wat wat wat wat wat wat wat wat wat wat wat wat wat dirWatW dir dir dir dir graDirSW dirGraNE forGraSW forGraSE gra gra gra gra gra dirGraW dir dir dir dir dir dir dir dir watDirNW dirWatS dirWatS dirWatS dirWatS dirWatS dirWatS dirWatS watDirNE dir dir dir dir dir dir graDirSW dirGraN dirGraN dirGraN dirGraN dirGraNE gra gra gra gra gra gra dirGraW dir dir watDirSW dirWatNE wat 
wat dirWatW dir dir dir graDirSW dirGraNE gra gra gra gra dirGraNW graDirSE dir dir dir dir dir dir dir dir dir dir watDirNW dirWatSE wat wat wat wat wat wat wat dirWatSW dirWatS dirWatS dirWatS dirWatS watDirNE dir dir dir graDirSW dirGraNE gra gra forGraSW forGraS forGraSE gra gra dirGraW dir dir dir dir watDirSW dirWatNE wat wat wat dirWatNW dirWatN dirWatN dirWatN dirWatN dirWatN dirWatN dirWatNE wat wat wat dirWatNW watDirSE dir dir dir dir dir graDirSW dirGraN dirGraNE gra gra gra gra dirGraNW graDirSE dir dir dir watDirNW dirWatS dirWatS dirWatS dirWatS dirWatSE wat wat wat wat wat wat wat dirWatSW watDirNE dir dir dir dir dir dir dir dir dir dir graDirSW dirGraNE gra gra gra gra dirGraNW graDirSE dir dir dir dirWatE wat 
wat dirWatSW dirWatS watDirNE dir dir graDirSW dirGraNE gra gra dirGraNW graDirSE dir dir dir dir dir dir dir dir dir dir watDirNW dirWatSE wat wat wat wat wat wat wat wat wat wat wat wat wat dirWatSW dirWatS watDirNE dir dir graDirSW dirGraN dirGraN dirGraN dirGraN dirGraNE gra gra dirGraW dir dir dir dir dir dirWatE wat wat dirWatNW watDirSE dir dir dir dir dir dir watDirSW dirWatNE wat wat dirWatW dir dir dir dir dir dir dir dir graDirSW dirGraN dirGraN dirGraN dirGraN graDirSE dir dir watDirNW dirWatS dirWatSE wat wat wat wat wat wat wat wat wat wat wat wat wat dirWatSW watDirNE dir dir dir dir dir dir dir dir dir dir graDirSW dirGraNE gra gra dirGraNW graDirSE dir dir watDirNW dirWatS dirWatSE wat 
wat wat wat dirWatW dir dir dir graDirSW dirGraN dirGraN graDirSE dir dir watDirNW dirWatS dirWatS watDirNE dir dir dir dir watDirNW dirWatSE wat wat wat wat wat wat wat wat wat wat wat wat wat wat wat wat dirWatSW watDirNE dir dir dir watDirNW watDirNE dir graDirSW dirGraN dirGraN graDirSE dir dir dir dir dir watDirSW dirWatNE wat dirWatW dir dir graDirNW dirGraS dirGraS graDirNE dir dir dirWatE wat dirWatNW watDirSE dir dir dir dir dir dir dir dir dir dir watDirNW watDirNE dir dir dir watDirNW dirWatSE wat wat wat wat wat wat wat wat wat wat wat wat wat wat wat wat dirWatSW watDirNE dir dir dir dir watDirNW dirWatS dirWatS watDirNE dir dir graDirSW dirGraN dirGraN graDirSE dir dir dir dirWatE wat wat wat 
wat wat wat dirWatW dir dir dir dir dir dir dir dir dir dirWatE wat wat dirWatW dir dir watDirNW dirWatS dirWatSE wat wat wat wat wat wat wat wat wat wat wat wat wat wat wat wat wat wat dirWatSW watDirNE dir dir watDirSW watDirSE dir dir dir dir dir dir dir dir dir dir dir watDirSW dirWatN watDirSE dir graDirNW dirGraSE gra gra dirGraW dir dir watDirSW dirWatN watDirSE dir dir dir dir dir dir dir dir dir dir dir watDirSW watDirSE dir dir watDirNW dirWatSE wat wat wat wat wat wat wat wat wat wat wat wat wat wat wat wat wat wat dirWatSW dirWatS dirWatS dirWatS dirWatS dirWatSE wat wat dirWatSW dirWatS watDirNE dir dir dir dir dir dir dir dirWatE wat wat wat 
wat wat wat dirWatSW watDirNE dir watDirNW watDirNE dir dir dir dir dir dirWatE wat wat dirWatW dir watDirNW dirWatSE wat wat wat wat wat wat wat wat wat wat wat wat wat wat wat wat wat wat wat wat wat dirWatSW dirWatS watDirNE dir dir dir dir dir watDirNW dirWatS watDirNE dir dir dir dir dir dir dir dir graDirNW dirGraSE gra gra gra dirGraSW dirGraS graDirNE dir dir dir dir dir dir dir dir watDirNW dirWatS watDirNE dir dir dir dir dir watDirNW dirWatS dirWatSE wat wat wat wat wat wat wat wat wat wat wat wat wat wat wat wat wat wat wat wat wat wat wat wat wat wat wat wat wat dirWatSW dirWatS dirWatS dirWatS dirWatS dirWatS dirWatS dirWatS dirWatSE wat wat wat 
wat wat wat wat dirWatW dir watDirSW watDirSE dir dir dir dir watDirNW dirWatSE wat wat dirWatSW dirWatS dirWatSE wat wat wat wat wat wat wat wat wat wat wat wat wat wat wat wat wat wat wat wat wat wat wat wat dirWatSW dirWatS dirWatS dirWatS dirWatS dirWatS dirWatSE wat dirWatSW watDirNE dir dir dir dir dir dir graDirNW dirGraSE forGraNW forGraN forGraN forGraN forGraNE gra dirGraSW graDirNE dir dir dir dir dir dir watDirNW dirWatSE wat dirWatSW dirWatS dirWatS dirWatS dirWatS dirWatS dirWatSE wat wat wat wat wat wat wat wat wat wat wat wat wat wat wat wat wat wat wat wat wat wat wat wat wat wat wat wat wat wat wat wat wat wat wat wat wat wat wat wat wat wat wat 
wat wat wat wat dirWatSW dirWatS dirWatS dirWatS dirWatS dirWatS dirWatS dirWatS dirWatSE wat wat wat wat wat wat wat wat wat wat wat wat wat wat wat wat wat wat wat wat wat wat wat wat wat wat wat wat wat wat wat wat wat wat wat wat wat wat wat dirWatSW watDirNE dir dir dir dir graDirNW dirGraSE forGraNW graForSE for for for forGraE gra gra dirGraSW graDirNE owNW owNE dir dir watDirNW dirWatSE wat wat wat wat wat wat wat wat wat wat wat wat wat wat wat wat wat wat wat wat wat wat wat wat wat wat wat wat wat wat wat wat wat wat wat wat wat wat wat wat wat wat wat wat wat wat wat wat wat wat wat wat 
wat wat wat wat wat wat wat wat wat wat wat wat wat wat wat wat wat wat wat wat wat wat wat wat wat wat wat wat wat wat wat wat wat wat wat wat wat wat wat wat wat wat wat wat wat wat wat wat wat wat wat wat wat dirWatSW watDirNE dir dir graDirNW dirGraSE forGraNW graForSE for for graForNW forGraS forGraSE gra gra gra dirGraSW owSW owSE dir watDirNW dirWatSE wat wat wat wat wat wat wat wat wat wat wat wat wat wat wat wat wat wat wat wat wat wat wat wat wat wat wat wat wat wat wat wat wat wat wat wat wat wat wat wat wat wat wat wat wat wat wat wat wat wat wat wat wat 
wat wat wat wat wat wat wat wat wat wat wat wat wat wat wat wat wat wat wat wat wat wat wat wat wat wat wat wat wat wat wat wat wat wat wat wat wat wat wat wat wat wat wat wat wat wat wat wat wat wat wat wat dirWatNW dirWatN watDirSE dir graDirNW dirGraSE gra forGraW for for graForNW forGraSE gra gra gra gra gra gra dirGraSW dirGraS graDirNE watDirSW dirWatN dirWatNE wat wat wat wat wat wat wat wat wat wat wat wat wat wat wat wat wat wat wat wat wat wat wat wat wat wat wat wat wat wat wat wat wat wat wat wat wat wat wat wat wat wat wat wat wat wat wat wat wat wat wat wat 
wat wat wat wat wat wat wat wat wat wat wat wat wat wat wat wat wat wat wat wat wat wat wat wat wat wat wat wat wat wat wat wat wat wat wat wat wat wat wat wat wat wat wat wat wat wat wat wat dirWatNW dirWatN dirWatN dirWatN watDirSE dir dir graDirNW dirGraSE gra forGraNW graForSE graForNW forGraS forGraSE gra gra gra gra gra gra gra gra gra dirGraSW graDirNE dir watDirSW dirWatN dirWatN dirWatN dirWatN dirWatNE wat wat wat wat wat wat wat wat wat wat wat wat wat wat wat wat wat wat wat wat wat wat wat wat wat wat wat wat wat wat wat wat wat wat wat wat wat wat wat wat wat wat wat wat wat wat wat 
wat wat wat wat wat wat wat wat wat wat wat wat wat wat wat wat wat wat wat wat wat wat wat wat wat wat wat wat wat wat wat wat wat wat wat wat wat wat wat wat wat wat wat wat wat wat wat wat dirWatW dir dir graDirNW dirGraS dirGraS dirGraS dirGraSE gra gra forGraW for forGraE gra gra gra gra gra gra gra forGraNW forGraN forGraNE gra gra dirGraSW graDirNE dir dir dir dir dir watDirSW dirWatN dirWatNE wat wat wat wat wat wat wat wat wat wat wat wat wat wat wat wat wat wat wat wat wat wat wat wat wat wat wat wat wat wat wat wat wat wat wat wat wat wat wat wat wat wat wat wat wat 
wat wat wat wat wat wat wat wat wat wat wat wat wat wat wat wat wat wat wat wat wat wat wat wat wat wat wat wat wat wat wat wat wat wat wat wat wat wat wat wat wat wat wat wat wat wat wat wat dirWatW dir graDirNW dirGraSE forGraN forGraN forGraNE gra gra forGraNW graForSE graForNW forGraSE dirGraNW dirGraN dirGraN dirGraN dirGraN dirGraNE gra forGraW for forGraE gra gra gra dirGraSW dirGraS dirGraS dirGraS dirGraS graDirNE watDirNW watDirNE dirWatE wat wat wat wat wat wat wat wat wat wat wat wat wat wat wat wat wat wat wat wat wat wat wat wat wat wat wat wat wat wat wat wat wat wat wat wat wat wat wat wat wat wat wat wat wat 
wat wat wat wat wat wat wat wat wat wat wat wat wat wat wat wat wat wat wat wat wat wat wat wat wat wat wat wat wat wat wat wat wat wat wat wat wat wat wat wat wat wat wat wat wat wat wat wat dirWatW dir dirGraE forGraW for for forGraE gra gra forGraW for forGraE gra dirGraW lfNW lfNE dir dir dirGraE gra forGraW for forGraE gra gra gra forGraNW forGraN forGraN forGraN forGraNE dirGraW watDirSW watDirSE dirWatE wat wat wat wat wat wat wat wat wat wat wat wat wat wat wat wat wat wat wat wat wat wat wat wat wat wat wat wat wat wat wat wat wat wat wat wat wat wat wat wat wat wat wat wat wat 
wat wat wat wat wat wat wat wat wat wat wat wat wat wat wat wat wat wat wat wat wat wat wat wat wat wat wat wat wat wat wat wat wat wat wat wat wat wat wat wat wat wat wat wat wat wat wat dirWatNW watDirSE dir dirGraE forGraW for for forGraE gra gra forGraW for forGraE gra dirGraW lfSW lfSE dir dir dirGraE forGraNW graForSE for forGraE gra forGraNW forGraN graForSE for for for forGraE dirGraW dir dir dirWatE wat wat wat wat wat wat wat wat wat wat wat wat wat wat wat wat wat wat wat wat wat wat wat wat wat wat wat wat wat wat wat wat wat wat wat wat wat wat wat wat wat wat wat wat wat 
wat wat wat wat wat wat wat wat wat wat wat wat wat wat wat wat wat wat wat wat wat wat wat wat wat wat wat wat wat wat wat wat wat wat wat wat wat wat wat wat wat wat wat wat wat wat wat dirWatW dir dir dirGraE forGraW for for forGraE gra gra forGraSW forGraS forGraSE gra dirGraW dir dir dir graDirNW dirGraSE forGraW for for forGraE gra forGraW for for for graForNW forGraS forGraSE dirGraW dir dir dirWatE wat wat wat wat wat wat wat wat wat wat wat wat wat wat wat wat wat wat wat wat wat wat wat wat wat wat wat wat wat wat wat wat wat wat wat wat wat wat wat wat wat wat wat wat wat 
wat wat wat wat wat wat wat wat wat wat wat wat wat wat wat wat wat wat wat wat wat wat wat wat wat wat wat wat wat wat wat wat wat wat wat wat wat wat wat wat wat wat wat wat wat wat wat dirWatW dir dir dirGraE forGraW for for forGraE gra gra gra gra gra gra dirGraW dir dir dir dirGraE gra forGraW for graForNW forGraSE gra forGraSW graForNE for graForNW forGraSE gra dirGraNW graDirSE watDirNW dirWatS dirWatSE wat wat wat wat wat wat wat wat wat wat wat wat wat wat wat wat wat wat wat wat wat wat wat wat wat wat wat wat wat wat wat wat wat wat wat wat wat wat wat wat wat wat wat wat wat 
wat wat wat wat wat wat wat wat wat wat wat wat wat wat wat wat wat wat wat wat wat wat wat wat wat wat wat wat wat wat wat wat wat wat wat wat wat wat wat wat wat wat wat wat wat wat wat dirWatSW watDirNE dir dirGraE forGraSW forGraS forGraS forGraSE gra gra gra gra gra gra dirGraSW dirGraS dirGraS dirGraS dirGraSE forGraNW graForSE graForNW forGraSE gra gra gra forGraSW forGraS dirGraNW dirGraN dirGraN graDirSE dir watDirSW dirWatNE wat wat wat wat wat wat wat wat wat wat wat wat wat wat wat wat wat wat wat wat wat wat wat wat wat wat wat wat wat wat wat wat wat wat wat wat wat wat wat wat wat wat wat wat wat wat 
wat wat wat wat wat wat wat wat wat wat wat wat wat wat wat wat wat wat wat wat wat wat wat wat wat wat wat wat wat wat wat wat wat wat wat wat wat wat wat wat wat wat wat wat wat wat wat wat dirWatSW watDirNE graDirSW dirGraN dirGraN dirGraN dirGraNE gra gra gra gra gra gra gra gra gra forGraNW forGraN graForSE graForNW forGraSE gra gra gra gra dirGraNW dirGraN graDirSE dir dir dir dir watDirNW dirWatSE wat wat wat wat wat wat wat wat wat wat wat wat wat wat wat wat wat wat wat wat wat wat wat wat wat wat wat wat wat wat wat wat wat wat wat wat wat wat wat wat wat wat wat wat wat wat 
wat wat wat wat wat wat wat wat wat wat wat wat wat wat wat wat wat wat wat wat wat wat wat wat wat wat wat wat wat wat wat wat wat wat wat wat wat wat wat wat wat wat wat wat wat wat wat wat wat dirWatSW dirWatS dirWatS watDirNE dir graDirSW dirGraNE gra owNW owNE gra gra forGraNW forGraN forGraN graForSE for for forGraE gra gra gra dirGraNW dirGraN graDirSE dir watDirNW dirWatS dirWatS dirWatS dirWatS dirWatSE wat wat wat wat wat wat wat wat wat wat wat wat wat wat wat wat wat wat wat wat wat wat wat wat wat wat wat wat wat wat wat wat wat wat wat wat wat wat wat wat wat wat wat wat wat wat wat 
wat wat wat wat wat wat wat wat wat wat wat wat wat wat wat wat wat wat wat wat wat wat wat wat wat wat wat wat wat wat wat wat wat wat wat wat wat wat wat wat wat wat wat wat wat wat wat wat wat wat wat wat dirWatSW dirWatS watDirNE graDirSW dirGraN owSW owSE gra forGraNW graForSE for for for graForNW forGraS forGraSE gra gra dirGraNW graDirSE dir watDirNW dirWatS dirWatSE wat wat wat wat wat wat wat wat wat wat wat wat wat wat wat wat wat wat wat wat wat wat wat wat wat wat wat wat wat wat wat wat wat wat wat wat wat wat wat wat wat wat wat wat wat wat wat wat wat wat wat wat 
wat wat wat wat wat wat wat wat wat wat wat wat wat wat wat wat wat wat wat wat wat wat wat wat wat wat wat wat wat wat wat wat wat wat wat wat wat wat wat wat wat wat wat wat wat wat wat wat wat wat wat wat wat dirWatNW watDirSE dir dir dirGraE gra gra forGraW for for graForNW forGraS forGraSE gra gra gra dirGraNW graDirSE dir dir watDirSW dirWatNE wat wat wat wat wat wat wat wat wat wat wat wat wat wat wat wat wat wat wat wat wat wat wat wat wat wat wat wat wat wat wat wat wat wat wat wat wat wat wat wat wat wat wat wat wat wat wat wat wat wat wat wat wat 
wat wat wat wat wat wat wat wat wat wat wat wat wat wat wat wat wat wat wat wat wat wat wat wat wat wat wat wat wat wat wat wat wat wat wat wat wat wat wat wat wat wat wat wat wat wat wat wat wat wat wat wat dirWatNW watDirSE dir dir dir graDirSW dirGraNE gra forGraSW forGraS forGraS forGraSE gra gra gra gra dirGraNW graDirSE dir dir dir dir watDirSW dirWatNE wat wat wat wat wat wat wat wat wat wat wat wat wat wat wat wat wat wat wat wat wat wat wat wat wat wat wat wat wat wat wat wat wat wat wat wat wat wat wat wat wat wat wat wat wat wat wat wat wat wat wat wat 
wat wat wat wat wat wat wat wat wat wat wat wat wat wat wat wat wat wat wat wat wat wat wat wat wat wat wat wat wat wat wat wat wat wat wat wat wat wat wat wat wat wat wat dirWatNW dirWatN dirWatN dirWatN dirWatN dirWatN dirWatNE wat dirWatNW watDirSE dir dir dir dir dir graDirSW dirGraNE gra gra gra gra gra gra gra gra dirGraW dir dir dir dir dir dir watDirSW dirWatNE wat dirWatNW dirWatN dirWatN dirWatN dirWatN dirWatN dirWatNE wat wat wat wat wat wat wat wat wat wat wat wat wat wat wat wat wat wat wat wat wat wat wat wat wat wat wat wat wat wat wat wat wat wat wat wat wat wat wat wat wat wat wat 
wat wat wat dirWatNW dirWatN dirWatN dirWatN dirWatN dirWatN dirWatN dirWatN dirWatN dirWatN dirWatNE wat wat wat wat wat wat wat wat wat wat wat wat wat wat wat wat wat wat wat wat wat wat wat wat wat wat wat dirWatNW dirWatN watDirSE dir dir dir dir dir watDirSW dirWatN watDirSE dir dir dir dir dir dir dir graDirSW dirGraNE gra gra gra gra gra dirGraNW dirGraN graDirSE dir dir dir dir dir dir dir watDirSW dirWatN watDirSE dir dir dir dir dir watDirSW dirWatN dirWatNE wat wat wat wat wat wat wat wat wat wat wat wat wat wat wat wat wat wat wat wat wat dirWatNW dirWatN dirWatN dirWatNE wat wat dirWatNW dirWatN dirWatN dirWatN dirWatNE wat wat wat wat wat wat wat wat wat 
wat wat wat dirWatW dir dir dir dir dir dir dir dir dir dirWatE wat wat wat wat wat wat wat wat wat wat wat wat wat wat wat wat wat wat wat wat wat wat wat wat wat wat dirWatNW watDirSE dir dir graDirNW dirGraS dirGraS dirGraS graDirNE dir dir dir dir dir dir dir dir watDirNW dirWatS watDirNE graDirSW dirGraN dirGraN dirGraN dirGraN dirGraN graDirSE dir watDirNW dirWatS watDirNE dir dir dir dir dir dir dir dir dir dir dir watDirNW watDirNE dir dir watDirSW dirWatNE wat wat wat wat wat wat wat wat wat wat wat wat wat wat wat wat wat wat dirWatNW dirWatN watDirSE dir dir dirWatE wat wat dirWatW dir dir dir watDirSW dirWatN dirWatN dirWatN dirWatN dirWatNE wat wat wat wat 
wat wat wat dirWatW dir dir dir graDirNW dirGraS dirGraS graDirNE dir dir watDirSW dirWatN dirWatN dirWatN dirWatN dirWatN dirWatN dirWatN dirWatN dirWatNE wat wat wat wat wat wat wat wat wat wat wat wat wat wat wat wat dirWatNW watDirSE dir dir dir dirGraE gra gra gra dirGraSW dirGraS dirGraS graDirNE dir dir dir dir watDirNW dirWatSE wat dirWatW dir dir dir dir dir dir dir dir dirWatE wat dirWatSW watDirNE dir dir dir dir dir dir dir dir dir dir watDirSW watDirSE dir dir dir watDirSW dirWatNE wat wat wat wat wat wat wat wat wat wat wat wat wat wat wat wat dirWatNW watDirSE dir dir dir dir watDirSW dirWatN dirWatN watDirSE dir dir graDirNW dirGraS dirGraS graDirNE dir dir watDirSW dirWatNE wat wat wat 
wat dirWatNW dirWatN watDirSE dir dir graDirNW dirGraSE gra gra dirGraSW graDirNE dir dir dir dir dir dir dir dir dir dir watDirSW dirWatNE wat wat wat wat wat wat wat wat wat wat wat wat wat dirWatNW dirWatN watDirSE dir dir graDirNW dirGraS dirGraSE gra gra gra gra gra gra dirGraSW graDirNE dir dir dir dirWatE wat wat dirWatSW watDirNE dir dir dir dir dir dir watDirNW dirWatSE wat wat dirWatW dir dir dir dir dir dir dir dir graDirNW dirGraS dirGraS dirGraS dirGraS graDirNE dir dir watDirSW dirWatN dirWatNE wat wat wat wat wat wat wat wat wat wat wat wat wat dirWatNW watDirSE dir dir dir dir dir dir dir dir dir dir graDirNW dirGraSE gra gra dirGraSW graDirNE dir dir watDirSW dirWatNE wat wat 
wat dirWatW dir dir dir graDirNW dirGraSE gra gra gra gra dirGraSW graDirNE dir dir dir dir dir dir dir dir dir dir watDirSW dirWatNE wat wat wat wat wat wat wat dirWatNW dirWatN dirWatN dirWatN dirWatN watDirSE dir dir dir graDirNW dirGraSE gra gra forGraNW forGraN forGraN forGraNE gra gra gra dirGraW dir dir watDirNW dirWatSE wat wat wat dirWatSW dirWatS dirWatS watDirNE dir dir watDirNW dirWatSE wat wat wat dirWatSW watDirNE dir dir dir dir dir graDirNW dirGraS dirGraSE gra gra gra gra dirGraSW graDirNE dir dir dir watDirSW dirWatN dirWatN dirWatN dirWatN dirWatNE wat wat wat wat wat wat wat dirWatNW watDirSE dir dir dir dir dir dir dir dir dir dir graDirNW dirGraSE gra gra gra gra dirGraSW graDirNE dir dir dirWatE wat wat 
wat dirWatSW watDirNE dir dir dirGraE gra gra gra gra gra gra dirGraSW dirGraS dirGraS dirGraS dirGraS graDirNE dir dir dir dir dir dir watDirSW dirWatN dirWatN dirWatN dirWatN dirWatN dirWatN dirWatN watDirSE dir dir dir dir dir dir dir dir dirGraE gra gra gra forGraW for for graForSW forGraNE gra gra dirGraW dir dir dirWatE wat wat wat wat wat wat wat dirWatSW watDirNE dir dirWatE wat wat wat wat wat dirWatW dir dir dir dir graDirNW dirGraSE forGraNW forGraNE gra gra gra gra gra dirGraW dir dir dir dir dir dir dir dir watDirSW dirWatN dirWatN dirWatN dirWatN dirWatN dirWatN dirWatN watDirSE dir dir dir dir dir dir graDirNW dirGraS dirGraS dirGraS dirGraS dirGraSE gra gra gra gra gra gra dirGraW dir dir dirWatE wat wat 
wat wat dirWatW dir dir dirGraE gra gra gra gra gra gra gra gra gra gra gra dirGraSW dirGraS watDirNW watDirNE dir dir dir dir dir dir dir dir dir dir dir dir dir dir dir dir dir dir dir graDirNW dirGraSE gra gra gra forGraSW graForNE for for forGraE gra dirGraNW graDirSE dir watDirNW dirWatSE wat wat wat wat wat wat wat wat dirWatSW dirWatS dirWatSE wat wat wat wat wat dirWatSW watDirNE dir dir graDirNW dirGraSE gra forGraW forGraE gra gra gra gra gra dirGraSW graDirNE dir dir dir dir dir dir dir dir dir dir dir dir dir dir dir dir dir dir dir watDirNW watDirNE dirGraS dirGraSE gra gra gra gra gra gra gra gra gra gra gra dirGraW dir dir dirWatE wat wat 
wat wat dirWatW dir graDirNW dirGraSE gra gra gra gra gra gra gra gra gra gra gra gra gra watDirSW watDirSE dir dir dir dir dir dir dir dir dir dir dir dir dir dir dir dir dir dir graDirNW dirGraSE gra gra gra dirGraNW dirGraNE forGraSW graForNE for forGraE gra dirGraW dir dir dirWatE wat wat wat wat wat wat wat wat wat wat wat wat wat wat wat wat wat wat dirWatW dir dir dirGraE gra gra forGraSW forGraSE dirGraNW dirGraN dirGraNE gra gra gra dirGraSW graDirNE dir dir dir dir dir dir dir dir dir dir dir dir dir dir dir dir dir dir watDirSW watDirSE gra gra gra gra gra gra gra gra gra gra gra gra gra dirGraSW graDirNE dir dirWatE wat wat 
wat wat dirWatW dir dirGraE gra gra gra gra gra gra gra gra gra gra gra gra gra gra dirGraW dir dir dir dir dir dir dir dir dir dir dir dir dir dir dir dir dir dir graDirNW dirGraSE gra gra dirGraNW dirGraN graDirSE dirGraE gra forGraSW forGraS forGraSE gra dirGraW dir dir dirWatE wat wat wat wat wat wat wat wat wat wat wat wat wat wat wat wat wat wat dirWatW dir dir dirGraE gra gra gra dirGraNW graDirSE dir graDirSW dirGraN dirGraNE gra gra dirGraSW graDirNE dir dir dir dir dir dir dir dir dir dir dir dir dir dir dir dir dir dir dirGraE gra gra gra gra gra gra gra gra gra gra gra gra gra gra dirGraW dir dirWatE wat wat 
wat wat dirWatW dir dirGraE gra gra gra gra gra dirGraNW dirGraN dirGraNE gra gra gra gra gra gra dirGraW dir dir dir dir dir dir dir dir dir dir dir dir dir dir dir dir dir dir dirGraE gra gra gra dirGraW dir dir graDirSW dirGraN dirGraNE gra gra gra dirGraW dir dir dirWatE wat wat wat wat wat wat wat wat wat wat wat wat wat wat wat wat wat wat dirWatW dir dir dirGraE gra gra gra dirGraW lfNW lfNE dir dir dirGraE gra gra gra dirGraW dir dir dir dir dir dir dir dir dir dir dir dir dir dir dir dir dir dir dirGraE gra gra gra gra gra gra dirGraNW dirGraN dirGraNE gra gra gra gra gra dirGraW dir dirWatE wat wat 
wat dirWatNW watDirSE dir dirGraE gra gra gra dirGraNW dirGraN graDirSE dir graDirSW dirGraNE gra gra gra gra dirGraNW graDirSE dir dir dir dir dir dir dir watDirNW dirWatS dirWatS watDirNE dir dir dir dir dir dir dir dirGraE gra gra gra dirGraW dir lfNW lfNE dir dirGraE gra gra gra dirGraW dir dir dirWatE wat wat wat wat wat wat wat wat wat wat wat wat wat wat wat wat wat wat dirWatW dir dir dirGraE gra gra gra dirGraW lfSW lfSE dir dir dirGraE gra gra gra dirGraW dir dir dir dir dir dir dir watDirNW dirWatS dirWatS watDirNE dir dir dir dir dir dir dir graDirSW dirGraNE gra gra gra gra dirGraNW graDirSE dir graDirSW dirGraN dirGraNE gra gra gra dirGraW dir dirWatE wat wat 
wat dirWatW dir dir dirGraE gra gra gra dirGraW dir dir dir dir dirGraE gra gra gra gra dirGraW dir dir dir dir watDirNW dirWatS dirWatS dirWatS dirWatSE wat wat dirWatSW dirWatS dirWatS watDirNE dir dir dir dir dirGraE gra gra gra dirGraSW graDirNE lfSW lfSE dir dirGraE gra gra gra dirGraW dir watDirNW dirWatSE wat wat wat wat wat wat wat wat wat wat wat wat wat wat wat wat wat wat dirWatSW watDirNE dir dirGraE gra gra gra dirGraW dir dir dir graDirNW dirGraSE gra gra gra dirGraW dir dir dir dir watDirNW dirWatS dirWatS dirWatSE wat wat dirWatSW dirWatS dirWatS dirWatS watDirNE dir dir dir dir dirGraE gra gra gra gra dirGraW dir dir dir dir dirGraE gra gra gra dirGraW dir dirWatE wat wat 
wat dirWatW dir dir dirGraE gra gra gra dirGraSW graDirNE dir dir dir dirGraE gra gra gra gra dirGraW dir dir dir dir dirWatE wat wat wat wat wat wat wat wat wat dirWatW dir watDirNW watDirNE dir graDirSW dirGraNE gra gra gra dirGraSW graDirNE dir dir dirGraE gra gra dirGraNW graDirSE dir dirWatE wat wat wat wat wat wat wat wat wat wat wat wat wat wat wat wat wat wat wat wat dirWatW dir graDirSW dirGraNE gra gra dirGraW dir dir graDirNW dirGraSE gra gra gra dirGraNW graDirSE dir watDirNW watDirNE dir dirWatE wat wat wat wat wat wat wat wat wat dirWatW dir dir dir dir dirGraE gra gra gra gra dirGraW lfNW lfNE dir graDirNW dirGraSE gra gra gra dirGraW dir dirWatE wat wat 
wat dirWatSW watDirNE dir dirGraE gra gra gra gra dirGraW lfNW lfNE dir dirGraE gra gra gra gra dirGraW dir dir dir dir dirWatE wat wat wat wat wat wat wat wat wat dirWatW dir watDirSW watDirSE dir dir dirGraE gra gra gra gra dirGraSW dirGraS dirGraS dirGraSE gra gra dirGraW dir dir dirWatE wat wat wat wat wat wat wat wat wat wat wat wat wat wat wat wat wat wat wat wat dirWatW dir dir dirGraE gra gra dirGraSW dirGraS dirGraS dirGraSE gra gra gra gra dirGraW dir dir watDirSW watDirSE dir dirWatE wat wat wat wat wat wat wat wat wat dirWatW dir dir dir dir dirGraE gra gra gra gra dirGraW lfSW lfSE dir dirGraE gra gra gra gra dirGraW dir dirWatE wat wat 
wat wat dirWatSW watDirNE graDirSW dirGraNE gra gra gra dirGraW lfSW lfSE dir dirGraE gra gra gra gra dirGraW dir dir dir dir dirWatE wat wat wat wat wat wat wat wat wat dirWatSW watDirNE dir dir dir dir dirGraE gra gra gra gra gra gra gra gra dirGraNW dirGraN graDirSE dir dir dirWatE wat wat wat wat wat wat wat wat wat wat wat wat wat wat wat wat wat wat wat wat dirWatW dir dir graDirSW dirGraN dirGraNE gra gra gra gra gra gra gra gra dirGraW dir dir dir dir watDirNW dirWatSE wat wat wat wat wat wat wat wat wat dirWatW dir dir dir dir dirGraE gra gra gra gra dirGraW dir dir dir dirGraE gra gra gra dirGraNW graDirSE watDirNW dirWatSE wat wat 
wat wat wat dirWatSW watDirNE graDirSW dirGraNE gra gra dirGraSW dirGraS dirGraS dirGraS dirGraSE gra gra gra dirGraNW graDirSE dir dir dir dir dirWatE wat wat wat wat wat wat wat wat wat wat dirWatSW watDirNE dir dir dir graDirSW dirGraNE gra gra gra gra gra dirGraNW dirGraN graDirSE dir dir dir watDirNW dirWatSE wat wat wat wat wat wat wat wat wat wat wat wat wat wat wat wat wat wat wat wat dirWatSW watDirNE dir dir dir graDirSW dirGraN dirGraNE gra gra gra gra gra dirGraNW graDirSE dir dir dir watDirNW dirWatSE wat wat wat wat wat wat wat wat wat wat dirWatW dir dir dir dir graDirSW dirGraNE gra gra gra dirGraSW dirGraS dirGraS dirGraS dirGraSE gra gra dirGraNW graDirSE watDirNW dirWatSE wat wat wat 
wat wat wat wat dirWatW dir dirGraE gra gra gra gra gra gra gra gra gra gra dirGraW dir dir dir dir watDirNW dirWatSE wat wat wat wat wat wat wat wat wat wat wat dirWatSW dirWatS watDirNE dir dir graDirSW dirGraNE gra gra gra gra dirGraW dir dir dir dir dir dirWatE wat wat wat wat wat wat wat wat wat wat wat wat wat wat wat wat wat wat wat wat wat wat dirWatW dir dir dir dir dir dirGraE gra gra gra gra dirGraNW graDirSE dir dir watDirNW dirWatS dirWatSE wat wat wat wat wat wat wat wat wat wat wat dirWatSW watDirNE dir dir dir dir dirGraE gra gra gra gra gra gra gra gra gra gra dirGraW dir dirWatE wat wat wat wat 
wat wat wat wat dirWatW dir dirGraE gra gra gra gra gra gra gra gra gra gra dirGraW dir dir dir dir dirWatE wat wat wat wat wat wat wat wat wat wat wat wat wat wat dirWatSW watDirNE dir dir graDirSW dirGraN dirGraN dirGraN dirGraN graDirSE dir dir dir dir watDirNW dirWatSE wat wat wat wat wat wat wat wat wat wat wat wat wat wat wat wat wat wat wat wat wat wat dirWatSW watDirNE dir dir dir dir graDirSW dirGraN dirGraN dirGraN dirGraN graDirSE dir dir watDirNW dirWatSE wat wat wat wat wat wat wat wat wat wat wat wat wat wat dirWatW dir dir dir dir dirGraE gra gra gra gra gra gra gra gra gra gra dirGraW dir dirWatE wat wat wat wat 
wat wat wat wat dirWatW dir dirGraE gra gra gra gra gra gra gra gra gra gra dirGraW dir watDirNW dirWatS dirWatS dirWatSE wat wat wat wat wat wat wat wat wat wat wat wat wat wat wat dirWatSW watDirNE dir dir dir dir dir dir dir dir dir dir dir dirWatE wat wat wat wat wat wat wat wat wat wat wat wat wat wat wat wat wat wat wat wat wat wat wat wat dirWatW dir dir dir dir dir dir dir dir dir dir dir watDirNW dirWatSE wat wat wat wat wat wat wat wat wat wat wat wat wat wat wat dirWatSW dirWatS dirWatS watDirNE dir dirGraE gra gra gra gra gra gra gra gra gra gra dirGraW dir dirWatE wat wat wat wat 
wat wat wat wat dirWatW dir dirGraE gra gra gra gra gra gra gra gra gra dirGraNW graDirSE dir dirWatE wat wat wat wat wat wat wat wat wat wat wat wat wat wat wat wat wat wat wat dirWatSW watDirNE dir dir dir dir dir dir dir dir dir watDirNW dirWatSE wat wat wat wat wat wat wat wat wat wat wat wat wat wat wat wat wat wat wat wat wat wat wat wat dirWatSW watDirNE dir dir dir dir dir dir dir dir dir watDirNW dirWatSE wat wat wat wat wat wat wat wat wat wat wat wat wat wat wat wat wat wat wat dirWatW dir graDirSW dirGraNE gra gra gra gra gra gra gra gra gra dirGraW dir dirWatE wat wat wat wat 
wat wat wat wat dirWatSW watDirNE graDirSW dirGraNE gra gra gra gra gra gra dirGraNW dirGraN graDirSE dir watDirNW dirWatSE wat wat wat wat wat wat wat wat wat wat wat wat wat wat wat wat wat wat wat wat dirWatW dir dir dir dir dir dir dir dir dir dirWatE wat wat wat wat wat wat wat wat wat wat wat wat wat wat wat wat wat wat wat wat wat wat wat wat wat wat dirWatW dir dir dir dir dir dir dir dir dir dirWatE wat wat wat wat wat wat wat wat wat wat wat wat wat wat wat wat wat wat wat wat dirWatSW watDirNE dir graDirSW dirGraN dirGraNE gra gra gra gra gra gra dirGraNW graDirSE watDirNW dirWatSE wat wat wat wat 
wat wat wat wat wat dirWatW dir graDirSW dirGraNE gra gra gra gra dirGraNW graDirSE dir dir dir dirWatE wat wat wat wat wat wat wat wat wat wat wat wat wat wat wat wat wat wat wat wat dirWatNW watDirSE dir dir dir dir dir dir dir dir watDirNW dirWatSE wat wat wat wat wat wat wat wat wat wat wat wat wat wat wat wat wat wat wat wat wat wat wat wat wat wat dirWatSW watDirNE dir dir dir dir dir dir dir dir watDirSW dirWatNE wat wat wat wat wat wat wat wat wat wat wat wat wat wat wat wat wat wat wat wat dirWatW dir dir dir graDirSW dirGraNE gra gra gra gra dirGraNW graDirSE dir dirWatE wat wat wat wat wat 
wat wat wat wat wat dirWatSW watDirNE dir graDirSW dirGraN dirGraN dirGraN dirGraN graDirSE dir dir dir dir dirWatE wat wat wat wat wat wat wat wat wat wat wat wat wat wat wat wat wat wat wat dirWatNW watDirSE dir dir dir dir dir dir watDirNW dirWatS dirWatS dirWatSE wat wat wat wat wat wat wat wat wat wat wat wat wat wat wat wat wat wat wat wat wat wat wat wat wat wat wat wat dirWatSW dirWatS dirWatS watDirNE dir dir dir dir dir dir watDirSW dirWatNE wat wat wat wat wat wat wat wat wat wat wat wat wat wat wat wat wat wat wat dirWatW dir dir dir dir graDirSW dirGraN dirGraN dirGraN dirGraN graDirSE dir watDirNW dirWatSE wat wat wat wat wat 
wat wat wat wat wat wat dirWatSW watDirNE dir dir dir dir dir dir dir dir dir watDirNW dirWatSE wat wat wat wat wat wat wat wat wat wat wat wat wat wat wat wat wat wat dirWatNW watDirSE dir dir dir dir dir dir dir dirWatE wat wat wat wat wat wat wat wat wat wat wat wat wat wat wat wat wat wat wat wat wat wat wat wat wat wat wat wat wat wat wat wat wat wat dirWatW dir dir dir dir dir dir dir watDirSW dirWatNE wat wat wat wat wat wat wat wat wat wat wat wat wat wat wat wat wat wat dirWatSW watDirNE dir dir dir dir dir dir dir dir dir watDirNW dirWatSE wat wat wat wat wat wat 
wat wat wat wat wat wat wat dirWatSW watDirNE dir dir dir dir dir dir dir watDirNW dirWatSE wat wat wat wat wat wat wat wat wat wat wat wat wat wat wat wat wat wat wat dirWatW dir dir dir dir dir dir watDirNW dirWatS dirWatSE wat wat wat wat wat wat wat wat wat wat wat wat wat wat wat wat wat wat wat wat wat wat wat wat wat wat wat wat wat wat wat wat wat wat dirWatSW dirWatS watDirNE dir dir dir dir dir dir dirWatE wat wat wat wat wat wat wat wat wat wat wat wat wat wat wat wat wat wat wat dirWatSW watDirNE dir dir dir dir dir dir dir watDirNW dirWatSE wat wat wat wat wat wat wat 
wat wat wat wat wat wat wat wat dirWatSW watDirNE dir dir dir dir watDirNW dirWatS dirWatSE wat wat wat wat wat wat wat wat wat wat wat wat wat wat wat wat wat wat wat dirWatNW watDirSE dir dir dir dir dir watDirNW dirWatSE wat wat wat wat wat wat wat wat wat wat wat wat wat wat wat wat wat wat wat wat wat wat wat wat wat wat wat wat wat wat wat wat wat wat wat wat wat wat dirWatSW watDirNE dir dir dir dir dir watDirSW dirWatNE wat wat wat wat wat wat wat wat wat wat wat wat wat wat wat wat wat wat wat dirWatSW dirWatS watDirNE dir dir dir dir watDirNW dirWatSE wat wat wat wat wat wat wat wat 
wat wat wat wat wat wat wat wat wat dirWatSW dirWatS dirWatS dirWatS dirWatS dirWatSE wat wat wat wat wat wat wat wat wat wat wat wat wat wat wat wat wat wat wat wat wat dirWatW dir dir dir dir dir watDirNW dirWatSE wat wat wat wat wat wat wat wat wat wat wat wat wat wat wat wat wat wat wat wat wat wat wat wat wat wat wat wat wat wat wat wat wat wat wat wat wat wat wat wat dirWatSW watDirNE dir dir dir dir dir dirWatE wat wat wat wat wat wat wat wat wat wat wat wat wat wat wat wat wat wat wat wat wat dirWatSW dirWatS dirWatS dirWatS dirWatS dirWatSE wat wat wat wat wat wat wat wat wat 
wat wat wat wat wat wat wat wat wat wat wat wat wat wat wat wat wat wat wat wat wat wat wat wat wat wat wat wat wat wat wat wat wat wat wat wat dirWatW dir dir dir dir dir dirWatE wat wat wat wat wat wat wat wat wat wat wat wat wat wat wat wat wat wat wat wat wat wat wat wat wat wat wat wat wat wat wat wat wat wat wat wat wat wat wat wat wat wat dirWatW dir dir dir dir dir dirWatE wat wat wat wat wat wat wat wat wat wat wat wat wat wat wat wat wat wat wat wat wat wat wat wat wat wat wat wat wat wat wat wat wat wat wat wat 
wat wat wat wat wat wat wat wat wat wat wat wat wat wat wat wat wat wat wat wat wat wat wat wat wat wat wat wat wat wat wat wat wat wat wat dirWatNW watDirSE dir dir dir dir dir dirWatE wat wat wat wat wat wat wat wat wat wat wat wat wat wat wat wat wat wat wat wat wat wat wat wat wat wat wat wat wat wat wat wat wat wat wat wat wat wat wat wat wat wat dirWatW dir dir dir dir dir watDirSW dirWatNE wat wat wat wat wat wat wat wat wat wat wat wat wat wat wat wat wat wat wat wat wat wat wat wat wat wat wat wat wat wat wat wat wat wat wat 
wat wat wat wat wat wat wat wat wat wat wat wat wat wat wat wat wat wat wat wat wat wat wat wat wat wat wat wat wat wat wat wat wat wat dirWatNW watDirSE dir dir dir dir dir watDirNW dirWatSE wat wat wat wat wat wat wat wat wat wat wat wat wat wat wat wat wat wat wat wat wat wat wat wat wat wat wat wat wat wat wat wat wat wat wat wat wat wat wat wat wat wat dirWatSW watDirNE dir dir dir dir dir watDirSW dirWatNE wat wat wat wat wat wat wat wat wat wat wat wat wat wat wat wat wat wat wat wat wat wat wat wat wat wat wat wat wat wat wat wat wat wat 
wat wat wat wat wat wat wat wat wat wat wat wat wat wat wat wat wat wat wat wat wat wat wat wat wat wat wat wat wat wat wat dirWatNW dirWatN dirWatN watDirSE dir dir dir dir dir dir watDirSW dirWatNE wat wat wat wat wat wat wat wat wat wat wat wat wat wat wat wat wat wat wat wat wat wat wat wat wat wat wat wat wat wat wat wat wat wat wat wat wat wat wat wat wat wat dirWatNW watDirSE dir dir dir dir dir dir watDirSW dirWatN dirWatN dirWatNE wat wat wat wat wat wat wat wat wat wat wat wat wat wat wat wat wat wat wat wat wat wat wat wat wat wat wat wat wat wat wat 
wat wat wat wat wat wat wat wat wat wat wat wat wat wat wat wat wat wat wat wat wat wat wat wat wat wat wat wat dirWatNW dirWatN dirWatN watDirSE dir dir dir dir graDirNW dirGraS dirGraS dirGraS dirGraS graDirNE watDirSW dirWatN dirWatNE wat wat wat wat wat wat wat wat wat wat wat wat wat wat wat wat wat wat wat wat wat wat wat wat wat wat wat wat wat wat wat wat wat wat wat wat wat wat dirWatNW dirWatN watDirSE graDirNW dirGraS dirGraS dirGraS dirGraS graDirNE dir dir dir dir watDirSW dirWatN dirWatN dirWatNE wat wat wat wat wat wat wat wat wat wat wat wat wat wat wat wat wat wat wat wat wat wat wat wat wat wat wat wat 
wat wat wat wat wat wat wat wat wat wat wat wat wat wat wat wat wat wat wat wat wat wat wat wat wat wat wat dirWatNW watDirSE dir dir dir dir dir graDirNW dirGraS dirGraSE gra gra gra gra dirGraW dir dir dirWatE wat wat wat wat wat wat wat wat wat wat wat wat wat wat wat wat wat wat wat wat wat wat wat wat wat wat wat wat wat wat wat wat wat wat wat wat wat wat dirWatW dir dir dirGraE gra gra gra gra dirGraSW dirGraS graDirNE dir dir dir dir dir watDirSW dirWatNE wat wat wat wat wat wat wat wat wat wat wat wat wat wat wat wat wat wat wat wat wat wat wat wat wat wat wat 
wat wat wat wat wat wat wat wat wat wat wat wat wat wat wat wat wat wat wat wat wat wat wat wat wat wat wat dirWatW dir dir graDirNW dirGraS dirGraS dirGraS dirGraSE gra gra gra gra gra gra dirGraW dir dir watDirSW dirWatN dirWatN dirWatNE wat wat wat wat wat wat wat wat wat wat wat wat wat wat wat wat wat wat wat wat wat wat wat wat wat wat wat wat wat wat wat wat wat wat wat dirWatW dir dir dirGraE gra gra gra gra gra gra dirGraSW dirGraS dirGraS dirGraS graDirNE dir dir dirWatE wat wat wat wat wat wat wat wat wat wat wat wat wat wat wat wat wat wat wat wat wat wat wat wat wat wat wat 
wat wat wat wat wat wat wat wat wat wat wat wat wat wat wat wat wat wat wat wat wat wat wat wat wat dirWatNW dirWatN watDirSE dir dir dirGraE gra gra gra gra gra gra gra gra gra gra dirGraW dir dir dir dir dir watDirSW dirWatN dirWatNE wat wat wat wat wat wat wat wat wat wat wat wat wat wat wat wat wat wat wat wat wat wat wat wat wat wat wat wat wat wat wat wat dirWatNW watDirSE dir dir dirGraE gra gra gra gra gra gra gra gra gra gra dirGraW dir dir watDirSW dirWatN dirWatNE wat wat wat wat wat wat wat wat wat wat wat wat wat wat wat wat wat wat wat wat wat wat wat wat wat 
wat wat wat wat wat wat wat wat wat wat wat wat wat wat wat wat wat wat wat wat wat wat wat wat wat dirWatW dir dir graDirNW dirGraS dirGraSE gra gra gra gra gra gra gra gra gra gra dirGraSW dirGraS dirGraS graDirNE dir dir dir dir watDirSW dirWatNE wat wat wat wat wat wat wat wat wat wat wat wat wat wat wat wat wat wat wat wat wat wat wat wat wat wat wat wat wat wat wat dirWatW dir dir dir dirGraE gra gra gra gra gra gra gra gra gra gra dirGraSW dirGraS graDirNE dir dir dirWatE wat wat wat wat wat wat wat wat wat wat wat wat wat wat wat wat wat wat wat wat wat wat wat wat wat 
wat wat wat wat wat wat wat wat wat wat wat wat wat wat wat wat wat wat wat wat wat wat wat wat wat dirWatW dir dir dirGraE gra gra gra gra gra gra gra gra gra gra gra gra gra gra gra dirGraSW graDirNE dir dir dir dir watDirSW dirWatNE wat wat wat wat wat wat wat wat wat wat wat wat wat wat wat wat wat wat wat wat wat wat wat wat wat wat wat wat wat dirWatNW watDirSE dir dir dir dirGraE gra gra gra gra gra gra gra gra gra gra gra gra dirGraW dir dir dirWatE wat wat wat wat wat wat wat wat wat wat wat wat wat wat wat wat wat wat wat wat wat wat wat wat wat 
wat wat wat wat wat wat wat wat wat wat wat wat wat wat wat wat wat wat wat wat wat wat wat wat wat dirWatW dir dir dirGraE gra gra gra gra dirGraNW dirGraN dirGraN dirGraN dirGraNE gra gra gra gra forGraNW forGraN forGraNE dirGraSW dirGraS graDirNE dir dir dir dirWatE wat wat wat wat wat wat wat wat wat wat wat wat wat wat wat wat wat wat wat wat wat wat wat wat wat wat wat wat wat dirWatW dir dir dir graDirNW dirGraSE gra gra gra dirGraNW dirGraN dirGraN dirGraN dirGraNE gra gra gra gra dirGraW dir dir dirWatE wat wat wat wat wat wat wat wat wat wat wat wat wat wat wat wat wat wat wat wat wat wat wat wat wat 
wat wat wat wat wat wat wat wat wat wat wat wat wat wat wat wat wat wat wat wat wat wat wat wat dirWatNW watDirSE dir dir dirGraE gra gra gra gra dirGraW dir dir dir graDirSW dirGraN dirGraNE gra gra forGraW for graForSW forGraNE gra dirGraSW dirGraS graDirNE dir dirWatE wat wat wat wat wat wat wat wat wat wat wat wat wat wat wat wat wat wat wat wat wat wat wat wat wat wat wat wat dirWatNW watDirSE dir dir graDirNW dirGraSE gra gra dirGraNW dirGraN graDirSE dir dir dir dirGraE gra gra gra gra dirGraW dir dir watDirSW dirWatNE wat wat wat wat wat wat wat wat wat wat wat wat wat wat wat wat wat wat wat wat wat wat wat wat 
wat wat wat wat wat wat wat wat wat wat wat wat wat wat wat wat wat wat wat wat wat wat wat wat dirWatW dir dir dir dirGraE gra gra gra gra dirGraW dir lfNW lfNE dir dir dirGraE gra gra forGraW for for graForSW forGraNE gra gra dirGraW dir dirWatE wat wat wat wat wat wat wat wat wat wat wat wat wat wat wat wat wat wat wat wat wat wat wat wat wat wat wat wat dirWatW dir dir dir dirGraE gra gra gra dirGraW dir lfNW lfNE dir dir dirGraE gra gra gra gra dirGraW dir dir dir dirWatE wat wat wat wat wat wat wat wat wat wat wat wat wat wat wat wat wat wat wat wat wat wat wat wat 
wat wat wat wat wat wat wat wat wat wat wat wat wat wat wat wat wat wat wat wat wat wat wat dirWatNW watDirSE dir dir dir dirGraE gra gra gra gra dirGraW dir lfSW lfSE dir dir dirGraE gra gra forGraSW graForNE for for forGraE gra gra dirGraW dir dirWatE wat wat wat wat wat wat wat wat wat wat wat wat wat wat wat wat wat wat wat wat wat wat wat wat wat wat wat wat dirWatW dir dir dir dirGraE gra gra gra dirGraW dir lfSW lfSE dir dir dirGraE gra gra gra gra dirGraW dir dir dir watDirSW dirWatNE wat wat wat wat wat wat wat wat wat wat wat wat wat wat wat wat wat wat wat wat wat wat wat 
wat wat wat wat wat wat wat wat wat wat wat wat wat wat wat wat wat wat wat wat wat wat wat dirWatW dir dir dir dir graDirSW dirGraNE gra gra gra dirGraW dir dir dir dir dir dirGraE gra gra gra forGraSW graForNE for forGraE gra gra dirGraW dir dirWatE wat wat wat wat wat wat wat wat wat wat wat wat wat wat wat wat wat wat wat wat wat wat wat wat wat wat wat wat dirWatSW dirWatS watDirNE dir graDirSW dirGraNE gra gra dirGraW dir dir dir dir dir dirGraE gra gra gra dirGraNW graDirSE dir dir dir dir dirWatE wat wat wat wat wat wat wat wat wat wat wat wat wat wat wat wat wat wat wat wat wat wat wat 
wat wat wat wat wat wat wat wat wat wat wat wat wat wat wat wat wat wat wat wat wat wat wat dirWatW dir dir dir dir dir dirGraE gra gra gra dirGraW dir dir dir dir dir dirGraE gra gra gra gra forGraW for forGraE gra gra dirGraW dir dirWatE wat wat wat wat wat wat wat wat wat wat wat wat wat wat wat wat wat wat wat wat wat wat wat wat wat wat wat wat wat wat dirWatW dir dir graDirSW dirGraNE gra dirGraW dir dir dir dir dir dirGraE gra gra gra dirGraW dir dir dir dir dir dirWatE wat wat wat wat wat wat wat wat wat wat wat wat wat wat wat wat wat wat wat wat wat wat wat 
wat wat wat wat wat wat wat wat wat wat wat wat wat wat wat wat wat wat wat wat wat wat wat dirWatW dir dir dir dir dir dirGraE gra gra gra dirGraSW dirGraS dirGraS dirGraS dirGraS dirGraS dirGraSE gra gra gra gra forGraSW forGraS forGraSE gra dirGraNW graDirSE watDirNW dirWatSE wat wat wat wat wat wat wat wat wat wat wat wat wat wat wat wat wat wat wat wat wat wat wat wat wat wat wat wat wat wat dirWatW dir dir graDirNW dirGraSE gra dirGraSW dirGraS dirGraS dirGraS dirGraS dirGraS dirGraSE gra gra gra dirGraW dir dir dir dir dir dirWatE wat wat wat wat wat wat wat wat wat wat wat wat wat wat wat wat wat wat wat wat wat wat wat 
wat wat dirWatNW dirWatN dirWatN dirWatN dirWatN dirWatN dirWatN dirWatNE wat wat wat wat wat wat wat wat wat wat wat wat wat dirWatSW watDirNE dir dir dir dir dirGraE gra gra gra gra gra gra gra gra gra gra gra gra gra gra gra dirGraNW dirGraN dirGraN graDirSE dir dirWatE wat wat wat wat wat wat wat wat wat wat wat wat wat wat wat wat wat wat wat wat wat wat wat wat wat wat wat wat wat wat wat dirWatW dir dir dirGraE gra gra gra gra gra gra gra gra gra gra gra gra dirGraW dir dir dir dir watDirNW dirWatSE wat wat wat wat wat wat wat wat wat wat wat wat wat dirWatNW dirWatN dirWatN dirWatN dirWatN dirWatN dirWatN dirWatNE wat wat 
wat wat dirWatW dir dir dir dir dir dir watDirSW dirWatNE wat wat wat wat wat wat wat wat wat wat wat wat wat dirWatW dir dir dir dir dirGraE gra gra gra gra gra gra gra gra gra gra gra gra gra dirGraNW dirGraN graDirSE dir dir dir watDirNW dirWatSE wat wat wat wat wat wat wat wat wat wat wat wat wat wat wat wat wat wat wat wat wat wat wat wat wat wat wat wat wat wat wat dirWatSW watDirNE dir dirGraE gra gra gra gra gra gra gra gra gra gra gra gra dirGraW dir dir dir dir dirWatE wat wat wat wat wat wat wat wat wat wat wat wat wat dirWatNW watDirSE dir dir dir dir dir dir dirWatE wat wat 
wat wat dirWatW dir dir dir dir dir dir dir watDirSW dirWatNE wat wat wat wat wat wat wat wat wat wat wat wat dirWatSW watDirNE dir dir dir graDirSW dirGraNE gra gra gra gra gra gra gra gra gra gra dirGraNW dirGraN graDirSE dir dir watDirNW dirWatS dirWatS dirWatSE wat wat wat wat wat wat wat wat wat wat wat wat wat wat wat wat wat wat wat wat wat wat wat wat wat wat wat wat wat wat wat wat wat dirWatW dir graDirSW dirGraNE gra gra gra gra gra gra gra gra gra gra dirGraNW graDirSE dir dir dir watDirNW dirWatSE wat wat wat wat wat wat wat wat wat wat wat wat dirWatNW watDirSE dir dir dir dir dir dir dir dirWatE wat wat 
wat wat dirWatW dir dir owNW owNE dir dir dir dir dirWatE wat wat wat wat wat wat wat wat wat wat wat wat wat dirWatSW watDirNE dir dir dir graDirSW dirGraN dirGraN dirGraN dirGraN dirGraN dirGraN dirGraN dirGraNE gra dirGraNW graDirSE dir dir dir dir dirWatE wat wat wat wat wat wat wat wat wat wat wat wat wat wat wat wat wat wat wat wat wat wat wat wat wat wat wat wat wat wat wat wat wat wat wat wat dirWatW dir dir graDirSW dirGraNE gra dirGraNW dirGraN dirGraN dirGraN dirGraN dirGraN dirGraN dirGraN graDirSE dir dir dir watDirNW dirWatSE wat wat wat wat wat wat wat wat wat wat wat wat wat dirWatW dir dir dir dir owNW owNE dir dir dirWatE wat wat 
wat wat dirWatW dir dir owSW owSE watDirNE dir dir dir dirWatE wat wat wat wat wat wat wat wat wat wat wat wat wat wat dirWatSW watDirNE dir dir dir dir dir dir dir dir dir dir graDirSW dirGraN graDirSE dir dir dir dir watDirNW dirWatSE wat wat wat wat wat wat wat wat wat wat wat wat wat wat wat wat wat wat wat wat wat wat wat wat wat wat wat wat wat wat wat wat wat wat wat wat dirWatW dir dir dir graDirSW dirGraN graDirSE dir dir dir dir dir dir dir dir dir dir watDirNW dirWatSE wat wat wat wat wat wat wat wat wat wat wat wat wat wat dirWatW dir dir dir watDirNW owSW owSE dir dir dirWatE wat wat 
wat wat dirWatW dir dir dir watDirSW watDirSE dir watDirNW dirWatS dirWatSE wat wat wat wat wat wat wat wat wat wat wat wat wat wat wat dirWatW dir dir watDirNW dirWatS dirWatS dirWatS dirWatS dirWatS dirWatS dirWatS dirWatS dirWatS dirWatS dirWatS dirWatS dirWatS dirWatS dirWatSE wat wat wat wat wat wat wat wat wat wat wat wat wat wat wat wat wat wat wat wat wat wat wat wat wat wat wat wat wat wat wat wat wat wat wat wat wat dirWatSW dirWatS dirWatS dirWatS dirWatS dirWatS dirWatS dirWatS dirWatS dirWatS dirWatS dirWatS dirWatS dirWatS watDirNE dir dir dirWatE wat wat wat wat wat wat wat wat wat wat wat wat wat wat wat dirWatSW dirWatS watDirNE dir watDirSW watDirSE dir dir dir dirWatE wat wat 
wat wat dirWatSW watDirNE dir dir dir dir dir dirWatE wat wat wat wat wat wat wat wat wat wat wat wat wat wat wat wat wat dirWatSW dirWatS dirWatS dirWatSE wat wat wat wat wat wat wat wat wat wat wat wat wat wat wat wat wat wat wat wat wat wat wat wat wat wat wat wat wat wat wat wat wat wat wat wat wat wat wat wat wat wat wat wat wat wat wat wat wat wat wat wat wat wat wat wat wat wat wat wat wat wat wat wat wat wat dirWatSW dirWatS dirWatS dirWatSE wat wat wat wat wat wat wat wat wat wat wat wat wat wat wat wat wat dirWatW dir dir dir dir dir watDirNW dirWatSE wat wat 
wat wat wat dirWatSW dirWatS dirWatS dirWatS dirWatS dirWatS dirWatSE wat wat wat wat wat wat wat wat wat wat wat wat wat wat wat wat wat wat wat wat wat wat wat wat wat wat wat wat wat wat wat wat wat wat wat wat wat wat wat wat wat wat wat wat wat wat wat wat wat wat wat wat wat wat wat wat wat wat wat wat wat wat wat wat wat wat wat wat wat wat wat wat wat wat wat wat wat wat wat wat wat wat wat wat wat wat wat wat wat wat wat wat wat wat wat wat wat wat wat wat wat wat wat wat wat wat wat wat dirWatSW dirWatS dirWatS dirWatS dirWatS dirWatS dirWatSE wat wat wat 
wat wat wat wat wat wat wat wat wat wat wat wat wat wat wat wat wat wat wat wat wat wat wat wat wat wat wat wat wat wat wat wat wat wat wat wat wat wat wat wat wat wat wat wat wat wat wat wat wat wat wat wat wat wat wat wat wat wat wat wat wat wat wat wat wat wat wat wat wat wat wat wat wat wat wat wat wat wat wat wat wat wat wat wat wat wat wat wat wat wat wat wat wat wat wat wat wat wat wat wat wat wat wat wat wat wat wat wat wat wat wat wat wat wat wat wat wat wat wat wat wat wat wat wat wat wat wat wat 
wat wat wat wat wat wat wat wat wat wat wat wat wat wat wat wat wat wat wat wat wat wat wat wat wat wat wat wat wat wat wat wat wat wat wat wat wat wat wat wat wat wat wat wat wat wat wat wat wat wat wat wat wat wat wat wat wat wat wat wat wat wat wat wat wat wat wat wat wat wat wat wat wat wat wat wat wat wat wat wat wat wat wat wat wat wat wat wat wat wat wat wat wat wat wat wat wat wat wat wat wat wat wat wat wat wat wat wat wat wat wat wat wat wat wat wat wat wat wat wat wat wat wat wat wat wat wat wat 
wat wat wat wat wat wat wat wat wat wat wat wat wat wat wat wat wat wat wat wat wat wat wat wat wat wat wat wat wat wat wat wat wat wat wat wat wat wat wat wat wat wat wat wat wat wat wat wat wat wat wat wat wat wat wat wat wat wat wat wat wat wat wat wat wat wat wat wat wat wat wat wat wat wat wat wat wat wat wat wat wat wat wat wat wat wat wat wat wat wat wat wat wat wat wat wat wat wat wat wat wat wat wat wat wat wat wat wat wat wat wat wat wat wat wat wat wat wat wat wat wat wat wat wat wat wat wat wat 
